192.0.2.10 - - [25/Jan/2024:16:09:13 +0000] "HEAD /css/style.css?lookup=page HTTP/1.1" 200 2535 "http://example.com" "curl/7.68.0"
192.168.1.10 - - [25/Jan/2024:16:09:21 +0000] "OPTIONS /api/data?search=blog&offset=28 HTTP/1.1" 200 3135 "-" "Mozilla/5.0 (Windows NT 10.0; Win64; x64; rv:121.0) Gecko/20100101 Firefox/121.0"
192.0.2.1 - - [25/Jan/2024:16:09:29 +0000] "GET /index.php HTTP/1.1" 200 3357 "https://google.com" "Googlebot/2.1"
192.168.1.40 - - [25/Jan/2024:16:09:32 +0000] "PUT /services.php HTTP/1.1" 200 3255 "https://yandex.ru" "Mozilla/5.0 (X11; Linux x86_64) AppleWebKit/537.36 (KHTML, like Gecko) Chrome/120.0.0.0 Safari/537.36"
203.0.113.1 - - [25/Jan/2024:16:09:38 +0000] "GET /index.php?find=test&sort=12 HTTP/1.1" 200 4582 "http://example.com" "Mozilla/5.0 (X11; Linux x86_64) AppleWebKit/537.36 (KHTML, like Gecko) Chrome/120.0.0.0 Safari/537.36"
172.16.0.15 - - [25/Jan/2024:16:09:45 +0000] "POST /index.php HTTP/1.1" 200 4231 "https://google.com" "Mozilla/5.0 (Windows NT 10.0; Win64; x64) AppleWebKit/537.36 (KHTML, like Gecko) Chrome/120.0.0.0 Safari/537.36"
198.51.100.10 - - [25/Jan/2024:16:09:50 +0000] "POST /images/logo.png HTTP/1.1" 200 3004 "http://example.com/search" "PostmanRuntime/7.32.0"
10.0.0.1 - - [25/Jan/2024:16:09:54 +0000] "HEAD /robots.txt?query=get HTTP/1.1" 404 0 "-" "Googlebot/2.1"
10.0.0.10 - - [25/Jan/2024:16:09:58 +0000] "GET /favicon.ico HTTP/1.1" 302 0 "http://example.com" "Mozilla/5.0 (iPhone; CPU iPhone OS 17_0 like Mac OS X) AppleWebKit/605.1.15 (KHTML, like Gecko) Version/17.0 Mobile/15E148 Safari/604.1"
192.168.1.30 - - [25/Jan/2024:16:10:04 +0000] "DELETE /api/data?query=get&sort=3 HTTP/1.1" 200 2093 "https://yandex.ru" "Mozilla/5.0 (X11; Linux x86_64) AppleWebKit/537.36 (KHTML, like Gecko) Chrome/120.0.0.0 Safari/537.36"
192.168.1.40 - - [25/Jan/2024:16:10:13 +0000] "GET /js/main.js HTTP/1.1" 404 0 "https://yandex.ru" "Mozilla/5.0 (Windows NT 10.0; Win64; x64) AppleWebKit/537.36 (KHTML, like Gecko) Chrome/120.0.0.0 Safari/537.36"
10.0.0.10 - - [25/Jan/2024:16:10:18 +0000] "GET /admin/users.php HTTP/1.1" 200 4483 "https://google.com" "Mozilla/5.0 (Macintosh; Intel Mac OS X 10_15_7) AppleWebKit/537.36 (KHTML, like Gecko) Chrome/120.0.0.0 Safari/537.36"
192.0.2.1 - - [25/Jan/2024:16:10:27 +0000] "HEAD /api/data HTTP/1.1" 200 2008 "-" "Mozilla/5.0 (X11; Linux x86_64) AppleWebKit/537.36 (KHTML, like Gecko) Chrome/120.0.0.0 Safari/537.36"
192.0.2.1 - - [25/Jan/2024:16:10:36 +0000] "DELETE /user/settings.php HTTP/1.1" 301 0 "https://google.com" "Googlebot/2.1"
10.0.0.20 - - [25/Jan/2024:16:10:37 +0000] "DELETE /api/data HTTP/1.1" 200 4894 "https://yandex.ru" "Mozilla/5.0 (Macintosh; Intel Mac OS X 10_15_7) AppleWebKit/537.36 (KHTML, like Gecko) Chrome/120.0.0.0 Safari/537.36"
172.16.0.5 - - [25/Jan/2024:16:10:47 +0000] "POST /products.php HTTP/1.1" 200 4683 "-" "Mozilla/5.0 (Windows NT 10.0; Win64; x64) AppleWebKit/537.36 (KHTML, like Gecko) Chrome/120.0.0.0 Safari/537.36"
127.0.0.1 - - [25/Jan/2024:16:10:54 +0000] "HEAD /api/users HTTP/1.1" 200 3159 "-" "curl/7.68.0"
172.16.0.10 - - [25/Jan/2024:16:10:58 +0000] "GET /about.php?term=news&offset=9 HTTP/1.1" 200 4211 "http://example.com/search" "Mozilla/5.0 (Macintosh; Intel Mac OS X 10_15_7) AppleWebKit/537.36 (KHTML, like Gecko) Chrome/120.0.0.0 Safari/537.36"
192.0.2.10 - - [25/Jan/2024:16:11:08 +0000] "DELETE /admin/login.php HTTP/1.1" 200 3245 "http://example.com/search" "Mozilla/5.0 (Windows NT 10.0; Win64; x64) AppleWebKit/537.36 (KHTML, like Gecko) Chrome/120.0.0.0 Safari/537.36"
172.16.0.5 - - [25/Jan/2024:16:11:16 +0000] "PUT /js/main.js?find=post HTTP/1.1" 200 4110 "http://example.com" "Googlebot/2.1"
203.0.113.10 - - [25/Jan/2024:16:11:26 +0000] "PUT /checkout.php HTTP/1.1" 200 3213 "http://example.com" "PostmanRuntime/7.32.0"
192.168.1.20 - - [25/Jan/2024:16:11:28 +0000] "OPTIONS /sitemap.xml HTTP/1.1" 200 3123 "https://google.com" "python-requests/2.28.0"
192.168.1.40 - - [25/Jan/2024:16:11:36 +0000] "DELETE /payment.php HTTP/1.1" 200 3803 "http://example.com" "curl/7.68.0"
10.0.0.1 - - [25/Jan/2024:16:11:37 +0000] "PUT /api/data HTTP/1.1" 200 2748 "-" "curl/7.68.0"
172.16.0.1 - - [25/Jan/2024:16:11:43 +0000] "OPTIONS /index.php HTTP/1.1" 200 3812 "http://example.com" "Mozilla/5.0 (X11; Linux x86_64) AppleWebKit/537.36 (KHTML, like Gecko) Chrome/120.0.0.0 Safari/537.36"
10.0.0.15 - - [25/Jan/2024:16:11:48 +0000] "GET /about.php?term=data HTTP/1.1" 200 2053 "https://google.com" "Mozilla/5.0 (iPhone; CPU iPhone OS 17_0 like Mac OS X) AppleWebKit/605.1.15 (KHTML, like Gecko) Version/17.0 Mobile/15E148 Safari/604.1"
172.16.0.10 - - [25/Jan/2024:16:11:54 +0000] "OPTIONS /api/search HTTP/1.1" 200 1005 "-" "PostmanRuntime/7.32.0"
192.168.1.40 - - [25/Jan/2024:16:11:59 +0000] "HEAD /api/data?q=world&limit=66 HTTP/1.1" 200 682 "http://example.com" "Mozilla/5.0 (Windows NT 10.0; Win64; x64) AppleWebKit/537.36 (KHTML, like Gecko) Chrome/120.0.0.0 Safari/537.36"
10.0.0.1 - - [25/Jan/2024:16:12:00 +0000] "GET /robots.txt HTTP/1.1" 200 4194 "-" "Mozilla/5.0 (iPhone; CPU iPhone OS 17_0 like Mac OS X) AppleWebKit/605.1.15 (KHTML, like Gecko) Version/17.0 Mobile/15E148 Safari/604.1"
172.16.0.5 - - [25/Jan/2024:16:12:04 +0000] "HEAD /home.php?search=news&sort=18 HTTP/1.1" 200 4466 "https://yandex.ru" "Mozilla/5.0 (Windows NT 10.0; Win64; x64; rv:121.0) Gecko/20100101 Firefox/121.0"
203.0.113.10 - - [25/Jan/2024:16:12:10 +0000] "PUT /news.php HTTP/1.1" 200 2511 "https://google.com" "Mozilla/5.0 (iPhone; CPU iPhone OS 17_0 like Mac OS X) AppleWebKit/605.1.15 (KHTML, like Gecko) Version/17.0 Mobile/15E148 Safari/604.1"
192.168.1.20 - - [25/Jan/2024:16:12:11 +0000] "POST /admin/login.php?search=info&sort=39 HTTP/1.1" 200 1936 "-" "python-requests/2.28.0"
10.0.0.20 - - [25/Jan/2024:16:12:14 +0000] "HEAD /user/profile.php?find=show HTTP/1.1" 200 722 "https://yandex.ru" "Mozilla/5.0 (Windows NT 10.0; Win64; x64; rv:121.0) Gecko/20100101 Firefox/121.0"
198.51.100.10 - - [25/Jan/2024:16:12:16 +0000] "GET /index.php HTTP/1.1" 302 0 "https://yandex.ru" "Mozilla/5.0 (Android 13; Mobile; rv:121.0) Gecko/121.0 Firefox/121.0"
198.51.100.10 - - [25/Jan/2024:16:12:21 +0000] "OPTIONS /home.php HTTP/1.1" 200 4039 "-" "Mozilla/5.0 (iPhone; CPU iPhone OS 17_0 like Mac OS X) AppleWebKit/605.1.15 (KHTML, like Gecko) Version/17.0 Mobile/15E148 Safari/604.1"
172.16.0.15 - - [25/Jan/2024:16:12:31 +0000] "POST /api/data HTTP/1.1" 200 2753 "-" "Mozilla/5.0 (Android 13; Mobile; rv:121.0) Gecko/121.0 Firefox/121.0"
198.51.100.1 - - [25/Jan/2024:16:12:39 +0000] "DELETE /admin/dashboard.php?q=index&page=95 HTTP/1.1" 404 0 "http://example.com" "python-requests/2.28.0"
172.16.0.1 - - [25/Jan/2024:16:12:44 +0000] "DELETE /sitemap.xml?find=hello&page=56 HTTP/1.1" 200 2570 "http://example.com/search" "Mozilla/5.0 (iPhone; CPU iPhone OS 17_0 like Mac OS X) AppleWebKit/605.1.15 (KHTML, like Gecko) Version/17.0 Mobile/15E148 Safari/604.1"
203.0.113.1 - - [25/Jan/2024:16:12:51 +0000] "GET /robots.txt HTTP/1.1" 200 1132 "https://google.com" "Mozilla/5.0 (X11; Linux x86_64) AppleWebKit/537.36 (KHTML, like Gecko) Chrome/120.0.0.0 Safari/537.36"
203.0.113.20 - - [25/Jan/2024:16:12:59 +0000] "OPTIONS /payment.php?keyword=post&offset=52 HTTP/1.1" 200 1595 "-" "curl/7.68.0"
192.0.2.10 - - [25/Jan/2024:16:13:08 +0000] "OPTIONS /sitemap.xml?q=query HTTP/1.1" 200 1939 "https://yandex.ru" "python-requests/2.28.0"
10.0.0.15 - - [25/Jan/2024:16:13:18 +0000] "HEAD /user/profile.php?keyword=index&page=21 HTTP/1.1" 200 2133 "https://yandex.ru" "Mozilla/5.0 (Android 13; Mobile; rv:121.0) Gecko/121.0 Firefox/121.0"
192.0.2.10 - - [25/Jan/2024:16:13:23 +0000] "PUT /css/style.css?find=contact&page=7 HTTP/1.1" 404 0 "https://google.com" "Mozilla/5.0 (Windows NT 10.0; Win64; x64) AppleWebKit/537.36 (KHTML, like Gecko) Chrome/120.0.0.0 Safari/537.36"
192.168.1.30 - - [25/Jan/2024:16:13:31 +0000] "OPTIONS /css/style.css HTTP/1.1" 200 426 "-" "Mozilla/5.0 (Windows NT 10.0; Win64; x64; rv:121.0) Gecko/20100101 Firefox/121.0"
10.0.0.10 - - [25/Jan/2024:16:13:40 +0000] "GET /cart.php?query=find HTTP/1.1" 200 3156 "http://example.com" "curl/7.68.0"
127.0.0.1 - - [25/Jan/2024:16:13:50 +0000] "PUT /search.php?query=find HTTP/1.1" 200 965 "http://example.com/search" "python-requests/2.28.0"
172.16.0.5 - - [25/Jan/2024:16:13:55 +0000] "POST /search.php?find=query&offset=21 HTTP/1.1" 200 4317 "https://google.com" "Mozilla/5.0 (Windows NT 10.0; Win64; x64; rv:121.0) Gecko/20100101 Firefox/121.0"
172.16.0.1 - - [25/Jan/2024:16:14:03 +0000] "PUT /sitemap.xml?lookup=get&page=73 HTTP/1.1" 200 1216 "https://google.com" "PostmanRuntime/7.32.0"
192.0.2.10 - - [25/Jan/2024:16:14:13 +0000] "POST /blog.php HTTP/1.1" 200 3347 "http://example.com" "PostmanRuntime/7.32.0"
172.16.0.1 - - [25/Jan/2024:16:14:14 +0000] "GET /products.php HTTP/1.1" 200 2123 "https://yandex.ru" "Mozilla/5.0 (Macintosh; Intel Mac OS X 10_15_7) AppleWebKit/537.36 (KHTML, like Gecko) Chrome/120.0.0.0 Safari/537.36"
198.51.100.1 - - [25/Jan/2024:16:14:22 +0000] "PUT /robots.txt?keyword=page&page=88 HTTP/1.1" 200 1575 "http://example.com" "Mozilla/5.0 (Macintosh; Intel Mac OS X 10_15_7) AppleWebKit/537.36 (KHTML, like Gecko) Chrome/120.0.0.0 Safari/537.36"
10.0.0.10 - - [25/Jan/2024:16:14:28 +0000] "DELETE /news.php?search=user&offset=19 HTTP/1.1" 200 4549 "http://example.com/search" "Mozilla/5.0 (Android 13; Mobile; rv:121.0) Gecko/121.0 Firefox/121.0"
192.0.2.1 - - [25/Jan/2024:16:14:36 +0000] "OPTIONS /user/settings.php?keyword=post&page=28 HTTP/1.1" 404 0 "http://example.com/search" "Mozilla/5.0 (Android 13; Mobile; rv:121.0) Gecko/121.0 Firefox/121.0"
127.0.0.1 - - [25/Jan/2024:16:14:46 +0000] "PUT /services.php?lookup=contact&offset=92 HTTP/1.1" 200 4334 "https://yandex.ru" "Mozilla/5.0 (Windows NT 10.0; Win64; x64; rv:121.0) Gecko/20100101 Firefox/121.0"
203.0.113.10 - - [25/Jan/2024:16:14:54 +0000] "DELETE /checkout.php?lookup=list HTTP/1.1" 200 285 "http://example.com/search" "Googlebot/2.1"
203.0.113.20 - - [25/Jan/2024:16:15:04 +0000] "GET /robots.txt HTTP/1.1" 200 1847 "http://example.com/search" "Googlebot/2.1"
10.0.0.20 - - [25/Jan/2024:16:15:08 +0000] "DELETE /news.php HTTP/1.1" 200 2614 "https://google.com" "Mozilla/5.0 (iPhone; CPU iPhone OS 17_0 like Mac OS X) AppleWebKit/605.1.15 (KHTML, like Gecko) Version/17.0 Mobile/15E148 Safari/604.1"
172.16.0.15 - - [25/Jan/2024:16:15:11 +0000] "PUT /images/logo.png?query=post HTTP/1.1" 200 1749 "https://yandex.ru" "curl/7.68.0"
192.168.1.10 - - [25/Jan/2024:16:15:18 +0000] "HEAD /home.php?q=post HTTP/1.1" 200 1520 "-" "Mozilla/5.0 (Windows NT 10.0; Win64; x64) AppleWebKit/537.36 (KHTML, like Gecko) Chrome/120.0.0.0 Safari/537.36"
10.0.0.10 - - [25/Jan/2024:16:15:23 +0000] "POST /api/data?keyword=test HTTP/1.1" 200 4178 "https://yandex.ru" "curl/7.68.0"
10.0.0.20 - - [25/Jan/2024:16:15:28 +0000] "POST /admin/login.php HTTP/1.1" 200 1211 "-" "Mozilla/5.0 (Windows NT 10.0; Win64; x64; rv:121.0) Gecko/20100101 Firefox/121.0"
203.0.113.10 - - [25/Jan/2024:16:15:36 +0000] "OPTIONS /sitemap.xml?find=get&sort=57 HTTP/1.1" 200 1698 "https://google.com" "Mozilla/5.0 (Windows NT 10.0; Win64; x64) AppleWebKit/537.36 (KHTML, like Gecko) Chrome/120.0.0.0 Safari/537.36"
172.16.0.15 - - [25/Jan/2024:16:15:46 +0000] "POST /js/main.js?search=article&sort=40 HTTP/1.1" 404 0 "http://example.com" "Googlebot/2.1"
203.0.113.20 - - [25/Jan/2024:16:15:50 +0000] "PUT /news.php?q=info&offset=85 HTTP/1.1" 200 2161 "-" "Mozilla/5.0 (Windows NT 10.0; Win64; x64; rv:121.0) Gecko/20100101 Firefox/121.0"
198.51.100.10 - - [25/Jan/2024:16:15:53 +0000] "PUT /images/logo.png?lookup=show&page=99 HTTP/1.1" 200 152 "https://yandex.ru" "Mozilla/5.0 (iPhone; CPU iPhone OS 17_0 like Mac OS X) AppleWebKit/605.1.15 (KHTML, like Gecko) Version/17.0 Mobile/15E148 Safari/604.1"
203.0.113.10 - - [25/Jan/2024:16:15:55 +0000] "DELETE /user/profile.php?lookup=about&offset=84 HTTP/1.1" 200 4779 "https://google.com" "Mozilla/5.0 (Macintosh; Intel Mac OS X 10_15_7) AppleWebKit/537.36 (KHTML, like Gecko) Chrome/120.0.0.0 Safari/537.36"
203.0.113.1 - - [25/Jan/2024:16:16:05 +0000] "POST /checkout.php?search=post&sort=34 HTTP/1.1" 200 759 "http://example.com" "Mozilla/5.0 (X11; Linux x86_64) AppleWebKit/537.36 (KHTML, like Gecko) Chrome/120.0.0.0 Safari/537.36"
192.168.1.10 - - [25/Jan/2024:16:16:08 +0000] "OPTIONS /api/data?query=search HTTP/1.1" 301 0 "https://google.com" "Mozilla/5.0 (X11; Linux x86_64) AppleWebKit/537.36 (KHTML, like Gecko) Chrome/120.0.0.0 Safari/537.36"
192.168.1.40 - - [25/Jan/2024:16:16:09 +0000] "PUT /api/users?q=user&offset=59 HTTP/1.1" 200 4966 "http://example.com" "python-requests/2.28.0"
10.0.0.1 - - [25/Jan/2024:16:16:14 +0000] "POST /api/data HTTP/1.1" 200 970 "http://example.com/search" "Mozilla/5.0 (Windows NT 10.0; Win64; x64; rv:121.0) Gecko/20100101 Firefox/121.0"
198.51.100.1 - - [25/Jan/2024:16:16:21 +0000] "POST /favicon.ico HTTP/1.1" 200 4616 "http://example.com" "Mozilla/5.0 (iPhone; CPU iPhone OS 17_0 like Mac OS X) AppleWebKit/605.1.15 (KHTML, like Gecko) Version/17.0 Mobile/15E148 Safari/604.1"
127.0.0.1 - - [25/Jan/2024:16:16:25 +0000] "GET /search.php HTTP/1.1" 302 0 "https://yandex.ru" "Mozilla/5.0 (Android 13; Mobile; rv:121.0) Gecko/121.0 Firefox/121.0"
192.168.1.30 - - [25/Jan/2024:16:16:32 +0000] "OPTIONS /api/data HTTP/1.1" 200 3996 "-" "Mozilla/5.0 (Windows NT 10.0; Win64; x64) AppleWebKit/537.36 (KHTML, like Gecko) Chrome/120.0.0.0 Safari/537.36"
10.0.0.10 - - [25/Jan/2024:16:16:33 +0000] "HEAD /index.php?term=search&offset=97 HTTP/1.1" 200 1743 "http://example.com" "curl/7.68.0"
203.0.113.20 - - [25/Jan/2024:16:16:39 +0000] "POST /user/settings.php HTTP/1.1" 200 1034 "http://example.com" "Mozilla/5.0 (Windows NT 10.0; Win64; x64; rv:121.0) Gecko/20100101 Firefox/121.0"
10.0.0.20 - - [25/Jan/2024:16:16:41 +0000] "POST /admin/login.php HTTP/1.1" 200 2186 "http://example.com" "Mozilla/5.0 (Windows NT 10.0; Win64; x64) AppleWebKit/537.36 (KHTML, like Gecko) Chrome/120.0.0.0 Safari/537.36"
172.16.0.1 - - [25/Jan/2024:16:16:49 +0000] "DELETE /css/style.css?term=query HTTP/1.1" 200 530 "-" "Mozilla/5.0 (X11; Linux x86_64) AppleWebKit/537.36 (KHTML, like Gecko) Chrome/120.0.0.0 Safari/537.36"
10.0.0.15 - - [25/Jan/2024:16:16:55 +0000] "OPTIONS /css/style.css HTTP/1.1" 200 4031 "-" "PostmanRuntime/7.32.0"
192.168.1.10 - - [25/Jan/2024:16:16:58 +0000] "OPTIONS /sitemap.xml?find=user HTTP/1.1" 200 1822 "https://google.com" "Mozilla/5.0 (iPhone; CPU iPhone OS 17_0 like Mac OS X) AppleWebKit/605.1.15 (KHTML, like Gecko) Version/17.0 Mobile/15E148 Safari/604.1"
203.0.113.10 - - [25/Jan/2024:16:17:02 +0000] "OPTIONS /admin/users.php?query=info HTTP/1.1" 200 3138 "https://google.com" "Mozilla/5.0 (Windows NT 10.0; Win64; x64) AppleWebKit/537.36 (KHTML, like Gecko) Chrome/120.0.0.0 Safari/537.36"
192.0.2.10 - - [25/Jan/2024:16:17:05 +0000] "HEAD /index.php?find=query HTTP/1.1" 200 1732 "https://yandex.ru" "Mozilla/5.0 (Windows NT 10.0; Win64; x64; rv:121.0) Gecko/20100101 Firefox/121.0"
198.51.100.1 - - [25/Jan/2024:16:17:08 +0000] "GET /services.php?q=query&page=91 HTTP/1.1" 200 102 "https://yandex.ru" "Googlebot/2.1"
172.16.0.15 - - [25/Jan/2024:16:17:18 +0000] "PUT /api/search?term=test HTTP/1.1" 200 2743 "https://yandex.ru" "Mozilla/5.0 (Windows NT 10.0; Win64; x64) AppleWebKit/537.36 (KHTML, like Gecko) Chrome/120.0.0.0 Safari/537.36"
192.168.1.20 - - [25/Jan/2024:16:17:20 +0000] "DELETE /index.php?q=page&page=48 HTTP/1.1" 200 4111 "https://google.com" "Mozilla/5.0 (iPhone; CPU iPhone OS 17_0 like Mac OS X) AppleWebKit/605.1.15 (KHTML, like Gecko) Version/17.0 Mobile/15E148 Safari/604.1"
198.51.100.1 - - [25/Jan/2024:16:17:23 +0000] "POST /images/logo.png HTTP/1.1" 200 3351 "https://google.com" "Mozilla/5.0 (Windows NT 10.0; Win64; x64; rv:121.0) Gecko/20100101 Firefox/121.0"
10.0.0.20 - - [25/Jan/2024:16:17:32 +0000] "GET /services.php?query=display HTTP/1.1" 200 4317 "-" "Mozilla/5.0 (Macintosh; Intel Mac OS X 10_15_7) AppleWebKit/537.36 (KHTML, like Gecko) Chrome/120.0.0.0 Safari/537.36"
10.0.0.1 - - [25/Jan/2024:16:17:36 +0000] "PUT /admin/dashboard.php HTTP/1.1" 200 2539 "http://example.com/search" "python-requests/2.28.0"
192.168.1.40 - - [25/Jan/2024:16:17:42 +0000] "DELETE /about.php?search=post HTTP/1.1" 200 637 "https://google.com" "python-requests/2.28.0"
10.0.0.20 - - [25/Jan/2024:16:17:50 +0000] "PUT /search.php?query=find HTTP/1.1" 200 1810 "http://example.com" "Mozilla/5.0 (Windows NT 10.0; Win64; x64; rv:121.0) Gecko/20100101 Firefox/121.0"
203.0.113.20 - - [25/Jan/2024:16:17:54 +0000] "DELETE /blog.php?keyword=get&sort=77 HTTP/1.1" 304 0 "-" "Mozilla/5.0 (Windows NT 10.0; Win64; x64; rv:121.0) Gecko/20100101 Firefox/121.0"
198.51.100.1 - - [25/Jan/2024:16:18:04 +0000] "HEAD /css/style.css HTTP/1.1" 200 3077 "http://example.com" "Mozilla/5.0 (X11; Linux x86_64) AppleWebKit/537.36 (KHTML, like Gecko) Chrome/120.0.0.0 Safari/537.36"
172.16.0.10 - - [25/Jan/2024:16:18:06 +0000] "PUT /search.php?keyword=world&offset=94 HTTP/1.1" 200 1071 "-" "Mozilla/5.0 (Macintosh; Intel Mac OS X 10_15_7) AppleWebKit/537.36 (KHTML, like Gecko) Chrome/120.0.0.0 Safari/537.36"
10.0.0.5 - - [25/Jan/2024:16:18:16 +0000] "DELETE /search.php HTTP/1.1" 304 0 "http://example.com/search" "Mozilla/5.0 (Windows NT 10.0; Win64; x64) AppleWebKit/537.36 (KHTML, like Gecko) Chrome/120.0.0.0 Safari/537.36"
127.0.0.1 - - [25/Jan/2024:16:18:21 +0000] "PUT /blog.php?query=user&page=60 HTTP/1.1" 200 4377 "http://example.com/search" "curl/7.68.0"
10.0.0.15 - - [25/Jan/2024:16:18:24 +0000] "HEAD /payment.php HTTP/1.1" 200 4823 "https://google.com" "Mozilla/5.0 (iPhone; CPU iPhone OS 17_0 like Mac OS X) AppleWebKit/605.1.15 (KHTML, like Gecko) Version/17.0 Mobile/15E148 Safari/604.1"
10.0.0.5 - - [25/Jan/2024:16:18:33 +0000] "OPTIONS /user/profile.php?find=search&limit=80 HTTP/1.1" 200 2198 "https://yandex.ru" "Mozilla/5.0 (X11; Linux x86_64) AppleWebKit/537.36 (KHTML, like Gecko) Chrome/120.0.0.0 Safari/537.36"
192.0.2.1 - - [25/Jan/2024:16:18:40 +0000] "GET /blog.php?q=service&sort=38 HTTP/1.1" 200 4190 "https://google.com" "Mozilla/5.0 (iPhone; CPU iPhone OS 17_0 like Mac OS X) AppleWebKit/605.1.15 (KHTML, like Gecko) Version/17.0 Mobile/15E148 Safari/604.1"
10.0.0.1 - - [25/Jan/2024:16:18:43 +0000] "DELETE /admin/login.php HTTP/1.1" 200 3131 "http://example.com" "Mozilla/5.0 (iPhone; CPU iPhone OS 17_0 like Mac OS X) AppleWebKit/605.1.15 (KHTML, like Gecko) Version/17.0 Mobile/15E148 Safari/604.1"
192.168.1.20 - - [25/Jan/2024:16:18:48 +0000] "HEAD /about.php HTTP/1.1" 200 4559 "https://yandex.ru" "Mozilla/5.0 (Windows NT 10.0; Win64; x64) AppleWebKit/537.36 (KHTML, like Gecko) Chrome/120.0.0.0 Safari/537.36"
203.0.113.20 - - [25/Jan/2024:16:18:57 +0000] "OPTIONS /favicon.ico?lookup=index&offset=83 HTTP/1.1" 200 1216 "http://example.com" "python-requests/2.28.0"
172.16.0.5 - - [25/Jan/2024:16:19:00 +0000] "HEAD /index.php HTTP/1.1" 200 1420 "-" "curl/7.68.0"
203.0.113.1 - - [25/Jan/2024:16:19:02 +0000] "DELETE /checkout.php?lookup=article&limit=61 HTTP/1.1" 200 4508 "https://google.com" "Mozilla/5.0 (X11; Linux x86_64) AppleWebKit/537.36 (KHTML, like Gecko) Chrome/120.0.0.0 Safari/537.36"
198.51.100.1 - - [25/Jan/2024:16:19:09 +0000] "DELETE /api/users?lookup=product HTTP/1.1" 200 3154 "http://example.com" "Mozilla/5.0 (iPhone; CPU iPhone OS 17_0 like Mac OS X) AppleWebKit/605.1.15 (KHTML, like Gecko) Version/17.0 Mobile/15E148 Safari/604.1"
192.168.1.10 - - [25/Jan/2024:16:19:16 +0000] "OPTIONS /contact.php?term=query&page=90 HTTP/1.1" 200 2606 "https://google.com" "Mozilla/5.0 (Windows NT 10.0; Win64; x64; rv:121.0) Gecko/20100101 Firefox/121.0"
172.16.0.5 - - [25/Jan/2024:16:19:18 +0000] "POST /home.php HTTP/1.1" 200 1521 "https://google.com" "Mozilla/5.0 (Macintosh; Intel Mac OS X 10_15_7) AppleWebKit/537.36 (KHTML, like Gecko) Chrome/120.0.0.0 Safari/537.36"
198.51.100.1 - - [25/Jan/2024:16:19:23 +0000] "PUT /news.php HTTP/1.1" 200 1246 "-" "curl/7.68.0"
10.0.0.1 - - [25/Jan/2024:16:19:25 +0000] "DELETE /js/main.js?search=get HTTP/1.1" 200 709 "http://example.com/search" "curl/7.68.0"
192.168.1.40 - - [25/Jan/2024:16:19:27 +0000] "POST /api/search?query=show HTTP/1.1" 200 1829 "https://yandex.ru" "Mozilla/5.0 (Android 13; Mobile; rv:121.0) Gecko/121.0 Firefox/121.0"
10.0.0.20 - - [25/Jan/2024:16:19:37 +0000] "HEAD /api/users?search=index HTTP/1.1" 200 4678 "http://example.com" "Mozilla/5.0 (X11; Linux x86_64) AppleWebKit/537.36 (KHTML, like Gecko) Chrome/120.0.0.0 Safari/537.36"
198.51.100.10 - - [25/Jan/2024:16:19:47 +0000] "PUT /favicon.ico?query=data&limit=27 HTTP/1.1" 200 285 "http://example.com/search" "PostmanRuntime/7.32.0"
10.0.0.10 - - [25/Jan/2024:16:19:56 +0000] "GET /admin/users.php HTTP/1.1" 200 3766 "-" "curl/7.68.0"
10.0.0.5 - - [25/Jan/2024:16:20:06 +0000] "POST /blog.php HTTP/1.1" 200 638 "http://example.com/search" "Mozilla/5.0 (Macintosh; Intel Mac OS X 10_15_7) AppleWebKit/537.36 (KHTML, like Gecko) Chrome/120.0.0.0 Safari/537.36"
10.0.0.5 - - [25/Jan/2024:16:20:07 +0000] "PUT /checkout.php?find=home&offset=53 HTTP/1.1" 200 2892 "http://example.com" "python-requests/2.28.0"
192.0.2.10 - - [25/Jan/2024:16:20:14 +0000] "POST /robots.txt?find=page HTTP/1.1" 200 2205 "http://example.com" "Mozilla/5.0 (Windows NT 10.0; Win64; x64) AppleWebKit/537.36 (KHTML, like Gecko) Chrome/120.0.0.0 Safari/537.36"
203.0.113.20 - - [25/Jan/2024:16:20:24 +0000] "HEAD /images/logo.png HTTP/1.1" 200 4159 "http://example.com" "PostmanRuntime/7.32.0"
192.0.2.1 - - [25/Jan/2024:16:20:26 +0000] "PUT /cart.php?keyword=query&page=60 HTTP/1.1" 200 1528 "https://google.com" "PostmanRuntime/7.32.0"
192.0.2.10 - - [25/Jan/2024:16:20:36 +0000] "HEAD /api/users HTTP/1.1" 200 2890 "http://example.com/search" "Mozilla/5.0 (Windows NT 10.0; Win64; x64) AppleWebKit/537.36 (KHTML, like Gecko) Chrome/120.0.0.0 Safari/537.36"
192.168.1.40 - - [25/Jan/2024:16:20:39 +0000] "OPTIONS /products.php HTTP/1.1" 301 0 "https://google.com" "Mozilla/5.0 (Macintosh; Intel Mac OS X 10_15_7) AppleWebKit/537.36 (KHTML, like Gecko) Chrome/120.0.0.0 Safari/537.36"
192.168.1.30 - - [25/Jan/2024:16:20:42 +0000] "OPTIONS /js/main.js?q=world&limit=31 HTTP/1.1" 200 3200 "http://example.com/search" "curl/7.68.0"
192.168.1.20 - - [25/Jan/2024:16:20:50 +0000] "HEAD /user/settings.php?query=info HTTP/1.1" 200 2196 "https://google.com" "Mozilla/5.0 (Windows NT 10.0; Win64; x64) AppleWebKit/537.36 (KHTML, like Gecko) Chrome/120.0.0.0 Safari/537.36"
203.0.113.1 - - [25/Jan/2024:16:20:57 +0000] "POST /favicon.ico?query=page&offset=62 HTTP/1.1" 200 4564 "https://yandex.ru" "Googlebot/2.1"
172.16.0.1 - - [25/Jan/2024:16:21:02 +0000] "OPTIONS /home.php?find=user HTTP/1.1" 200 1186 "https://google.com" "Mozilla/5.0 (Windows NT 10.0; Win64; x64) AppleWebKit/537.36 (KHTML, like Gecko) Chrome/120.0.0.0 Safari/537.36"
203.0.113.1 - - [25/Jan/2024:16:21:05 +0000] "GET /products.php?lookup=user&offset=93 HTTP/1.1" 200 4336 "https://yandex.ru" "Mozilla/5.0 (X11; Linux x86_64) AppleWebKit/537.36 (KHTML, like Gecko) Chrome/120.0.0.0 Safari/537.36"
198.51.100.1 - - [25/Jan/2024:16:21:07 +0000] "OPTIONS /sitemap.xml HTTP/1.1" 200 1149 "https://google.com" "Mozilla/5.0 (Android 13; Mobile; rv:121.0) Gecko/121.0 Firefox/121.0"
192.0.2.1 - - [25/Jan/2024:16:21:17 +0000] "HEAD /products.php?q=display HTTP/1.1" 200 3476 "-" "Googlebot/2.1"
192.0.2.10 - - [25/Jan/2024:16:21:22 +0000] "HEAD /js/main.js HTTP/1.1" 200 4965 "https://google.com" "PostmanRuntime/7.32.0"
10.0.0.1 - - [25/Jan/2024:16:21:31 +0000] "DELETE /admin/users.php?find=home&limit=61 HTTP/1.1" 200 662 "https://google.com" "python-requests/2.28.0"
203.0.113.20 - - [25/Jan/2024:16:21:35 +0000] "POST /user/profile.php?query=index&sort=72 HTTP/1.1" 200 3729 "http://example.com" "Googlebot/2.1"
10.0.0.1 - - [25/Jan/2024:16:21:45 +0000] "GET /api/search?search=home HTTP/1.1" 200 2450 "https://yandex.ru" "python-requests/2.28.0"
10.0.0.10 - - [25/Jan/2024:16:21:46 +0000] "HEAD /favicon.ico?term=page&sort=39 HTTP/1.1" 200 2265 "-" "Googlebot/2.1"
203.0.113.10 - - [25/Jan/2024:16:21:51 +0000] "PUT /api/search?lookup=test HTTP/1.1" 302 0 "https://google.com" "Mozilla/5.0 (Android 13; Mobile; rv:121.0) Gecko/121.0 Firefox/121.0"
10.0.0.1 - - [25/Jan/2024:16:21:59 +0000] "OPTIONS /api/search?query=contact&offset=81 HTTP/1.1" 200 4612 "-" "Mozilla/5.0 (X11; Linux x86_64) AppleWebKit/537.36 (KHTML, like Gecko) Chrome/120.0.0.0 Safari/537.36"
10.0.0.1 - - [25/Jan/2024:16:22:06 +0000] "GET /user/profile.php?lookup=article&page=46 HTTP/1.1" 200 4704 "http://example.com/search" "python-requests/2.28.0"
192.168.1.40 - - [25/Jan/2024:16:22:11 +0000] "POST /home.php?find=service HTTP/1.1" 200 1184 "-" "Mozilla/5.0 (Windows NT 10.0; Win64; x64) AppleWebKit/537.36 (KHTML, like Gecko) Chrome/120.0.0.0 Safari/537.36"
192.0.2.1 - - [25/Jan/2024:16:22:14 +0000] "OPTIONS /blog.php?lookup=index&page=62 HTTP/1.1" 200 811 "https://google.com" "Mozilla/5.0 (X11; Linux x86_64) AppleWebKit/537.36 (KHTML, like Gecko) Chrome/120.0.0.0 Safari/537.36"
198.51.100.10 - - [25/Jan/2024:16:22:22 +0000] "PUT /css/style.css HTTP/1.1" 403 0 "http://example.com/search" "python-requests/2.28.0"
127.0.0.1 - - [25/Jan/2024:16:22:30 +0000] "OPTIONS /favicon.ico?query=data HTTP/1.1" 200 4957 "-" "Mozilla/5.0 (Windows NT 10.0; Win64; x64) AppleWebKit/537.36 (KHTML, like Gecko) Chrome/120.0.0.0 Safari/537.36"
10.0.0.10 - - [25/Jan/2024:16:22:39 +0000] "POST /admin/dashboard.php?search=news&page=4 HTTP/1.1" 200 4353 "http://example.com/search" "Mozilla/5.0 (iPhone; CPU iPhone OS 17_0 like Mac OS X) AppleWebKit/605.1.15 (KHTML, like Gecko) Version/17.0 Mobile/15E148 Safari/604.1"
192.168.1.40 - - [25/Jan/2024:16:22:45 +0000] "OPTIONS /search.php?find=get&sort=20 HTTP/1.1" 200 4395 "http://example.com" "Mozilla/5.0 (Windows NT 10.0; Win64; x64) AppleWebKit/537.36 (KHTML, like Gecko) Chrome/120.0.0.0 Safari/537.36"
172.16.0.10 - - [25/Jan/2024:16:22:48 +0000] "GET /checkout.php HTTP/1.1" 200 4449 "https://yandex.ru" "Mozilla/5.0 (X11; Linux x86_64) AppleWebKit/537.36 (KHTML, like Gecko) Chrome/120.0.0.0 Safari/537.36"
198.51.100.1 - - [25/Jan/2024:16:22:54 +0000] "DELETE /user/settings.php?term=about&limit=95 HTTP/1.1" 200 1243 "http://example.com/search" "Mozilla/5.0 (Macintosh; Intel Mac OS X 10_15_7) AppleWebKit/537.36 (KHTML, like Gecko) Chrome/120.0.0.0 Safari/537.36"
10.0.0.1 - - [25/Jan/2024:16:23:04 +0000] "PUT /checkout.php HTTP/1.1" 200 4144 "http://example.com/search" "python-requests/2.28.0"
192.0.2.10 - - [25/Jan/2024:16:23:07 +0000] "HEAD /checkout.php?keyword=service&limit=51 HTTP/1.1" 200 1007 "https://yandex.ru" "python-requests/2.28.0"
198.51.100.10 - - [25/Jan/2024:16:23:16 +0000] "GET /api/search?query=test&page=52 HTTP/1.1" 200 3507 "http://example.com/search" "Mozilla/5.0 (X11; Linux x86_64) AppleWebKit/537.36 (KHTML, like Gecko) Chrome/120.0.0.0 Safari/537.36"
192.168.1.10 - - [25/Jan/2024:16:23:25 +0000] "PUT /index.php?search=hello&offset=84 HTTP/1.1" 200 3217 "http://example.com/search" "PostmanRuntime/7.32.0"
10.0.0.15 - - [25/Jan/2024:16:23:34 +0000] "POST /search.php HTTP/1.1" 200 3043 "http://example.com" "Mozilla/5.0 (Macintosh; Intel Mac OS X 10_15_7) AppleWebKit/537.36 (KHTML, like Gecko) Chrome/120.0.0.0 Safari/537.36"
192.0.2.10 - - [25/Jan/2024:16:23:40 +0000] "DELETE /api/data HTTP/1.1" 200 661 "-" "Mozilla/5.0 (Android 13; Mobile; rv:121.0) Gecko/121.0 Firefox/121.0"
10.0.0.15 - - [25/Jan/2024:16:23:48 +0000] "HEAD /news.php?keyword=user HTTP/1.1" 200 4452 "https://google.com" "Mozilla/5.0 (Android 13; Mobile; rv:121.0) Gecko/121.0 Firefox/121.0"
10.0.0.1 - - [25/Jan/2024:16:23:52 +0000] "DELETE /payment.php?keyword=world HTTP/1.1" 200 3810 "http://example.com" "python-requests/2.28.0"
10.0.0.5 - - [25/Jan/2024:16:23:55 +0000] "POST /api/users HTTP/1.1" 200 4282 "-" "Googlebot/2.1"
10.0.0.10 - - [25/Jan/2024:16:23:59 +0000] "HEAD /api/users HTTP/1.1" 200 4268 "http://example.com/search" "Mozilla/5.0 (Windows NT 10.0; Win64; x64; rv:121.0) Gecko/20100101 Firefox/121.0"
192.168.1.10 - - [25/Jan/2024:16:24:03 +0000] "OPTIONS /news.php HTTP/1.1" 200 919 "http://example.com" "Mozilla/5.0 (X11; Linux x86_64) AppleWebKit/537.36 (KHTML, like Gecko) Chrome/120.0.0.0 Safari/537.36"
127.0.0.1 - - [25/Jan/2024:16:24:05 +0000] "PUT /checkout.php HTTP/1.1" 200 582 "https://google.com" "python-requests/2.28.0"
10.0.0.1 - - [25/Jan/2024:16:24:07 +0000] "GET /images/logo.png?query=contact&limit=42 HTTP/1.1" 200 2146 "http://example.com/search" "python-requests/2.28.0"
127.0.0.1 - - [25/Jan/2024:16:24:17 +0000] "OPTIONS /user/settings.php HTTP/1.1" 200 2513 "https://google.com" "Mozilla/5.0 (Macintosh; Intel Mac OS X 10_15_7) AppleWebKit/537.36 (KHTML, like Gecko) Chrome/120.0.0.0 Safari/537.36"
203.0.113.1 - - [25/Jan/2024:16:24:27 +0000] "OPTIONS /admin/login.php HTTP/1.1" 200 1444 "http://example.com" "Mozilla/5.0 (Android 13; Mobile; rv:121.0) Gecko/121.0 Firefox/121.0"
192.168.1.30 - - [25/Jan/2024:16:24:36 +0000] "POST /about.php?term=search HTTP/1.1" 200 523 "http://example.com/search" "Mozilla/5.0 (X11; Linux x86_64) AppleWebKit/537.36 (KHTML, like Gecko) Chrome/120.0.0.0 Safari/537.36"
172.16.0.15 - - [25/Jan/2024:16:24:43 +0000] "HEAD /checkout.php?search=show&offset=80 HTTP/1.1" 302 0 "http://example.com/search" "Mozilla/5.0 (Macintosh; Intel Mac OS X 10_15_7) AppleWebKit/537.36 (KHTML, like Gecko) Chrome/120.0.0.0 Safari/537.36"
203.0.113.20 - - [25/Jan/2024:16:24:50 +0000] "PUT /cart.php?q=index HTTP/1.1" 200 2924 "http://example.com/search" "Mozilla/5.0 (iPhone; CPU iPhone OS 17_0 like Mac OS X) AppleWebKit/605.1.15 (KHTML, like Gecko) Version/17.0 Mobile/15E148 Safari/604.1"
192.168.1.40 - - [25/Jan/2024:16:25:00 +0000] "HEAD /user/profile.php?find=about&sort=6 HTTP/1.1" 404 0 "http://example.com" "Mozilla/5.0 (Windows NT 10.0; Win64; x64) AppleWebKit/537.36 (KHTML, like Gecko) Chrome/120.0.0.0 Safari/537.36"
10.0.0.20 - - [25/Jan/2024:16:25:05 +0000] "PUT /home.php?term=test HTTP/1.1" 200 2184 "https://yandex.ru" "Mozilla/5.0 (Android 13; Mobile; rv:121.0) Gecko/121.0 Firefox/121.0"
172.16.0.1 - - [25/Jan/2024:16:25:08 +0000] "POST /js/main.js?term=about HTTP/1.1" 200 1731 "http://example.com/search" "Mozilla/5.0 (iPhone; CPU iPhone OS 17_0 like Mac OS X) AppleWebKit/605.1.15 (KHTML, like Gecko) Version/17.0 Mobile/15E148 Safari/604.1"
172.16.0.10 - - [25/Jan/2024:16:25:18 +0000] "HEAD /admin/login.php?q=result&page=26 HTTP/1.1" 200 4334 "-" "Mozilla/5.0 (X11; Linux x86_64) AppleWebKit/537.36 (KHTML, like Gecko) Chrome/120.0.0.0 Safari/537.36"
172.16.0.5 - - [25/Jan/2024:16:25:27 +0000] "HEAD /robots.txt?keyword=get&sort=95 HTTP/1.1" 200 4312 "http://example.com" "Mozilla/5.0 (iPhone; CPU iPhone OS 17_0 like Mac OS X) AppleWebKit/605.1.15 (KHTML, like Gecko) Version/17.0 Mobile/15E148 Safari/604.1"
192.168.1.20 - - [25/Jan/2024:16:25:35 +0000] "HEAD /blog.php HTTP/1.1" 200 3670 "https://yandex.ru" "python-requests/2.28.0"
172.16.0.15 - - [25/Jan/2024:16:25:38 +0000] "DELETE /favicon.ico HTTP/1.1" 200 4902 "http://example.com/search" "curl/7.68.0"
192.168.1.10 - - [25/Jan/2024:16:25:45 +0000] "GET /home.php?lookup=news&page=91 HTTP/1.1" 200 3450 "http://example.com" "Mozilla/5.0 (Windows NT 10.0; Win64; x64) AppleWebKit/537.36 (KHTML, like Gecko) Chrome/120.0.0.0 Safari/537.36"
192.168.1.30 - - [25/Jan/2024:16:25:54 +0000] "HEAD /cart.php HTTP/1.1" 200 4274 "http://example.com/search" "Mozilla/5.0 (X11; Linux x86_64) AppleWebKit/537.36 (KHTML, like Gecko) Chrome/120.0.0.0 Safari/537.36"
192.168.1.10 - - [25/Jan/2024:16:25:56 +0000] "GET /search.php?lookup=service&limit=79 HTTP/1.1" 200 1746 "http://example.com" "Mozilla/5.0 (Windows NT 10.0; Win64; x64) AppleWebKit/537.36 (KHTML, like Gecko) Chrome/120.0.0.0 Safari/537.36"
10.0.0.1 - - [25/Jan/2024:16:25:59 +0000] "OPTIONS /blog.php?query=get&offset=27 HTTP/1.1" 200 561 "http://example.com" "Mozilla/5.0 (iPhone; CPU iPhone OS 17_0 like Mac OS X) AppleWebKit/605.1.15 (KHTML, like Gecko) Version/17.0 Mobile/15E148 Safari/604.1"
10.0.0.5 - - [25/Jan/2024:16:26:08 +0000] "DELETE /js/main.js?find=search&page=84 HTTP/1.1" 200 3536 "http://example.com" "Mozilla/5.0 (Macintosh; Intel Mac OS X 10_15_7) AppleWebKit/537.36 (KHTML, like Gecko) Chrome/120.0.0.0 Safari/537.36"
192.168.1.30 - - [25/Jan/2024:16:26:11 +0000] "DELETE /admin/login.php?term=world HTTP/1.1" 200 4069 "https://yandex.ru" "Mozilla/5.0 (Windows NT 10.0; Win64; x64; rv:121.0) Gecko/20100101 Firefox/121.0"
127.0.0.1 - - [25/Jan/2024:16:26:19 +0000] "POST /checkout.php?search=hello&sort=23 HTTP/1.1" 200 2092 "https://yandex.ru" "Mozilla/5.0 (Macintosh; Intel Mac OS X 10_15_7) AppleWebKit/537.36 (KHTML, like Gecko) Chrome/120.0.0.0 Safari/537.36"
192.168.1.10 - - [25/Jan/2024:16:26:24 +0000] "GET /js/main.js?q=data&page=71 HTTP/1.1" 404 0 "http://example.com" "PostmanRuntime/7.32.0"
192.0.2.1 - - [25/Jan/2024:16:26:28 +0000] "POST /checkout.php HTTP/1.1" 200 2689 "-" "Mozilla/5.0 (Macintosh; Intel Mac OS X 10_15_7) AppleWebKit/537.36 (KHTML, like Gecko) Chrome/120.0.0.0 Safari/537.36"
10.0.0.5 - - [25/Jan/2024:16:26:29 +0000] "DELETE /checkout.php HTTP/1.1" 200 3775 "http://example.com/search" "Mozilla/5.0 (Macintosh; Intel Mac OS X 10_15_7) AppleWebKit/537.36 (KHTML, like Gecko) Chrome/120.0.0.0 Safari/537.36"
192.0.2.10 - - [25/Jan/2024:16:26:32 +0000] "DELETE /api/data?find=contact&page=38 HTTP/1.1" 200 1126 "https://yandex.ru" "Mozilla/5.0 (Windows NT 10.0; Win64; x64; rv:121.0) Gecko/20100101 Firefox/121.0"
192.168.1.20 - - [25/Jan/2024:16:26:35 +0000] "GET /api/data?query=contact&sort=75 HTTP/1.1" 200 3515 "https://google.com" "Mozilla/5.0 (iPhone; CPU iPhone OS 17_0 like Mac OS X) AppleWebKit/605.1.15 (KHTML, like Gecko) Version/17.0 Mobile/15E148 Safari/604.1"
192.168.1.40 - - [25/Jan/2024:16:26:42 +0000] "GET /index.php?keyword=get HTTP/1.1" 200 3040 "-" "Mozilla/5.0 (Android 13; Mobile; rv:121.0) Gecko/121.0 Firefox/121.0"
203.0.113.20 - - [25/Jan/2024:16:26:45 +0000] "HEAD /products.php HTTP/1.1" 200 549 "https://google.com" "Mozilla/5.0 (X11; Linux x86_64) AppleWebKit/537.36 (KHTML, like Gecko) Chrome/120.0.0.0 Safari/537.36"
203.0.113.10 - - [25/Jan/2024:16:26:47 +0000] "OPTIONS /api/users HTTP/1.1" 200 4581 "http://example.com" "Mozilla/5.0 (iPhone; CPU iPhone OS 17_0 like Mac OS X) AppleWebKit/605.1.15 (KHTML, like Gecko) Version/17.0 Mobile/15E148 Safari/604.1"
10.0.0.15 - - [25/Jan/2024:16:26:48 +0000] "POST /user/settings.php?query=test&page=50 HTTP/1.1" 200 557 "https://yandex.ru" "Mozilla/5.0 (Windows NT 10.0; Win64; x64; rv:121.0) Gecko/20100101 Firefox/121.0"
10.0.0.1 - - [25/Jan/2024:16:26:56 +0000] "OPTIONS /favicon.ico HTTP/1.1" 200 1643 "https://yandex.ru" "curl/7.68.0"
10.0.0.15 - - [25/Jan/2024:16:26:58 +0000] "PUT /services.php?query=find&sort=46 HTTP/1.1" 200 1796 "-" "Mozilla/5.0 (Windows NT 10.0; Win64; x64; rv:121.0) Gecko/20100101 Firefox/121.0"
203.0.113.10 - - [25/Jan/2024:16:27:03 +0000] "HEAD /user/profile.php?find=display HTTP/1.1" 200 2857 "-" "Mozilla/5.0 (iPhone; CPU iPhone OS 17_0 like Mac OS X) AppleWebKit/605.1.15 (KHTML, like Gecko) Version/17.0 Mobile/15E148 Safari/604.1"
203.0.113.10 - - [25/Jan/2024:16:27:06 +0000] "PUT /home.php?q=world HTTP/1.1" 200 4997 "https://yandex.ru" "curl/7.68.0"
10.0.0.20 - - [25/Jan/2024:16:27:13 +0000] "DELETE /admin/dashboard.php HTTP/1.1" 200 901 "https://yandex.ru" "Mozilla/5.0 (X11; Linux x86_64) AppleWebKit/537.36 (KHTML, like Gecko) Chrome/120.0.0.0 Safari/537.36"
172.16.0.1 - - [25/Jan/2024:16:27:23 +0000] "OPTIONS /api/data HTTP/1.1" 200 1611 "http://example.com/search" "Mozilla/5.0 (X11; Linux x86_64) AppleWebKit/537.36 (KHTML, like Gecko) Chrome/120.0.0.0 Safari/537.36"
198.51.100.1 - - [25/Jan/2024:16:27:30 +0000] "POST /payment.php?q=contact&offset=52 HTTP/1.1" 200 2150 "-" "python-requests/2.28.0"
192.0.2.10 - - [25/Jan/2024:16:27:36 +0000] "OPTIONS /services.php HTTP/1.1" 200 325 "https://google.com" "Mozilla/5.0 (Macintosh; Intel Mac OS X 10_15_7) AppleWebKit/537.36 (KHTML, like Gecko) Chrome/120.0.0.0 Safari/537.36"
192.168.1.20 - - [25/Jan/2024:16:27:39 +0000] "GET /api/search HTTP/1.1" 200 2031 "https://google.com" "curl/7.68.0"
10.0.0.5 - - [25/Jan/2024:16:27:49 +0000] "POST /sitemap.xml HTTP/1.1" 200 987 "http://example.com" "Googlebot/2.1"
10.0.0.20 - - [25/Jan/2024:16:27:52 +0000] "HEAD /home.php?q=info&page=89 HTTP/1.1" 200 3937 "-" "Mozilla/5.0 (Macintosh; Intel Mac OS X 10_15_7) AppleWebKit/537.36 (KHTML, like Gecko) Chrome/120.0.0.0 Safari/537.36"
192.168.1.20 - - [25/Jan/2024:16:28:02 +0000] "HEAD /api/search HTTP/1.1" 200 4189 "http://example.com/search" "Mozilla/5.0 (iPhone; CPU iPhone OS 17_0 like Mac OS X) AppleWebKit/605.1.15 (KHTML, like Gecko) Version/17.0 Mobile/15E148 Safari/604.1"
172.16.0.1 - - [25/Jan/2024:16:28:07 +0000] "OPTIONS /checkout.php?lookup=about&limit=96 HTTP/1.1" 200 4175 "http://example.com" "Mozilla/5.0 (Macintosh; Intel Mac OS X 10_15_7) AppleWebKit/537.36 (KHTML, like Gecko) Chrome/120.0.0.0 Safari/537.36"
172.16.0.10 - - [25/Jan/2024:16:28:09 +0000] "GET /api/search?term=display HTTP/1.1" 200 4106 "https://google.com" "PostmanRuntime/7.32.0"
10.0.0.10 - - [25/Jan/2024:16:28:15 +0000] "HEAD /api/data HTTP/1.1" 200 2885 "https://google.com" "Mozilla/5.0 (Windows NT 10.0; Win64; x64) AppleWebKit/537.36 (KHTML, like Gecko) Chrome/120.0.0.0 Safari/537.36"
172.16.0.1 - - [25/Jan/2024:16:28:21 +0000] "GET /blog.php?find=post&sort=42 HTTP/1.1" 200 3729 "-" "Mozilla/5.0 (iPhone; CPU iPhone OS 17_0 like Mac OS X) AppleWebKit/605.1.15 (KHTML, like Gecko) Version/17.0 Mobile/15E148 Safari/604.1"
10.0.0.20 - - [25/Jan/2024:16:28:25 +0000] "OPTIONS /index.php HTTP/1.1" 200 4123 "https://google.com" "Mozilla/5.0 (Macintosh; Intel Mac OS X 10_15_7) AppleWebKit/537.36 (KHTML, like Gecko) Chrome/120.0.0.0 Safari/537.36"
172.16.0.10 - - [25/Jan/2024:16:28:29 +0000] "PUT /home.php HTTP/1.1" 200 3768 "https://yandex.ru" "Mozilla/5.0 (iPhone; CPU iPhone OS 17_0 like Mac OS X) AppleWebKit/605.1.15 (KHTML, like Gecko) Version/17.0 Mobile/15E148 Safari/604.1"
10.0.0.1 - - [25/Jan/2024:16:28:38 +0000] "PUT /css/style.css HTTP/1.1" 200 4555 "http://example.com" "Mozilla/5.0 (iPhone; CPU iPhone OS 17_0 like Mac OS X) AppleWebKit/605.1.15 (KHTML, like Gecko) Version/17.0 Mobile/15E148 Safari/604.1"
10.0.0.1 - - [25/Jan/2024:16:28:44 +0000] "PUT /checkout.php HTTP/1.1" 200 3314 "https://yandex.ru" "Mozilla/5.0 (Windows NT 10.0; Win64; x64; rv:121.0) Gecko/20100101 Firefox/121.0"
192.0.2.1 - - [25/Jan/2024:16:28:46 +0000] "GET /checkout.php HTTP/1.1" 302 0 "https://yandex.ru" "Mozilla/5.0 (Macintosh; Intel Mac OS X 10_15_7) AppleWebKit/537.36 (KHTML, like Gecko) Chrome/120.0.0.0 Safari/537.36"
10.0.0.10 - - [25/Jan/2024:16:28:52 +0000] "OPTIONS /api/search?term=service HTTP/1.1" 200 1673 "https://google.com" "Mozilla/5.0 (iPhone; CPU iPhone OS 17_0 like Mac OS X) AppleWebKit/605.1.15 (KHTML, like Gecko) Version/17.0 Mobile/15E148 Safari/604.1"
192.0.2.1 - - [25/Jan/2024:16:28:58 +0000] "POST /payment.php?lookup=search HTTP/1.1" 200 1155 "http://example.com" "Mozilla/5.0 (X11; Linux x86_64) AppleWebKit/537.36 (KHTML, like Gecko) Chrome/120.0.0.0 Safari/537.36"
172.16.0.10 - - [25/Jan/2024:16:29:05 +0000] "DELETE /search.php?lookup=product&page=100 HTTP/1.1" 200 3578 "https://yandex.ru" "Mozilla/5.0 (Macintosh; Intel Mac OS X 10_15_7) AppleWebKit/537.36 (KHTML, like Gecko) Chrome/120.0.0.0 Safari/537.36"
10.0.0.1 - - [25/Jan/2024:16:29:14 +0000] "OPTIONS /contact.php HTTP/1.1" 200 4147 "http://example.com" "Mozilla/5.0 (Macintosh; Intel Mac OS X 10_15_7) AppleWebKit/537.36 (KHTML, like Gecko) Chrome/120.0.0.0 Safari/537.36"
172.16.0.1 - - [25/Jan/2024:16:29:18 +0000] "GET /services.php?lookup=home HTTP/1.1" 200 318 "http://example.com/search" "Mozilla/5.0 (iPhone; CPU iPhone OS 17_0 like Mac OS X) AppleWebKit/605.1.15 (KHTML, like Gecko) Version/17.0 Mobile/15E148 Safari/604.1"
192.168.1.10 - - [25/Jan/2024:16:29:28 +0000] "PUT /about.php HTTP/1.1" 200 2172 "https://google.com" "Mozilla/5.0 (Windows NT 10.0; Win64; x64) AppleWebKit/537.36 (KHTML, like Gecko) Chrome/120.0.0.0 Safari/537.36"
10.0.0.15 - - [25/Jan/2024:16:29:33 +0000] "OPTIONS /admin/dashboard.php?term=product HTTP/1.1" 200 2334 "https://yandex.ru" "Mozilla/5.0 (iPhone; CPU iPhone OS 17_0 like Mac OS X) AppleWebKit/605.1.15 (KHTML, like Gecko) Version/17.0 Mobile/15E148 Safari/604.1"
203.0.113.1 - - [25/Jan/2024:16:29:34 +0000] "HEAD /checkout.php?lookup=user&page=13 HTTP/1.1" 200 4862 "-" "Mozilla/5.0 (Windows NT 10.0; Win64; x64) AppleWebKit/537.36 (KHTML, like Gecko) Chrome/120.0.0.0 Safari/537.36"
10.0.0.1 - - [25/Jan/2024:16:29:42 +0000] "DELETE /products.php?q=hello&page=32 HTTP/1.1" 200 503 "https://yandex.ru" "Mozilla/5.0 (Android 13; Mobile; rv:121.0) Gecko/121.0 Firefox/121.0"
192.168.1.10 - - [25/Jan/2024:16:29:50 +0000] "HEAD /blog.php?q=show&offset=20 HTTP/1.1" 200 4493 "http://example.com/search" "Googlebot/2.1"
172.16.0.15 - - [25/Jan/2024:16:29:57 +0000] "OPTIONS /search.php?search=user HTTP/1.1" 200 4810 "http://example.com" "Mozilla/5.0 (iPhone; CPU iPhone OS 17_0 like Mac OS X) AppleWebKit/605.1.15 (KHTML, like Gecko) Version/17.0 Mobile/15E148 Safari/604.1"
203.0.113.20 - - [25/Jan/2024:16:30:05 +0000] "HEAD /services.php HTTP/1.1" 200 1547 "https://google.com" "Mozilla/5.0 (Macintosh; Intel Mac OS X 10_15_7) AppleWebKit/537.36 (KHTML, like Gecko) Chrome/120.0.0.0 Safari/537.36"
203.0.113.1 - - [25/Jan/2024:16:30:15 +0000] "GET /admin/users.php?q=blog HTTP/1.1" 200 2670 "https://google.com" "Mozilla/5.0 (iPhone; CPU iPhone OS 17_0 like Mac OS X) AppleWebKit/605.1.15 (KHTML, like Gecko) Version/17.0 Mobile/15E148 Safari/604.1"
192.0.2.1 - - [25/Jan/2024:16:30:23 +0000] "PUT /index.php?query=display HTTP/1.1" 200 3729 "http://example.com" "PostmanRuntime/7.32.0"
192.168.1.20 - - [25/Jan/2024:16:30:27 +0000] "DELETE /checkout.php?term=world&limit=9 HTTP/1.1" 200 781 "https://google.com" "Mozilla/5.0 (Windows NT 10.0; Win64; x64) AppleWebKit/537.36 (KHTML, like Gecko) Chrome/120.0.0.0 Safari/537.36"
192.168.1.40 - - [25/Jan/2024:16:30:29 +0000] "OPTIONS /services.php?query=display HTTP/1.1" 200 3072 "https://google.com" "Mozilla/5.0 (Macintosh; Intel Mac OS X 10_15_7) AppleWebKit/537.36 (KHTML, like Gecko) Chrome/120.0.0.0 Safari/537.36"
192.0.2.1 - - [25/Jan/2024:16:30:34 +0000] "PUT /news.php?term=world&offset=1 HTTP/1.1" 200 286 "https://google.com" "Mozilla/5.0 (iPhone; CPU iPhone OS 17_0 like Mac OS X) AppleWebKit/605.1.15 (KHTML, like Gecko) Version/17.0 Mobile/15E148 Safari/604.1"
172.16.0.1 - - [25/Jan/2024:16:30:44 +0000] "HEAD /user/settings.php?term=display&sort=55 HTTP/1.1" 200 3857 "http://example.com" "python-requests/2.28.0"
172.16.0.10 - - [25/Jan/2024:16:30:53 +0000] "HEAD /services.php?term=post&offset=60 HTTP/1.1" 200 4071 "-" "Mozilla/5.0 (Macintosh; Intel Mac OS X 10_15_7) AppleWebKit/537.36 (KHTML, like Gecko) Chrome/120.0.0.0 Safari/537.36"
10.0.0.20 - - [25/Jan/2024:16:30:57 +0000] "HEAD /search.php?lookup=user&page=64 HTTP/1.1" 200 474 "http://example.com" "python-requests/2.28.0"
10.0.0.20 - - [25/Jan/2024:16:30:58 +0000] "DELETE /images/logo.png?q=find HTTP/1.1" 200 2831 "https://yandex.ru" "PostmanRuntime/7.32.0"
198.51.100.1 - - [25/Jan/2024:16:31:08 +0000] "DELETE /css/style.css HTTP/1.1" 200 3365 "http://example.com/search" "curl/7.68.0"
172.16.0.1 - - [25/Jan/2024:16:31:16 +0000] "OPTIONS /products.php?search=article&limit=90 HTTP/1.1" 200 1267 "-" "python-requests/2.28.0"
172.16.0.15 - - [25/Jan/2024:16:31:23 +0000] "HEAD /payment.php HTTP/1.1" 200 2894 "https://google.com" "curl/7.68.0"
172.16.0.5 - - [25/Jan/2024:16:31:30 +0000] "DELETE /js/main.js HTTP/1.1" 200 3904 "http://example.com" "python-requests/2.28.0"
192.168.1.10 - - [25/Jan/2024:16:31:31 +0000] "PUT /images/logo.png?q=admin&offset=67 HTTP/1.1" 200 4912 "http://example.com/search" "python-requests/2.28.0"
198.51.100.1 - - [25/Jan/2024:16:31:40 +0000] "OPTIONS /search.php?q=test&sort=68 HTTP/1.1" 200 1178 "http://example.com" "Mozilla/5.0 (Windows NT 10.0; Win64; x64; rv:121.0) Gecko/20100101 Firefox/121.0"
192.0.2.10 - - [25/Jan/2024:16:31:48 +0000] "PUT /blog.php?query=get HTTP/1.1" 200 1167 "-" "Mozilla/5.0 (iPhone; CPU iPhone OS 17_0 like Mac OS X) AppleWebKit/605.1.15 (KHTML, like Gecko) Version/17.0 Mobile/15E148 Safari/604.1"
172.16.0.15 - - [25/Jan/2024:16:31:57 +0000] "OPTIONS /favicon.ico HTTP/1.1" 200 1195 "http://example.com/search" "Mozilla/5.0 (Windows NT 10.0; Win64; x64) AppleWebKit/537.36 (KHTML, like Gecko) Chrome/120.0.0.0 Safari/537.36"
198.51.100.10 - - [25/Jan/2024:16:32:07 +0000] "GET /contact.php?term=blog HTTP/1.1" 200 2710 "https://google.com" "Mozilla/5.0 (Windows NT 10.0; Win64; x64) AppleWebKit/537.36 (KHTML, like Gecko) Chrome/120.0.0.0 Safari/537.36"
172.16.0.1 - - [25/Jan/2024:16:32:13 +0000] "DELETE /robots.txt?term=list&sort=99 HTTP/1.1" 404 0 "http://example.com/search" "Mozilla/5.0 (Android 13; Mobile; rv:121.0) Gecko/121.0 Firefox/121.0"
192.168.1.10 - - [25/Jan/2024:16:32:16 +0000] "POST /images/logo.png?q=news HTTP/1.1" 200 3768 "http://example.com" "Googlebot/2.1"
198.51.100.10 - - [25/Jan/2024:16:32:25 +0000] "OPTIONS /admin/dashboard.php HTTP/1.1" 200 1120 "-" "curl/7.68.0"
192.168.1.20 - - [25/Jan/2024:16:32:31 +0000] "PUT /js/main.js?search=news HTTP/1.1" 200 1762 "http://example.com" "Mozilla/5.0 (Android 13; Mobile; rv:121.0) Gecko/121.0 Firefox/121.0"
10.0.0.10 - - [25/Jan/2024:16:32:32 +0000] "DELETE /about.php?search=about HTTP/1.1" 404 0 "http://example.com/search" "Mozilla/5.0 (X11; Linux x86_64) AppleWebKit/537.36 (KHTML, like Gecko) Chrome/120.0.0.0 Safari/537.36"
10.0.0.1 - - [25/Jan/2024:16:32:33 +0000] "POST /user/profile.php?search=home&sort=69 HTTP/1.1" 404 0 "https://yandex.ru" "python-requests/2.28.0"
198.51.100.10 - - [25/Jan/2024:16:32:35 +0000] "HEAD /admin/login.php?term=world HTTP/1.1" 404 0 "http://example.com" "Googlebot/2.1"
10.0.0.20 - - [25/Jan/2024:16:32:43 +0000] "OPTIONS /api/users HTTP/1.1" 200 2692 "https://google.com" "curl/7.68.0"
203.0.113.1 - - [25/Jan/2024:16:32:51 +0000] "GET /about.php?lookup=get&sort=85 HTTP/1.1" 200 881 "https://google.com" "Googlebot/2.1"
198.51.100.10 - - [25/Jan/2024:16:32:57 +0000] "DELETE /index.php?term=world&limit=96 HTTP/1.1" 200 1275 "http://example.com/search" "Mozilla/5.0 (Windows NT 10.0; Win64; x64) AppleWebKit/537.36 (KHTML, like Gecko) Chrome/120.0.0.0 Safari/537.36"
203.0.113.10 - - [25/Jan/2024:16:33:03 +0000] "PUT /blog.php?search=query HTTP/1.1" 200 4097 "https://yandex.ru" "curl/7.68.0"
172.16.0.1 - - [25/Jan/2024:16:33:07 +0000] "HEAD /about.php HTTP/1.1" 200 1127 "https://yandex.ru" "PostmanRuntime/7.32.0"
192.0.2.10 - - [25/Jan/2024:16:33:11 +0000] "HEAD /js/main.js?search=index&sort=74 HTTP/1.1" 200 4481 "http://example.com" "Googlebot/2.1"
192.0.2.1 - - [25/Jan/2024:16:33:21 +0000] "PUT /home.php?query=admin&limit=85 HTTP/1.1" 200 4191 "-" "Mozilla/5.0 (Windows NT 10.0; Win64; x64; rv:121.0) Gecko/20100101 Firefox/121.0"
203.0.113.10 - - [25/Jan/2024:16:33:29 +0000] "POST /payment.php HTTP/1.1" 200 3608 "-" "curl/7.68.0"
127.0.0.1 - - [25/Jan/2024:16:33:38 +0000] "PUT /api/search?query=page&page=69 HTTP/1.1" 200 1662 "https://yandex.ru" "Mozilla/5.0 (Windows NT 10.0; Win64; x64; rv:121.0) Gecko/20100101 Firefox/121.0"
172.16.0.15 - - [25/Jan/2024:16:33:48 +0000] "DELETE /products.php HTTP/1.1" 404 0 "https://google.com" "Googlebot/2.1"
10.0.0.15 - - [25/Jan/2024:16:33:58 +0000] "OPTIONS /js/main.js HTTP/1.1" 200 4758 "-" "python-requests/2.28.0"
172.16.0.15 - - [25/Jan/2024:16:34:07 +0000] "GET /index.php?lookup=data&page=44 HTTP/1.1" 200 3004 "http://example.com" "Mozilla/5.0 (X11; Linux x86_64) AppleWebKit/537.36 (KHTML, like Gecko) Chrome/120.0.0.0 Safari/537.36"
203.0.113.20 - - [25/Jan/2024:16:34:12 +0000] "POST /api/search?query=test HTTP/1.1" 200 1368 "https://google.com" "python-requests/2.28.0"
172.16.0.10 - - [25/Jan/2024:16:34:14 +0000] "OPTIONS /admin/dashboard.php HTTP/1.1" 200 2136 "http://example.com" "Mozilla/5.0 (iPhone; CPU iPhone OS 17_0 like Mac OS X) AppleWebKit/605.1.15 (KHTML, like Gecko) Version/17.0 Mobile/15E148 Safari/604.1"
127.0.0.1 - - [25/Jan/2024:16:34:18 +0000] "GET /search.php HTTP/1.1" 200 710 "http://example.com" "Mozilla/5.0 (Android 13; Mobile; rv:121.0) Gecko/121.0 Firefox/121.0"
192.0.2.1 - - [25/Jan/2024:16:34:23 +0000] "GET /news.php HTTP/1.1" 200 3656 "-" "PostmanRuntime/7.32.0"
172.16.0.15 - - [25/Jan/2024:16:34:33 +0000] "GET /services.php?query=news&offset=57 HTTP/1.1" 200 4175 "http://example.com/search" "curl/7.68.0"
192.168.1.40 - - [25/Jan/2024:16:34:37 +0000] "OPTIONS /home.php?find=data&page=65 HTTP/1.1" 200 2061 "https://yandex.ru" "Mozilla/5.0 (Android 13; Mobile; rv:121.0) Gecko/121.0 Firefox/121.0"
198.51.100.10 - - [25/Jan/2024:16:34:39 +0000] "PUT /contact.php?q=get&sort=24 HTTP/1.1" 200 4941 "http://example.com/search" "python-requests/2.28.0"
10.0.0.15 - - [25/Jan/2024:16:34:41 +0000] "HEAD /user/profile.php?q=test HTTP/1.1" 404 0 "https://yandex.ru" "Mozilla/5.0 (X11; Linux x86_64) AppleWebKit/537.36 (KHTML, like Gecko) Chrome/120.0.0.0 Safari/537.36"
172.16.0.1 - - [25/Jan/2024:16:34:49 +0000] "PUT /api/search HTTP/1.1" 200 3995 "http://example.com" "python-requests/2.28.0"
172.16.0.5 - - [25/Jan/2024:16:34:59 +0000] "GET /payment.php?term=product HTTP/1.1" 304 0 "http://example.com/search" "PostmanRuntime/7.32.0"
192.0.2.10 - - [25/Jan/2024:16:35:04 +0000] "OPTIONS /search.php HTTP/1.1" 200 3443 "https://google.com" "Mozilla/5.0 (Macintosh; Intel Mac OS X 10_15_7) AppleWebKit/537.36 (KHTML, like Gecko) Chrome/120.0.0.0 Safari/537.36"
10.0.0.15 - - [25/Jan/2024:16:35:10 +0000] "HEAD /user/profile.php?term=news&offset=6 HTTP/1.1" 200 2289 "https://google.com" "Mozilla/5.0 (X11; Linux x86_64) AppleWebKit/537.36 (KHTML, like Gecko) Chrome/120.0.0.0 Safari/537.36"
198.51.100.10 - - [25/Jan/2024:16:35:16 +0000] "POST /blog.php HTTP/1.1" 200 1828 "http://example.com" "Googlebot/2.1"
