172.16.0.1 - - [25/Jan/2024:14:30:00 +0000] "HEAD /user/profile.php?find=list HTTP/1.1" 200 4676 "-" "python-requests/2.28.0"
203.0.113.1 - - [25/Jan/2024:14:30:08 +0000] "DELETE /api/search?term=home HTTP/1.1" 200 4933 "http://example.com" "PostmanRuntime/7.32.0"
198.51.100.1 - - [25/Jan/2024:14:30:17 +0000] "GET /api/users?q=user HTTP/1.1" 304 0 "https://yandex.ru" "Mozilla/5.0 (iPhone; CPU iPhone OS 17_0 like Mac OS X) AppleWebKit/605.1.15 (KHTML, like Gecko) Version/17.0 Mobile/15E148 Safari/604.1"
198.51.100.1 - - [25/Jan/2024:14:30:25 +0000] "HEAD /news.php?lookup=service HTTP/1.1" 200 3751 "https://yandex.ru" "Mozilla/5.0 (X11; Linux x86_64) AppleWebKit/537.36 (KHTML, like Gecko) Chrome/120.0.0.0 Safari/537.36"
198.51.100.10 - - [25/Jan/2024:14:30:32 +0000] "POST /api/search HTTP/1.1" 200 1353 "-" "PostmanRuntime/7.32.0"
192.0.2.1 - - [25/Jan/2024:14:30:40 +0000] "DELETE /index.php?term=show&limit=93 HTTP/1.1" 200 2927 "https://google.com" "curl/7.68.0"
192.168.1.10 - - [25/Jan/2024:14:30:47 +0000] "PUT /admin/login.php?find=find&sort=39 HTTP/1.1" 200 3028 "https://yandex.ru" "Mozilla/5.0 (X11; Linux x86_64) AppleWebKit/537.36 (KHTML, like Gecko) Chrome/120.0.0.0 Safari/537.36"
10.0.0.1 - - [25/Jan/2024:14:30:56 +0000] "HEAD /search.php?term=get&sort=74 HTTP/1.1" 200 1051 "-" "Mozilla/5.0 (Windows NT 10.0; Win64; x64) AppleWebKit/537.36 (KHTML, like Gecko) Chrome/120.0.0.0 Safari/537.36"
172.16.0.15 - - [25/Jan/2024:14:30:59 +0000] "OPTIONS /about.php?q=display&limit=95 HTTP/1.1" 200 2819 "https://google.com" "Mozilla/5.0 (Android 13; Mobile; rv:121.0) Gecko/121.0 Firefox/121.0"
192.168.1.20 - - [25/Jan/2024:14:31:07 +0000] "PUT /search.php?q=display HTTP/1.1" 200 4829 "http://example.com" "Mozilla/5.0 (X11; Linux x86_64) AppleWebKit/537.36 (KHTML, like Gecko) Chrome/120.0.0.0 Safari/537.36"
10.0.0.15 - - [25/Jan/2024:14:31:15 +0000] "HEAD /blog.php?query=service&limit=72 HTTP/1.1" 200 4989 "http://example.com/search" "curl/7.68.0"
10.0.0.5 - - [25/Jan/2024:14:31:25 +0000] "GET /payment.php HTTP/1.1" 200 1235 "-" "PostmanRuntime/7.32.0"
192.0.2.10 - - [25/Jan/2024:14:31:26 +0000] "OPTIONS /blog.php?lookup=search&page=86 HTTP/1.1" 200 2994 "https://google.com" "python-requests/2.28.0"
172.16.0.1 - - [25/Jan/2024:14:31:31 +0000] "PUT /blog.php HTTP/1.1" 200 320 "http://example.com" "PostmanRuntime/7.32.0"
198.51.100.1 - - [25/Jan/2024:14:31:38 +0000] "OPTIONS /api/users?term=result HTTP/1.1" 200 4733 "-" "PostmanRuntime/7.32.0"
203.0.113.20 - - [25/Jan/2024:14:31:47 +0000] "POST /api/search?q=hello&limit=58 HTTP/1.1" 200 3645 "https://google.com" "Mozilla/5.0 (Macintosh; Intel Mac OS X 10_15_7) AppleWebKit/537.36 (KHTML, like Gecko) Chrome/120.0.0.0 Safari/537.36"
192.168.1.10 - - [25/Jan/2024:14:31:55 +0000] "POST /home.php?find=result HTTP/1.1" 200 1167 "http://example.com/search" "Mozilla/5.0 (X11; Linux x86_64) AppleWebKit/537.36 (KHTML, like Gecko) Chrome/120.0.0.0 Safari/537.36"
203.0.113.10 - - [25/Jan/2024:14:31:57 +0000] "DELETE /index.php HTTP/1.1" 200 1282 "http://example.com" "Mozilla/5.0 (Macintosh; Intel Mac OS X 10_15_7) AppleWebKit/537.36 (KHTML, like Gecko) Chrome/120.0.0.0 Safari/537.36"
127.0.0.1 - - [25/Jan/2024:14:32:06 +0000] "POST /home.php HTTP/1.1" 200 761 "http://example.com/search" "Mozilla/5.0 (X11; Linux x86_64) AppleWebKit/537.36 (KHTML, like Gecko) Chrome/120.0.0.0 Safari/537.36"
172.16.0.5 - - [25/Jan/2024:14:32:10 +0000] "OPTIONS /api/users?find=list HTTP/1.1" 200 3707 "http://example.com/search" "Mozilla/5.0 (Macintosh; Intel Mac OS X 10_15_7) AppleWebKit/537.36 (KHTML, like Gecko) Chrome/120.0.0.0 Safari/537.36"
198.51.100.1 - - [25/Jan/2024:14:32:13 +0000] "HEAD /user/profile.php HTTP/1.1" 200 2656 "https://google.com" "Mozilla/5.0 (Android 13; Mobile; rv:121.0) Gecko/121.0 Firefox/121.0"
10.0.0.20 - - [25/Jan/2024:14:32:16 +0000] "POST /about.php?search=home HTTP/1.1" 200 981 "https://yandex.ru" "Mozilla/5.0 (Macintosh; Intel Mac OS X 10_15_7) AppleWebKit/537.36 (KHTML, like Gecko) Chrome/120.0.0.0 Safari/537.36"
10.0.0.1 - - [25/Jan/2024:14:32:19 +0000] "OPTIONS /payment.php HTTP/1.1" 200 1866 "http://example.com" "Mozilla/5.0 (Android 13; Mobile; rv:121.0) Gecko/121.0 Firefox/121.0"
203.0.113.10 - - [25/Jan/2024:14:32:25 +0000] "OPTIONS /sitemap.xml?q=about HTTP/1.1" 200 2017 "https://google.com" "PostmanRuntime/7.32.0"
10.0.0.20 - - [25/Jan/2024:14:32:30 +0000] "HEAD /admin/users.php HTTP/1.1" 200 3085 "http://example.com/search" "curl/7.68.0"
127.0.0.1 - - [25/Jan/2024:14:32:32 +0000] "OPTIONS /images/logo.png HTTP/1.1" 200 2048 "https://google.com" "Mozilla/5.0 (X11; Linux x86_64) AppleWebKit/537.36 (KHTML, like Gecko) Chrome/120.0.0.0 Safari/537.36"
192.168.1.30 - - [25/Jan/2024:14:32:36 +0000] "PUT /admin/login.php HTTP/1.1" 200 2532 "-" "curl/7.68.0"
10.0.0.1 - - [25/Jan/2024:14:32:42 +0000] "PUT /products.php HTTP/1.1" 200 3645 "http://example.com/search" "PostmanRuntime/7.32.0"
192.168.1.20 - - [25/Jan/2024:14:32:44 +0000] "GET /favicon.ico HTTP/1.1" 200 4116 "https://google.com" "Mozilla/5.0 (iPhone; CPU iPhone OS 17_0 like Mac OS X) AppleWebKit/605.1.15 (KHTML, like Gecko) Version/17.0 Mobile/15E148 Safari/604.1"
192.168.1.30 - - [25/Jan/2024:14:32:53 +0000] "PUT /robots.txt?query=service HTTP/1.1" 200 491 "http://example.com" "Mozilla/5.0 (X11; Linux x86_64) AppleWebKit/537.36 (KHTML, like Gecko) Chrome/120.0.0.0 Safari/537.36"
10.0.0.5 - - [25/Jan/2024:14:32:56 +0000] "HEAD /admin/users.php?query=result&offset=1 HTTP/1.1" 200 4148 "https://google.com" "Mozilla/5.0 (Android 13; Mobile; rv:121.0) Gecko/121.0 Firefox/121.0"
10.0.0.1 - - [25/Jan/2024:14:33:04 +0000] "GET /services.php?query=list HTTP/1.1" 200 3216 "https://yandex.ru" "Mozilla/5.0 (Windows NT 10.0; Win64; x64; rv:121.0) Gecko/20100101 Firefox/121.0"
192.0.2.1 - - [25/Jan/2024:14:33:08 +0000] "HEAD /news.php?lookup=home&offset=82 HTTP/1.1" 200 879 "https://google.com" "Mozilla/5.0 (X11; Linux x86_64) AppleWebKit/537.36 (KHTML, like Gecko) Chrome/120.0.0.0 Safari/537.36"
203.0.113.1 - - [25/Jan/2024:14:33:14 +0000] "POST /index.php?q=display&offset=87 HTTP/1.1" 200 2817 "http://example.com/search" "Mozilla/5.0 (Windows NT 10.0; Win64; x64) AppleWebKit/537.36 (KHTML, like Gecko) Chrome/120.0.0.0 Safari/537.36"
192.168.1.40 - - [25/Jan/2024:14:33:22 +0000] "OPTIONS /js/main.js?search=show&sort=76 HTTP/1.1" 200 952 "https://google.com" "PostmanRuntime/7.32.0"
192.168.1.30 - - [25/Jan/2024:14:33:30 +0000] "POST /robots.txt?lookup=result HTTP/1.1" 200 119 "-" "Mozilla/5.0 (Windows NT 10.0; Win64; x64) AppleWebKit/537.36 (KHTML, like Gecko) Chrome/120.0.0.0 Safari/537.36"
10.0.0.10 - - [25/Jan/2024:14:33:36 +0000] "GET /contact.php HTTP/1.1" 200 2154 "http://example.com/search" "Mozilla/5.0 (Windows NT 10.0; Win64; x64) AppleWebKit/537.36 (KHTML, like Gecko) Chrome/120.0.0.0 Safari/537.36"
172.16.0.10 - - [25/Jan/2024:14:33:44 +0000] "OPTIONS /search.php?search=show HTTP/1.1" 200 2912 "https://google.com" "Mozilla/5.0 (Windows NT 10.0; Win64; x64) AppleWebKit/537.36 (KHTML, like Gecko) Chrome/120.0.0.0 Safari/537.36"
192.0.2.1 - - [25/Jan/2024:14:33:53 +0000] "POST /api/data HTTP/1.1" 200 2375 "https://google.com" "Mozilla/5.0 (X11; Linux x86_64) AppleWebKit/537.36 (KHTML, like Gecko) Chrome/120.0.0.0 Safari/537.36"
192.0.2.10 - - [25/Jan/2024:14:33:56 +0000] "DELETE /payment.php HTTP/1.1" 200 4678 "http://example.com" "Googlebot/2.1"
172.16.0.15 - - [25/Jan/2024:14:33:57 +0000] "GET /sitemap.xml?search=info HTTP/1.1" 200 2832 "http://example.com/search" "curl/7.68.0"
172.16.0.5 - - [25/Jan/2024:14:33:58 +0000] "OPTIONS /css/style.css?term=result HTTP/1.1" 200 2911 "http://example.com" "Mozilla/5.0 (Windows NT 10.0; Win64; x64; rv:121.0) Gecko/20100101 Firefox/121.0"
203.0.113.1 - - [25/Jan/2024:14:34:07 +0000] "PUT /user/profile.php?search=hello HTTP/1.1" 200 1817 "http://example.com/search" "Mozilla/5.0 (Windows NT 10.0; Win64; x64) AppleWebKit/537.36 (KHTML, like Gecko) Chrome/120.0.0.0 Safari/537.36"
127.0.0.1 - - [25/Jan/2024:14:34:17 +0000] "DELETE /cart.php?search=query&sort=77 HTTP/1.1" 200 2020 "https://google.com" "Mozilla/5.0 (Windows NT 10.0; Win64; x64) AppleWebKit/537.36 (KHTML, like Gecko) Chrome/120.0.0.0 Safari/537.36"
192.0.2.10 - - [25/Jan/2024:14:34:22 +0000] "DELETE /css/style.css?lookup=contact HTTP/1.1" 200 2575 "https://yandex.ru" "Mozilla/5.0 (Windows NT 10.0; Win64; x64) AppleWebKit/537.36 (KHTML, like Gecko) Chrome/120.0.0.0 Safari/537.36"
192.168.1.30 - - [25/Jan/2024:14:34:23 +0000] "POST /favicon.ico?term=page HTTP/1.1" 200 4023 "https://yandex.ru" "Mozilla/5.0 (X11; Linux x86_64) AppleWebKit/537.36 (KHTML, like Gecko) Chrome/120.0.0.0 Safari/537.36"
192.168.1.40 - - [25/Jan/2024:14:34:33 +0000] "PUT /news.php?find=article HTTP/1.1" 200 1611 "-" "Mozilla/5.0 (X11; Linux x86_64) AppleWebKit/537.36 (KHTML, like Gecko) Chrome/120.0.0.0 Safari/537.36"
192.168.1.40 - - [25/Jan/2024:14:34:34 +0000] "HEAD /products.php HTTP/1.1" 200 4492 "http://example.com/search" "Mozilla/5.0 (Macintosh; Intel Mac OS X 10_15_7) AppleWebKit/537.36 (KHTML, like Gecko) Chrome/120.0.0.0 Safari/537.36"
192.0.2.1 - - [25/Jan/2024:14:34:36 +0000] "GET /payment.php HTTP/1.1" 200 878 "http://example.com/search" "Mozilla/5.0 (Macintosh; Intel Mac OS X 10_15_7) AppleWebKit/537.36 (KHTML, like Gecko) Chrome/120.0.0.0 Safari/537.36"
203.0.113.20 - - [25/Jan/2024:14:34:37 +0000] "GET /admin/dashboard.php?term=info HTTP/1.1" 200 731 "-" "Mozilla/5.0 (Android 13; Mobile; rv:121.0) Gecko/121.0 Firefox/121.0"
10.0.0.10 - - [25/Jan/2024:14:34:42 +0000] "DELETE /checkout.php?search=display HTTP/1.1" 302 0 "http://example.com" "Mozilla/5.0 (X11; Linux x86_64) AppleWebKit/537.36 (KHTML, like Gecko) Chrome/120.0.0.0 Safari/537.36"
10.0.0.1 - - [25/Jan/2024:14:34:52 +0000] "DELETE /api/data HTTP/1.1" 200 1445 "https://yandex.ru" "Mozilla/5.0 (X11; Linux x86_64) AppleWebKit/537.36 (KHTML, like Gecko) Chrome/120.0.0.0 Safari/537.36"
10.0.0.20 - - [25/Jan/2024:14:34:54 +0000] "OPTIONS /products.php?lookup=find&offset=38 HTTP/1.1" 200 3515 "-" "curl/7.68.0"
203.0.113.10 - - [25/Jan/2024:14:34:56 +0000] "GET /home.php?keyword=user&sort=74 HTTP/1.1" 200 4180 "http://example.com" "Mozilla/5.0 (Windows NT 10.0; Win64; x64; rv:121.0) Gecko/20100101 Firefox/121.0"
198.51.100.1 - - [25/Jan/2024:14:35:05 +0000] "PUT /robots.txt?lookup=news&offset=52 HTTP/1.1" 200 4841 "-" "python-requests/2.28.0"
203.0.113.20 - - [25/Jan/2024:14:35:06 +0000] "POST /products.php?search=user&limit=26 HTTP/1.1" 200 927 "https://google.com" "Mozilla/5.0 (Macintosh; Intel Mac OS X 10_15_7) AppleWebKit/537.36 (KHTML, like Gecko) Chrome/120.0.0.0 Safari/537.36"
192.168.1.20 - - [25/Jan/2024:14:35:09 +0000] "POST /home.php HTTP/1.1" 200 2442 "http://example.com" "PostmanRuntime/7.32.0"
192.168.1.30 - - [25/Jan/2024:14:35:14 +0000] "DELETE /search.php?term=display HTTP/1.1" 200 685 "http://example.com" "Googlebot/2.1"
10.0.0.1 - - [25/Jan/2024:14:35:23 +0000] "OPTIONS /admin/login.php?lookup=article HTTP/1.1" 404 0 "http://example.com/search" "Mozilla/5.0 (Windows NT 10.0; Win64; x64) AppleWebKit/537.36 (KHTML, like Gecko) Chrome/120.0.0.0 Safari/537.36"
10.0.0.5 - - [25/Jan/2024:14:35:31 +0000] "OPTIONS /sitemap.xml?lookup=article&offset=29 HTTP/1.1" 200 336 "http://example.com" "python-requests/2.28.0"
192.168.1.30 - - [25/Jan/2024:14:35:33 +0000] "GET /home.php?query=admin&sort=30 HTTP/1.1" 200 2643 "https://yandex.ru" "Mozilla/5.0 (Macintosh; Intel Mac OS X 10_15_7) AppleWebKit/537.36 (KHTML, like Gecko) Chrome/120.0.0.0 Safari/537.36"
172.16.0.1 - - [25/Jan/2024:14:35:34 +0000] "DELETE /about.php?keyword=hello HTTP/1.1" 200 2692 "https://google.com" "Mozilla/5.0 (iPhone; CPU iPhone OS 17_0 like Mac OS X) AppleWebKit/605.1.15 (KHTML, like Gecko) Version/17.0 Mobile/15E148 Safari/604.1"
10.0.0.15 - - [25/Jan/2024:14:35:36 +0000] "DELETE /robots.txt HTTP/1.1" 200 2086 "https://google.com" "Mozilla/5.0 (Windows NT 10.0; Win64; x64; rv:121.0) Gecko/20100101 Firefox/121.0"
10.0.0.10 - - [25/Jan/2024:14:35:37 +0000] "POST /checkout.php HTTP/1.1" 200 3726 "https://yandex.ru" "Mozilla/5.0 (Windows NT 10.0; Win64; x64) AppleWebKit/537.36 (KHTML, like Gecko) Chrome/120.0.0.0 Safari/537.36"
198.51.100.10 - - [25/Jan/2024:14:35:39 +0000] "POST /checkout.php?query=service HTTP/1.1" 200 989 "https://yandex.ru" "Mozilla/5.0 (X11; Linux x86_64) AppleWebKit/537.36 (KHTML, like Gecko) Chrome/120.0.0.0 Safari/537.36"
127.0.0.1 - - [25/Jan/2024:14:35:47 +0000] "POST /about.php HTTP/1.1" 200 2135 "-" "Mozilla/5.0 (X11; Linux x86_64) AppleWebKit/537.36 (KHTML, like Gecko) Chrome/120.0.0.0 Safari/537.36"
172.16.0.5 - - [25/Jan/2024:14:35:49 +0000] "PUT /search.php?search=news HTTP/1.1" 200 2456 "https://yandex.ru" "Googlebot/2.1"
198.51.100.1 - - [25/Jan/2024:14:35:57 +0000] "DELETE /home.php?search=about HTTP/1.1" 200 3570 "https://yandex.ru" "curl/7.68.0"
192.0.2.1 - - [25/Jan/2024:14:35:58 +0000] "POST /api/search HTTP/1.1" 200 383 "http://example.com" "Mozilla/5.0 (Android 13; Mobile; rv:121.0) Gecko/121.0 Firefox/121.0"
172.16.0.5 - - [25/Jan/2024:14:36:06 +0000] "HEAD /products.php HTTP/1.1" 200 1993 "-" "Mozilla/5.0 (Windows NT 10.0; Win64; x64) AppleWebKit/537.36 (KHTML, like Gecko) Chrome/120.0.0.0 Safari/537.36"
198.51.100.1 - - [25/Jan/2024:14:36:08 +0000] "POST /robots.txt?query=find HTTP/1.1" 200 1464 "http://example.com/search" "Mozilla/5.0 (Windows NT 10.0; Win64; x64; rv:121.0) Gecko/20100101 Firefox/121.0"
10.0.0.10 - - [25/Jan/2024:14:36:10 +0000] "HEAD /api/data?keyword=blog&limit=18 HTTP/1.1" 304 0 "https://yandex.ru" "Mozilla/5.0 (X11; Linux x86_64) AppleWebKit/537.36 (KHTML, like Gecko) Chrome/120.0.0.0 Safari/537.36"
192.168.1.10 - - [25/Jan/2024:14:36:13 +0000] "PUT /user/profile.php HTTP/1.1" 200 251 "https://google.com" "curl/7.68.0"
198.51.100.10 - - [25/Jan/2024:14:36:22 +0000] "POST /images/logo.png HTTP/1.1" 200 4683 "http://example.com/search" "curl/7.68.0"
10.0.0.20 - - [25/Jan/2024:14:36:26 +0000] "POST /admin/dashboard.php?find=get&limit=34 HTTP/1.1" 200 2748 "http://example.com" "python-requests/2.28.0"
203.0.113.10 - - [25/Jan/2024:14:36:33 +0000] "GET /about.php?query=contact HTTP/1.1" 200 3469 "https://yandex.ru" "Mozilla/5.0 (Android 13; Mobile; rv:121.0) Gecko/121.0 Firefox/121.0"
127.0.0.1 - - [25/Jan/2024:14:36:38 +0000] "HEAD /api/data?search=hello HTTP/1.1" 200 2882 "http://example.com" "Mozilla/5.0 (Windows NT 10.0; Win64; x64) AppleWebKit/537.36 (KHTML, like Gecko) Chrome/120.0.0.0 Safari/537.36"
198.51.100.1 - - [25/Jan/2024:14:36:45 +0000] "DELETE /about.php?term=user&sort=79 HTTP/1.1" 200 2920 "-" "Mozilla/5.0 (Macintosh; Intel Mac OS X 10_15_7) AppleWebKit/537.36 (KHTML, like Gecko) Chrome/120.0.0.0 Safari/537.36"
203.0.113.10 - - [25/Jan/2024:14:36:52 +0000] "PUT /products.php?term=result&limit=54 HTTP/1.1" 200 3172 "https://google.com" "Mozilla/5.0 (Macintosh; Intel Mac OS X 10_15_7) AppleWebKit/537.36 (KHTML, like Gecko) Chrome/120.0.0.0 Safari/537.36"
10.0.0.10 - - [25/Jan/2024:14:36:56 +0000] "GET /robots.txt?query=contact HTTP/1.1" 200 3125 "https://google.com" "Googlebot/2.1"
192.168.1.30 - - [25/Jan/2024:14:37:05 +0000] "HEAD /blog.php?search=news HTTP/1.1" 200 2455 "https://yandex.ru" "Mozilla/5.0 (Android 13; Mobile; rv:121.0) Gecko/121.0 Firefox/121.0"
10.0.0.10 - - [25/Jan/2024:14:37:15 +0000] "PUT /contact.php?query=product&offset=60 HTTP/1.1" 200 3491 "https://google.com" "Mozilla/5.0 (Android 13; Mobile; rv:121.0) Gecko/121.0 Firefox/121.0"
10.0.0.5 - - [25/Jan/2024:14:37:22 +0000] "OPTIONS /services.php?lookup=page HTTP/1.1" 200 3954 "https://google.com" "Mozilla/5.0 (X11; Linux x86_64) AppleWebKit/537.36 (KHTML, like Gecko) Chrome/120.0.0.0 Safari/537.36"
172.16.0.15 - - [25/Jan/2024:14:37:28 +0000] "PUT /cart.php?q=page&offset=92 HTTP/1.1" 200 1814 "http://example.com" "python-requests/2.28.0"
127.0.0.1 - - [25/Jan/2024:14:37:31 +0000] "OPTIONS /user/profile.php?lookup=display HTTP/1.1" 200 3338 "https://google.com" "PostmanRuntime/7.32.0"
10.0.0.15 - - [25/Jan/2024:14:37:41 +0000] "GET /blog.php?query=page&page=26 HTTP/1.1" 200 3289 "https://yandex.ru" "Mozilla/5.0 (Macintosh; Intel Mac OS X 10_15_7) AppleWebKit/537.36 (KHTML, like Gecko) Chrome/120.0.0.0 Safari/537.36"
192.0.2.1 - - [25/Jan/2024:14:37:46 +0000] "GET /products.php?keyword=world&limit=99 HTTP/1.1" 200 2692 "https://google.com" "Mozilla/5.0 (Windows NT 10.0; Win64; x64) AppleWebKit/537.36 (KHTML, like Gecko) Chrome/120.0.0.0 Safari/537.36"
198.51.100.10 - - [25/Jan/2024:14:37:52 +0000] "PUT /home.php HTTP/1.1" 200 2056 "https://yandex.ru" "curl/7.68.0"
10.0.0.20 - - [25/Jan/2024:14:37:53 +0000] "POST /about.php?term=index&sort=14 HTTP/1.1" 200 1052 "https://google.com" "Mozilla/5.0 (iPhone; CPU iPhone OS 17_0 like Mac OS X) AppleWebKit/605.1.15 (KHTML, like Gecko) Version/17.0 Mobile/15E148 Safari/604.1"
192.168.1.40 - - [25/Jan/2024:14:37:59 +0000] "PUT /user/profile.php?lookup=page&sort=50 HTTP/1.1" 200 4344 "http://example.com/search" "Googlebot/2.1"
192.0.2.1 - - [25/Jan/2024:14:38:00 +0000] "OPTIONS /about.php HTTP/1.1" 200 4841 "http://example.com/search" "curl/7.68.0"
192.0.2.1 - - [25/Jan/2024:14:38:05 +0000] "POST /robots.txt?keyword=news HTTP/1.1" 200 4567 "https://yandex.ru" "curl/7.68.0"
10.0.0.5 - - [25/Jan/2024:14:38:11 +0000] "HEAD /images/logo.png?lookup=page HTTP/1.1" 200 1158 "https://google.com" "Mozilla/5.0 (Windows NT 10.0; Win64; x64; rv:121.0) Gecko/20100101 Firefox/121.0"
203.0.113.10 - - [25/Jan/2024:14:38:17 +0000] "PUT /services.php?q=find&sort=56 HTTP/1.1" 200 741 "https://google.com" "curl/7.68.0"
192.168.1.20 - - [25/Jan/2024:14:38:24 +0000] "HEAD /user/profile.php?query=query&limit=41 HTTP/1.1" 200 2641 "https://yandex.ru" "Mozilla/5.0 (X11; Linux x86_64) AppleWebKit/537.36 (KHTML, like Gecko) Chrome/120.0.0.0 Safari/537.36"
10.0.0.15 - - [25/Jan/2024:14:38:25 +0000] "GET /js/main.js?find=blog HTTP/1.1" 200 1705 "-" "Mozilla/5.0 (Windows NT 10.0; Win64; x64) AppleWebKit/537.36 (KHTML, like Gecko) Chrome/120.0.0.0 Safari/537.36"
10.0.0.20 - - [25/Jan/2024:14:38:28 +0000] "DELETE /user/profile.php?query=product&page=21 HTTP/1.1" 200 2276 "http://example.com/search" "Mozilla/5.0 (iPhone; CPU iPhone OS 17_0 like Mac OS X) AppleWebKit/605.1.15 (KHTML, like Gecko) Version/17.0 Mobile/15E148 Safari/604.1"
172.16.0.15 - - [25/Jan/2024:14:38:32 +0000] "HEAD /api/data?term=display HTTP/1.1" 200 2008 "https://google.com" "PostmanRuntime/7.32.0"
172.16.0.5 - - [25/Jan/2024:14:38:35 +0000] "HEAD /robots.txt?q=info&limit=73 HTTP/1.1" 200 2612 "https://google.com" "curl/7.68.0"
192.0.2.10 - - [25/Jan/2024:14:38:43 +0000] "PUT /css/style.css?search=news HTTP/1.1" 200 2583 "http://example.com/search" "Mozilla/5.0 (Windows NT 10.0; Win64; x64; rv:121.0) Gecko/20100101 Firefox/121.0"
192.0.2.1 - - [25/Jan/2024:14:38:45 +0000] "DELETE /api/search?q=hello&offset=65 HTTP/1.1" 200 4269 "https://yandex.ru" "Googlebot/2.1"
192.168.1.40 - - [25/Jan/2024:14:38:48 +0000] "HEAD /user/profile.php?lookup=page HTTP/1.1" 200 3353 "-" "Mozilla/5.0 (Windows NT 10.0; Win64; x64; rv:121.0) Gecko/20100101 Firefox/121.0"
172.16.0.5 - - [25/Jan/2024:14:38:49 +0000] "DELETE /user/profile.php?find=get&sort=7 HTTP/1.1" 200 2656 "http://example.com" "python-requests/2.28.0"
203.0.113.1 - - [25/Jan/2024:14:38:58 +0000] "PUT /index.php?find=show&limit=42 HTTP/1.1" 200 3872 "http://example.com/search" "Mozilla/5.0 (Android 13; Mobile; rv:121.0) Gecko/121.0 Firefox/121.0"
198.51.100.10 - - [25/Jan/2024:14:39:03 +0000] "DELETE /blog.php?term=show&page=51 HTTP/1.1" 200 107 "http://example.com" "curl/7.68.0"
192.168.1.30 - - [25/Jan/2024:14:39:06 +0000] "DELETE /index.php?query=find&offset=86 HTTP/1.1" 301 0 "-" "Mozilla/5.0 (Macintosh; Intel Mac OS X 10_15_7) AppleWebKit/537.36 (KHTML, like Gecko) Chrome/120.0.0.0 Safari/537.36"
192.168.1.10 - - [25/Jan/2024:14:39:10 +0000] "GET /user/settings.php HTTP/1.1" 200 320 "https://google.com" "python-requests/2.28.0"
203.0.113.1 - - [25/Jan/2024:14:39:15 +0000] "PUT /favicon.ico?term=about&offset=34 HTTP/1.1" 200 2214 "http://example.com/search" "Mozilla/5.0 (iPhone; CPU iPhone OS 17_0 like Mac OS X) AppleWebKit/605.1.15 (KHTML, like Gecko) Version/17.0 Mobile/15E148 Safari/604.1"
10.0.0.10 - - [25/Jan/2024:14:39:23 +0000] "DELETE /images/logo.png HTTP/1.1" 200 4567 "https://yandex.ru" "Mozilla/5.0 (Macintosh; Intel Mac OS X 10_15_7) AppleWebKit/537.36 (KHTML, like Gecko) Chrome/120.0.0.0 Safari/537.36"
172.16.0.5 - - [25/Jan/2024:14:39:32 +0000] "HEAD /news.php?keyword=find&limit=36 HTTP/1.1" 200 1449 "http://example.com/search" "Mozilla/5.0 (Android 13; Mobile; rv:121.0) Gecko/121.0 Firefox/121.0"
127.0.0.1 - - [25/Jan/2024:14:39:34 +0000] "PUT /css/style.css HTTP/1.1" 200 3018 "https://google.com" "Mozilla/5.0 (Android 13; Mobile; rv:121.0) Gecko/121.0 Firefox/121.0"
198.51.100.1 - - [25/Jan/2024:14:39:38 +0000] "GET /admin/login.php?keyword=post&offset=30 HTTP/1.1" 200 3977 "http://example.com/search" "python-requests/2.28.0"
172.16.0.15 - - [25/Jan/2024:14:39:48 +0000] "DELETE /news.php?query=post&sort=56 HTTP/1.1" 200 1463 "-" "PostmanRuntime/7.32.0"
172.16.0.1 - - [25/Jan/2024:14:39:49 +0000] "HEAD /js/main.js HTTP/1.1" 200 3730 "https://google.com" "Mozilla/5.0 (Macintosh; Intel Mac OS X 10_15_7) AppleWebKit/537.36 (KHTML, like Gecko) Chrome/120.0.0.0 Safari/537.36"
10.0.0.10 - - [25/Jan/2024:14:39:57 +0000] "PUT /robots.txt HTTP/1.1" 200 911 "http://example.com/search" "Mozilla/5.0 (Windows NT 10.0; Win64; x64; rv:121.0) Gecko/20100101 Firefox/121.0"
203.0.113.20 - - [25/Jan/2024:14:40:01 +0000] "POST /api/data?term=search HTTP/1.1" 200 902 "-" "python-requests/2.28.0"
203.0.113.10 - - [25/Jan/2024:14:40:02 +0000] "PUT /admin/users.php HTTP/1.1" 200 3185 "http://example.com" "Mozilla/5.0 (Macintosh; Intel Mac OS X 10_15_7) AppleWebKit/537.36 (KHTML, like Gecko) Chrome/120.0.0.0 Safari/537.36"
172.16.0.1 - - [25/Jan/2024:14:40:12 +0000] "OPTIONS /admin/login.php?search=blog&limit=95 HTTP/1.1" 200 343 "http://example.com" "Googlebot/2.1"
203.0.113.1 - - [25/Jan/2024:14:40:20 +0000] "POST /admin/users.php?search=info&limit=51 HTTP/1.1" 200 3375 "-" "PostmanRuntime/7.32.0"
127.0.0.1 - - [25/Jan/2024:14:40:24 +0000] "PUT /home.php?search=page&limit=43 HTTP/1.1" 200 751 "http://example.com" "python-requests/2.28.0"
192.168.1.20 - - [25/Jan/2024:14:40:32 +0000] "HEAD /services.php?query=product&page=62 HTTP/1.1" 200 337 "https://google.com" "Googlebot/2.1"
172.16.0.5 - - [25/Jan/2024:14:40:35 +0000] "GET /sitemap.xml?query=get HTTP/1.1" 200 4698 "http://example.com" "python-requests/2.28.0"
172.16.0.10 - - [25/Jan/2024:14:40:37 +0000] "GET /about.php?term=product HTTP/1.1" 200 139 "http://example.com" "Mozilla/5.0 (iPhone; CPU iPhone OS 17_0 like Mac OS X) AppleWebKit/605.1.15 (KHTML, like Gecko) Version/17.0 Mobile/15E148 Safari/604.1"
172.16.0.10 - - [25/Jan/2024:14:40:42 +0000] "DELETE /contact.php?q=admin HTTP/1.1" 200 4200 "https://yandex.ru" "Mozilla/5.0 (Windows NT 10.0; Win64; x64; rv:121.0) Gecko/20100101 Firefox/121.0"
198.51.100.10 - - [25/Jan/2024:14:40:45 +0000] "HEAD /home.php?find=hello&page=15 HTTP/1.1" 200 4386 "http://example.com" "Mozilla/5.0 (X11; Linux x86_64) AppleWebKit/537.36 (KHTML, like Gecko) Chrome/120.0.0.0 Safari/537.36"
172.16.0.10 - - [25/Jan/2024:14:40:46 +0000] "PUT /products.php?lookup=result HTTP/1.1" 200 3161 "https://google.com" "curl/7.68.0"
10.0.0.1 - - [25/Jan/2024:14:40:54 +0000] "HEAD /contact.php HTTP/1.1" 301 0 "https://yandex.ru" "Mozilla/5.0 (iPhone; CPU iPhone OS 17_0 like Mac OS X) AppleWebKit/605.1.15 (KHTML, like Gecko) Version/17.0 Mobile/15E148 Safari/604.1"
10.0.0.5 - - [25/Jan/2024:14:40:56 +0000] "DELETE /contact.php?q=news&limit=9 HTTP/1.1" 200 3677 "https://google.com" "Mozilla/5.0 (Windows NT 10.0; Win64; x64) AppleWebKit/537.36 (KHTML, like Gecko) Chrome/120.0.0.0 Safari/537.36"
192.168.1.40 - - [25/Jan/2024:14:41:01 +0000] "PUT /sitemap.xml HTTP/1.1" 200 258 "https://google.com" "Mozilla/5.0 (Windows NT 10.0; Win64; x64; rv:121.0) Gecko/20100101 Firefox/121.0"
10.0.0.10 - - [25/Jan/2024:14:41:07 +0000] "OPTIONS /home.php?keyword=admin&sort=53 HTTP/1.1" 200 1470 "-" "Googlebot/2.1"
192.168.1.30 - - [25/Jan/2024:14:41:16 +0000] "DELETE /images/logo.png HTTP/1.1" 200 713 "https://yandex.ru" "Mozilla/5.0 (X11; Linux x86_64) AppleWebKit/537.36 (KHTML, like Gecko) Chrome/120.0.0.0 Safari/537.36"
203.0.113.10 - - [25/Jan/2024:14:41:20 +0000] "POST /api/search?term=get&sort=69 HTTP/1.1" 304 0 "http://example.com/search" "Mozilla/5.0 (Windows NT 10.0; Win64; x64) AppleWebKit/537.36 (KHTML, like Gecko) Chrome/120.0.0.0 Safari/537.36"
192.168.1.30 - - [25/Jan/2024:14:41:26 +0000] "HEAD /user/settings.php HTTP/1.1" 200 901 "https://yandex.ru" "Mozilla/5.0 (iPhone; CPU iPhone OS 17_0 like Mac OS X) AppleWebKit/605.1.15 (KHTML, like Gecko) Version/17.0 Mobile/15E148 Safari/604.1"
172.16.0.10 - - [25/Jan/2024:14:41:30 +0000] "GET /admin/users.php?search=test&offset=55 HTTP/1.1" 200 1555 "https://yandex.ru" "Mozilla/5.0 (Windows NT 10.0; Win64; x64) AppleWebKit/537.36 (KHTML, like Gecko) Chrome/120.0.0.0 Safari/537.36"
203.0.113.1 - - [25/Jan/2024:14:41:31 +0000] "PUT /api/search?keyword=result&offset=100 HTTP/1.1" 200 2662 "http://example.com/search" "Mozilla/5.0 (X11; Linux x86_64) AppleWebKit/537.36 (KHTML, like Gecko) Chrome/120.0.0.0 Safari/537.36"
10.0.0.20 - - [25/Jan/2024:14:41:35 +0000] "PUT /checkout.php?query=display&offset=72 HTTP/1.1" 200 2993 "https://yandex.ru" "Mozilla/5.0 (iPhone; CPU iPhone OS 17_0 like Mac OS X) AppleWebKit/605.1.15 (KHTML, like Gecko) Version/17.0 Mobile/15E148 Safari/604.1"
192.168.1.10 - - [25/Jan/2024:14:41:43 +0000] "DELETE /api/data?lookup=get&page=73 HTTP/1.1" 200 3195 "https://google.com" "python-requests/2.28.0"
10.0.0.20 - - [25/Jan/2024:14:41:48 +0000] "OPTIONS /robots.txt?find=admin HTTP/1.1" 200 1021 "https://yandex.ru" "python-requests/2.28.0"
127.0.0.1 - - [25/Jan/2024:14:41:57 +0000] "PUT /images/logo.png?query=result&offset=26 HTTP/1.1" 200 2850 "https://yandex.ru" "Mozilla/5.0 (X11; Linux x86_64) AppleWebKit/537.36 (KHTML, like Gecko) Chrome/120.0.0.0 Safari/537.36"
192.168.1.20 - - [25/Jan/2024:14:42:05 +0000] "OPTIONS /products.php?query=find&limit=88 HTTP/1.1" 200 2652 "https://google.com" "Mozilla/5.0 (Android 13; Mobile; rv:121.0) Gecko/121.0 Firefox/121.0"
192.168.1.40 - - [25/Jan/2024:14:42:11 +0000] "GET /api/search HTTP/1.1" 200 1913 "https://google.com" "Mozilla/5.0 (Macintosh; Intel Mac OS X 10_15_7) AppleWebKit/537.36 (KHTML, like Gecko) Chrome/120.0.0.0 Safari/537.36"
192.168.1.20 - - [25/Jan/2024:14:42:13 +0000] "GET /api/search?q=blog&page=56 HTTP/1.1" 200 3029 "http://example.com/search" "PostmanRuntime/7.32.0"
10.0.0.5 - - [25/Jan/2024:14:42:21 +0000] "OPTIONS /sitemap.xml?query=test&page=66 HTTP/1.1" 200 634 "http://example.com/search" "curl/7.68.0"
10.0.0.15 - - [25/Jan/2024:14:42:29 +0000] "GET /payment.php?q=test&page=27 HTTP/1.1" 200 1137 "http://example.com" "Mozilla/5.0 (Macintosh; Intel Mac OS X 10_15_7) AppleWebKit/537.36 (KHTML, like Gecko) Chrome/120.0.0.0 Safari/537.36"
203.0.113.1 - - [25/Jan/2024:14:42:38 +0000] "HEAD /blog.php?q=world&page=98 HTTP/1.1" 200 3399 "https://google.com" "Mozilla/5.0 (Android 13; Mobile; rv:121.0) Gecko/121.0 Firefox/121.0"
203.0.113.20 - - [25/Jan/2024:14:42:39 +0000] "HEAD /payment.php HTTP/1.1" 200 2511 "http://example.com/search" "Mozilla/5.0 (Windows NT 10.0; Win64; x64; rv:121.0) Gecko/20100101 Firefox/121.0"
192.0.2.1 - - [25/Jan/2024:14:42:47 +0000] "HEAD /robots.txt?q=find&limit=61 HTTP/1.1" 200 1603 "https://google.com" "Mozilla/5.0 (Windows NT 10.0; Win64; x64; rv:121.0) Gecko/20100101 Firefox/121.0"
10.0.0.15 - - [25/Jan/2024:14:42:52 +0000] "POST /home.php?q=about&limit=97 HTTP/1.1" 200 459 "http://example.com/search" "Mozilla/5.0 (iPhone; CPU iPhone OS 17_0 like Mac OS X) AppleWebKit/605.1.15 (KHTML, like Gecko) Version/17.0 Mobile/15E148 Safari/604.1"
127.0.0.1 - - [25/Jan/2024:14:42:59 +0000] "GET /api/search?lookup=index&offset=22 HTTP/1.1" 200 1522 "https://yandex.ru" "curl/7.68.0"
10.0.0.20 - - [25/Jan/2024:14:43:04 +0000] "GET /index.php?search=list HTTP/1.1" 200 2618 "-" "python-requests/2.28.0"
192.0.2.10 - - [25/Jan/2024:14:43:11 +0000] "DELETE /robots.txt HTTP/1.1" 200 3948 "http://example.com/search" "Mozilla/5.0 (X11; Linux x86_64) AppleWebKit/537.36 (KHTML, like Gecko) Chrome/120.0.0.0 Safari/537.36"
172.16.0.15 - - [25/Jan/2024:14:43:12 +0000] "OPTIONS /checkout.php?keyword=home HTTP/1.1" 200 2880 "https://google.com" "curl/7.68.0"
172.16.0.5 - - [25/Jan/2024:14:43:22 +0000] "GET /index.php?lookup=contact HTTP/1.1" 200 2879 "http://example.com/search" "Mozilla/5.0 (Windows NT 10.0; Win64; x64) AppleWebKit/537.36 (KHTML, like Gecko) Chrome/120.0.0.0 Safari/537.36"
198.51.100.10 - - [25/Jan/2024:14:43:29 +0000] "HEAD /products.php?find=get HTTP/1.1" 302 0 "-" "Mozilla/5.0 (Windows NT 10.0; Win64; x64) AppleWebKit/537.36 (KHTML, like Gecko) Chrome/120.0.0.0 Safari/537.36"
127.0.0.1 - - [25/Jan/2024:14:43:34 +0000] "DELETE /images/logo.png?query=info&offset=8 HTTP/1.1" 200 297 "https://google.com" "Mozilla/5.0 (iPhone; CPU iPhone OS 17_0 like Mac OS X) AppleWebKit/605.1.15 (KHTML, like Gecko) Version/17.0 Mobile/15E148 Safari/604.1"
10.0.0.5 - - [25/Jan/2024:14:43:35 +0000] "GET /admin/login.php?term=test HTTP/1.1" 200 1970 "https://yandex.ru" "Mozilla/5.0 (X11; Linux x86_64) AppleWebKit/537.36 (KHTML, like Gecko) Chrome/120.0.0.0 Safari/537.36"
192.168.1.20 - - [25/Jan/2024:14:43:43 +0000] "POST /js/main.js?query=contact&page=26 HTTP/1.1" 200 3574 "http://example.com/search" "Mozilla/5.0 (Windows NT 10.0; Win64; x64) AppleWebKit/537.36 (KHTML, like Gecko) Chrome/120.0.0.0 Safari/537.36"
198.51.100.1 - - [25/Jan/2024:14:43:47 +0000] "PUT /products.php HTTP/1.1" 404 0 "https://google.com" "PostmanRuntime/7.32.0"
172.16.0.5 - - [25/Jan/2024:14:43:55 +0000] "OPTIONS /payment.php?q=search HTTP/1.1" 200 3497 "https://google.com" "Mozilla/5.0 (Windows NT 10.0; Win64; x64) AppleWebKit/537.36 (KHTML, like Gecko) Chrome/120.0.0.0 Safari/537.36"
127.0.0.1 - - [25/Jan/2024:14:43:59 +0000] "DELETE /contact.php?term=find HTTP/1.1" 200 3625 "http://example.com" "python-requests/2.28.0"
203.0.113.10 - - [25/Jan/2024:14:44:07 +0000] "GET /cart.php?search=world&offset=55 HTTP/1.1" 200 2432 "https://yandex.ru" "Mozilla/5.0 (Windows NT 10.0; Win64; x64; rv:121.0) Gecko/20100101 Firefox/121.0"
127.0.0.1 - - [25/Jan/2024:14:44:10 +0000] "DELETE /blog.php HTTP/1.1" 200 698 "-" "Googlebot/2.1"
172.16.0.10 - - [25/Jan/2024:14:44:20 +0000] "PUT /payment.php HTTP/1.1" 200 4765 "-" "PostmanRuntime/7.32.0"
127.0.0.1 - - [25/Jan/2024:14:44:26 +0000] "HEAD /api/search?keyword=test&page=21 HTTP/1.1" 200 3393 "http://example.com" "Mozilla/5.0 (Macintosh; Intel Mac OS X 10_15_7) AppleWebKit/537.36 (KHTML, like Gecko) Chrome/120.0.0.0 Safari/537.36"
10.0.0.15 - - [25/Jan/2024:14:44:33 +0000] "GET /payment.php HTTP/1.1" 200 2749 "http://example.com/search" "Mozilla/5.0 (Android 13; Mobile; rv:121.0) Gecko/121.0 Firefox/121.0"
192.168.1.10 - - [25/Jan/2024:14:44:35 +0000] "POST /payment.php?q=user HTTP/1.1" 200 1179 "http://example.com" "curl/7.68.0"
203.0.113.1 - - [25/Jan/2024:14:44:42 +0000] "PUT /search.php HTTP/1.1" 200 3528 "http://example.com" "Mozilla/5.0 (iPhone; CPU iPhone OS 17_0 like Mac OS X) AppleWebKit/605.1.15 (KHTML, like Gecko) Version/17.0 Mobile/15E148 Safari/604.1"
192.0.2.1 - - [25/Jan/2024:14:44:51 +0000] "POST /js/main.js HTTP/1.1" 200 3604 "-" "curl/7.68.0"
198.51.100.1 - - [25/Jan/2024:14:45:01 +0000] "GET /index.php?q=info&sort=7 HTTP/1.1" 200 3405 "https://google.com" "Mozilla/5.0 (Android 13; Mobile; rv:121.0) Gecko/121.0 Firefox/121.0"
172.16.0.10 - - [25/Jan/2024:14:45:04 +0000] "OPTIONS /user/profile.php?keyword=hello&sort=67 HTTP/1.1" 200 3256 "http://example.com" "Mozilla/5.0 (X11; Linux x86_64) AppleWebKit/537.36 (KHTML, like Gecko) Chrome/120.0.0.0 Safari/537.36"
192.168.1.40 - - [25/Jan/2024:14:45:11 +0000] "PUT /admin/users.php?query=news&sort=31 HTTP/1.1" 200 1279 "https://google.com" "python-requests/2.28.0"
192.168.1.20 - - [25/Jan/2024:14:45:15 +0000] "DELETE /home.php?search=service HTTP/1.1" 200 4047 "https://yandex.ru" "Googlebot/2.1"
172.16.0.10 - - [25/Jan/2024:14:45:19 +0000] "OPTIONS /contact.php?find=news HTTP/1.1" 200 1272 "https://google.com" "PostmanRuntime/7.32.0"
198.51.100.10 - - [25/Jan/2024:14:45:24 +0000] "PUT /news.php?keyword=search&offset=64 HTTP/1.1" 200 2134 "http://example.com" "Mozilla/5.0 (Android 13; Mobile; rv:121.0) Gecko/121.0 Firefox/121.0"
10.0.0.20 - - [25/Jan/2024:14:45:26 +0000] "OPTIONS /robots.txt?keyword=news HTTP/1.1" 200 1293 "-" "python-requests/2.28.0"
192.168.1.20 - - [25/Jan/2024:14:45:36 +0000] "OPTIONS /news.php?keyword=about&limit=49 HTTP/1.1" 200 2278 "-" "Mozilla/5.0 (Windows NT 10.0; Win64; x64) AppleWebKit/537.36 (KHTML, like Gecko) Chrome/120.0.0.0 Safari/537.36"
192.0.2.1 - - [25/Jan/2024:14:45:40 +0000] "DELETE /favicon.ico?search=admin&page=69 HTTP/1.1" 200 4562 "https://google.com" "Mozilla/5.0 (Android 13; Mobile; rv:121.0) Gecko/121.0 Firefox/121.0"
10.0.0.20 - - [25/Jan/2024:14:45:43 +0000] "POST /index.php?term=news&sort=64 HTTP/1.1" 200 4202 "-" "Mozilla/5.0 (Windows NT 10.0; Win64; x64; rv:121.0) Gecko/20100101 Firefox/121.0"
192.168.1.20 - - [25/Jan/2024:14:45:53 +0000] "POST /favicon.ico HTTP/1.1" 200 3743 "-" "Googlebot/2.1"
192.168.1.40 - - [25/Jan/2024:14:45:54 +0000] "POST /blog.php?lookup=home&sort=56 HTTP/1.1" 200 3673 "http://example.com" "Mozilla/5.0 (iPhone; CPU iPhone OS 17_0 like Mac OS X) AppleWebKit/605.1.15 (KHTML, like Gecko) Version/17.0 Mobile/15E148 Safari/604.1"
203.0.113.10 - - [25/Jan/2024:14:46:02 +0000] "PUT /blog.php?keyword=hello HTTP/1.1" 200 2702 "https://google.com" "Mozilla/5.0 (X11; Linux x86_64) AppleWebKit/537.36 (KHTML, like Gecko) Chrome/120.0.0.0 Safari/537.36"
198.51.100.1 - - [25/Jan/2024:14:46:04 +0000] "DELETE /admin/login.php?q=index HTTP/1.1" 200 4692 "-" "Mozilla/5.0 (Windows NT 10.0; Win64; x64) AppleWebKit/537.36 (KHTML, like Gecko) Chrome/120.0.0.0 Safari/537.36"
198.51.100.10 - - [25/Jan/2024:14:46:08 +0000] "PUT /favicon.ico?keyword=info HTTP/1.1" 200 721 "https://google.com" "python-requests/2.28.0"
172.16.0.15 - - [25/Jan/2024:14:46:12 +0000] "HEAD /news.php HTTP/1.1" 301 0 "http://example.com" "Mozilla/5.0 (Android 13; Mobile; rv:121.0) Gecko/121.0 Firefox/121.0"
192.0.2.10 - - [25/Jan/2024:14:46:21 +0000] "HEAD /admin/login.php?search=service&limit=95 HTTP/1.1" 200 4780 "http://example.com/search" "Mozilla/5.0 (Windows NT 10.0; Win64; x64; rv:121.0) Gecko/20100101 Firefox/121.0"
203.0.113.10 - - [25/Jan/2024:14:46:28 +0000] "HEAD /admin/login.php HTTP/1.1" 200 1706 "https://google.com" "Googlebot/2.1"
172.16.0.15 - - [25/Jan/2024:14:46:31 +0000] "GET /css/style.css HTTP/1.1" 200 523 "http://example.com/search" "Googlebot/2.1"
192.168.1.40 - - [25/Jan/2024:14:46:36 +0000] "PUT /index.php?find=data&sort=66 HTTP/1.1" 200 1298 "https://google.com" "Mozilla/5.0 (Macintosh; Intel Mac OS X 10_15_7) AppleWebKit/537.36 (KHTML, like Gecko) Chrome/120.0.0.0 Safari/537.36"
203.0.113.1 - - [25/Jan/2024:14:46:45 +0000] "DELETE /api/data?search=get&limit=35 HTTP/1.1" 200 4404 "-" "Mozilla/5.0 (Macintosh; Intel Mac OS X 10_15_7) AppleWebKit/537.36 (KHTML, like Gecko) Chrome/120.0.0.0 Safari/537.36"
203.0.113.10 - - [25/Jan/2024:14:46:46 +0000] "PUT /css/style.css?keyword=admin&page=70 HTTP/1.1" 200 720 "https://yandex.ru" "Mozilla/5.0 (Windows NT 10.0; Win64; x64) AppleWebKit/537.36 (KHTML, like Gecko) Chrome/120.0.0.0 Safari/537.36"
10.0.0.10 - - [25/Jan/2024:14:46:56 +0000] "PUT /admin/login.php?q=search HTTP/1.1" 200 4731 "https://yandex.ru" "Googlebot/2.1"
10.0.0.20 - - [25/Jan/2024:14:47:04 +0000] "OPTIONS /cart.php?q=admin HTTP/1.1" 200 4392 "https://yandex.ru" "Mozilla/5.0 (Windows NT 10.0; Win64; x64) AppleWebKit/537.36 (KHTML, like Gecko) Chrome/120.0.0.0 Safari/537.36"
172.16.0.1 - - [25/Jan/2024:14:47:14 +0000] "HEAD /home.php?lookup=product&limit=34 HTTP/1.1" 200 511 "https://yandex.ru" "Mozilla/5.0 (iPhone; CPU iPhone OS 17_0 like Mac OS X) AppleWebKit/605.1.15 (KHTML, like Gecko) Version/17.0 Mobile/15E148 Safari/604.1"
10.0.0.20 - - [25/Jan/2024:14:47:16 +0000] "PUT /news.php HTTP/1.1" 200 1675 "-" "Mozilla/5.0 (iPhone; CPU iPhone OS 17_0 like Mac OS X) AppleWebKit/605.1.15 (KHTML, like Gecko) Version/17.0 Mobile/15E148 Safari/604.1"
172.16.0.15 - - [25/Jan/2024:14:47:25 +0000] "GET /index.php?search=page HTTP/1.1" 200 2940 "http://example.com/search" "Mozilla/5.0 (Windows NT 10.0; Win64; x64) AppleWebKit/537.36 (KHTML, like Gecko) Chrome/120.0.0.0 Safari/537.36"
10.0.0.10 - - [25/Jan/2024:14:47:33 +0000] "HEAD /admin/dashboard.php?lookup=admin&offset=90 HTTP/1.1" 200 1321 "http://example.com" "curl/7.68.0"
10.0.0.5 - - [25/Jan/2024:14:47:37 +0000] "OPTIONS /api/users?query=display&page=50 HTTP/1.1" 200 236 "http://example.com" "Mozilla/5.0 (Android 13; Mobile; rv:121.0) Gecko/121.0 Firefox/121.0"
10.0.0.15 - - [25/Jan/2024:14:47:45 +0000] "HEAD /services.php?search=find&offset=69 HTTP/1.1" 200 3925 "http://example.com/search" "Mozilla/5.0 (X11; Linux x86_64) AppleWebKit/537.36 (KHTML, like Gecko) Chrome/120.0.0.0 Safari/537.36"
192.0.2.1 - - [25/Jan/2024:14:47:49 +0000] "HEAD /contact.php?q=world&offset=41 HTTP/1.1" 200 4257 "https://google.com" "Mozilla/5.0 (iPhone; CPU iPhone OS 17_0 like Mac OS X) AppleWebKit/605.1.15 (KHTML, like Gecko) Version/17.0 Mobile/15E148 Safari/604.1"
192.0.2.1 - - [25/Jan/2024:14:47:55 +0000] "POST /news.php?lookup=get&page=12 HTTP/1.1" 200 2215 "http://example.com/search" "Mozilla/5.0 (Windows NT 10.0; Win64; x64; rv:121.0) Gecko/20100101 Firefox/121.0"
10.0.0.10 - - [25/Jan/2024:14:48:00 +0000] "DELETE /admin/dashboard.php?lookup=index HTTP/1.1" 200 485 "http://example.com/search" "PostmanRuntime/7.32.0"
172.16.0.15 - - [25/Jan/2024:14:48:01 +0000] "GET /api/data HTTP/1.1" 200 3794 "https://yandex.ru" "curl/7.68.0"
10.0.0.1 - - [25/Jan/2024:14:48:08 +0000] "PUT /contact.php HTTP/1.1" 200 4154 "https://google.com" "Mozilla/5.0 (Windows NT 10.0; Win64; x64) AppleWebKit/537.36 (KHTML, like Gecko) Chrome/120.0.0.0 Safari/537.36"
172.16.0.1 - - [25/Jan/2024:14:48:16 +0000] "HEAD /about.php?find=home&sort=18 HTTP/1.1" 200 2063 "-" "PostmanRuntime/7.32.0"
172.16.0.5 - - [25/Jan/2024:14:48:17 +0000] "POST /css/style.css HTTP/1.1" 200 4082 "https://google.com" "Mozilla/5.0 (Windows NT 10.0; Win64; x64; rv:121.0) Gecko/20100101 Firefox/121.0"
10.0.0.5 - - [25/Jan/2024:14:48:23 +0000] "OPTIONS /checkout.php HTTP/1.1" 200 3506 "http://example.com/search" "curl/7.68.0"
172.16.0.15 - - [25/Jan/2024:14:48:29 +0000] "GET /api/search HTTP/1.1" 200 3393 "https://yandex.ru" "Mozilla/5.0 (iPhone; CPU iPhone OS 17_0 like Mac OS X) AppleWebKit/605.1.15 (KHTML, like Gecko) Version/17.0 Mobile/15E148 Safari/604.1"
10.0.0.1 - - [25/Jan/2024:14:48:30 +0000] "DELETE /admin/login.php?query=service HTTP/1.1" 200 2547 "https://yandex.ru" "Mozilla/5.0 (X11; Linux x86_64) AppleWebKit/537.36 (KHTML, like Gecko) Chrome/120.0.0.0 Safari/537.36"
203.0.113.1 - - [25/Jan/2024:14:48:34 +0000] "DELETE /admin/users.php?term=display HTTP/1.1" 200 2675 "https://yandex.ru" "Mozilla/5.0 (Macintosh; Intel Mac OS X 10_15_7) AppleWebKit/537.36 (KHTML, like Gecko) Chrome/120.0.0.0 Safari/537.36"
192.0.2.10 - - [25/Jan/2024:14:48:37 +0000] "HEAD /payment.php?query=show&limit=63 HTTP/1.1" 404 0 "https://yandex.ru" "Mozilla/5.0 (X11; Linux x86_64) AppleWebKit/537.36 (KHTML, like Gecko) Chrome/120.0.0.0 Safari/537.36"
203.0.113.1 - - [25/Jan/2024:14:48:40 +0000] "GET /home.php HTTP/1.1" 301 0 "http://example.com" "Googlebot/2.1"
172.16.0.15 - - [25/Jan/2024:14:48:45 +0000] "POST /search.php HTTP/1.1" 200 2624 "https://yandex.ru" "curl/7.68.0"
172.16.0.15 - - [25/Jan/2024:14:48:48 +0000] "HEAD /contact.php?keyword=post HTTP/1.1" 200 1795 "https://yandex.ru" "Googlebot/2.1"
10.0.0.20 - - [25/Jan/2024:14:48:51 +0000] "POST /api/users HTTP/1.1" 200 4935 "https://yandex.ru" "Mozilla/5.0 (Windows NT 10.0; Win64; x64) AppleWebKit/537.36 (KHTML, like Gecko) Chrome/120.0.0.0 Safari/537.36"
10.0.0.20 - - [25/Jan/2024:14:48:54 +0000] "GET /index.php?find=home&limit=13 HTTP/1.1" 200 1204 "http://example.com" "Mozilla/5.0 (iPhone; CPU iPhone OS 17_0 like Mac OS X) AppleWebKit/605.1.15 (KHTML, like Gecko) Version/17.0 Mobile/15E148 Safari/604.1"
198.51.100.1 - - [25/Jan/2024:14:48:57 +0000] "POST /search.php?q=hello&sort=96 HTTP/1.1" 200 1402 "https://yandex.ru" "Mozilla/5.0 (iPhone; CPU iPhone OS 17_0 like Mac OS X) AppleWebKit/605.1.15 (KHTML, like Gecko) Version/17.0 Mobile/15E148 Safari/604.1"
203.0.113.1 - - [25/Jan/2024:14:49:00 +0000] "POST /payment.php HTTP/1.1" 200 412 "https://google.com" "Mozilla/5.0 (iPhone; CPU iPhone OS 17_0 like Mac OS X) AppleWebKit/605.1.15 (KHTML, like Gecko) Version/17.0 Mobile/15E148 Safari/604.1"
172.16.0.15 - - [25/Jan/2024:14:49:08 +0000] "OPTIONS /services.php?query=data HTTP/1.1" 200 2795 "http://example.com" "Googlebot/2.1"
192.168.1.10 - - [25/Jan/2024:14:49:18 +0000] "POST /checkout.php?term=home HTTP/1.1" 200 2793 "https://yandex.ru" "Mozilla/5.0 (Macintosh; Intel Mac OS X 10_15_7) AppleWebKit/537.36 (KHTML, like Gecko) Chrome/120.0.0.0 Safari/537.36"
203.0.113.1 - - [25/Jan/2024:14:49:19 +0000] "PUT /home.php?query=hello&offset=72 HTTP/1.1" 200 2234 "http://example.com" "Mozilla/5.0 (iPhone; CPU iPhone OS 17_0 like Mac OS X) AppleWebKit/605.1.15 (KHTML, like Gecko) Version/17.0 Mobile/15E148 Safari/604.1"
127.0.0.1 - - [25/Jan/2024:14:49:22 +0000] "OPTIONS /payment.php?lookup=article&offset=85 HTTP/1.1" 200 1439 "-" "python-requests/2.28.0"
172.16.0.1 - - [25/Jan/2024:14:49:26 +0000] "OPTIONS /contact.php HTTP/1.1" 200 2788 "https://yandex.ru" "Mozilla/5.0 (X11; Linux x86_64) AppleWebKit/537.36 (KHTML, like Gecko) Chrome/120.0.0.0 Safari/537.36"
192.168.1.20 - - [25/Jan/2024:14:49:33 +0000] "DELETE /products.php HTTP/1.1" 200 3860 "https://google.com" "PostmanRuntime/7.32.0"
172.16.0.15 - - [25/Jan/2024:14:49:42 +0000] "HEAD /services.php?term=show&limit=46 HTTP/1.1" 200 3896 "https://yandex.ru" "Mozilla/5.0 (iPhone; CPU iPhone OS 17_0 like Mac OS X) AppleWebKit/605.1.15 (KHTML, like Gecko) Version/17.0 Mobile/15E148 Safari/604.1"
172.16.0.10 - - [25/Jan/2024:14:49:48 +0000] "HEAD /services.php HTTP/1.1" 200 3445 "https://google.com" "PostmanRuntime/7.32.0"
192.168.1.40 - - [25/Jan/2024:14:49:56 +0000] "OPTIONS /about.php?search=search&offset=73 HTTP/1.1" 200 1056 "http://example.com/search" "Googlebot/2.1"
10.0.0.20 - - [25/Jan/2024:14:49:57 +0000] "PUT /home.php?search=test HTTP/1.1" 200 2070 "http://example.com" "Mozilla/5.0 (Android 13; Mobile; rv:121.0) Gecko/121.0 Firefox/121.0"
127.0.0.1 - - [25/Jan/2024:14:50:01 +0000] "PUT /services.php?search=data HTTP/1.1" 200 4390 "https://google.com" "Mozilla/5.0 (Windows NT 10.0; Win64; x64) AppleWebKit/537.36 (KHTML, like Gecko) Chrome/120.0.0.0 Safari/537.36"
192.168.1.10 - - [25/Jan/2024:14:50:08 +0000] "POST /payment.php?keyword=post&sort=93 HTTP/1.1" 200 2416 "https://yandex.ru" "Mozilla/5.0 (Windows NT 10.0; Win64; x64; rv:121.0) Gecko/20100101 Firefox/121.0"
203.0.113.1 - - [25/Jan/2024:14:50:12 +0000] "POST /admin/users.php HTTP/1.1" 200 227 "-" "PostmanRuntime/7.32.0"
198.51.100.10 - - [25/Jan/2024:14:50:15 +0000] "HEAD /api/search HTTP/1.1" 200 232 "-" "python-requests/2.28.0"
172.16.0.10 - - [25/Jan/2024:14:50:24 +0000] "GET /search.php HTTP/1.1" 200 2791 "http://example.com" "Mozilla/5.0 (X11; Linux x86_64) AppleWebKit/537.36 (KHTML, like Gecko) Chrome/120.0.0.0 Safari/537.36"
172.16.0.10 - - [25/Jan/2024:14:50:27 +0000] "OPTIONS /admin/users.php?search=data&limit=32 HTTP/1.1" 200 4782 "https://yandex.ru" "Mozilla/5.0 (iPhone; CPU iPhone OS 17_0 like Mac OS X) AppleWebKit/605.1.15 (KHTML, like Gecko) Version/17.0 Mobile/15E148 Safari/604.1"
192.168.1.20 - - [25/Jan/2024:14:50:35 +0000] "OPTIONS /payment.php?search=user&offset=68 HTTP/1.1" 200 3421 "http://example.com/search" "Mozilla/5.0 (Macintosh; Intel Mac OS X 10_15_7) AppleWebKit/537.36 (KHTML, like Gecko) Chrome/120.0.0.0 Safari/537.36"
172.16.0.5 - - [25/Jan/2024:14:50:38 +0000] "DELETE /home.php HTTP/1.1" 200 4151 "-" "python-requests/2.28.0"
10.0.0.1 - - [25/Jan/2024:14:50:42 +0000] "DELETE /favicon.ico?query=admin&offset=38 HTTP/1.1" 200 310 "-" "curl/7.68.0"
192.168.1.10 - - [25/Jan/2024:14:50:43 +0000] "GET /admin/dashboard.php?keyword=user HTTP/1.1" 200 3984 "http://example.com" "python-requests/2.28.0"
172.16.0.1 - - [25/Jan/2024:14:50:52 +0000] "GET /admin/users.php HTTP/1.1" 200 3401 "-" "Mozilla/5.0 (iPhone; CPU iPhone OS 17_0 like Mac OS X) AppleWebKit/605.1.15 (KHTML, like Gecko) Version/17.0 Mobile/15E148 Safari/604.1"
203.0.113.20 - - [25/Jan/2024:14:50:56 +0000] "PUT /products.php?q=post&sort=90 HTTP/1.1" 200 2480 "-" "curl/7.68.0"
192.168.1.20 - - [25/Jan/2024:14:51:05 +0000] "OPTIONS /robots.txt HTTP/1.1" 200 4742 "-" "Googlebot/2.1"
172.16.0.1 - - [25/Jan/2024:14:51:11 +0000] "OPTIONS /checkout.php?term=service&offset=76 HTTP/1.1" 200 2625 "http://example.com/search" "Mozilla/5.0 (Android 13; Mobile; rv:121.0) Gecko/121.0 Firefox/121.0"
192.168.1.20 - - [25/Jan/2024:14:51:16 +0000] "DELETE /admin/login.php?q=page HTTP/1.1" 200 1962 "https://google.com" "curl/7.68.0"
172.16.0.15 - - [25/Jan/2024:14:51:20 +0000] "DELETE /blog.php HTTP/1.1" 200 2598 "-" "Mozilla/5.0 (Macintosh; Intel Mac OS X 10_15_7) AppleWebKit/537.36 (KHTML, like Gecko) Chrome/120.0.0.0 Safari/537.36"
192.0.2.10 - - [25/Jan/2024:14:51:24 +0000] "PUT /admin/users.php?search=product&limit=21 HTTP/1.1" 200 1820 "-" "curl/7.68.0"
172.16.0.1 - - [25/Jan/2024:14:51:25 +0000] "HEAD /user/settings.php?lookup=search HTTP/1.1" 200 3576 "https://yandex.ru" "python-requests/2.28.0"
10.0.0.15 - - [25/Jan/2024:14:51:26 +0000] "GET /api/users HTTP/1.1" 200 3142 "-" "Mozilla/5.0 (iPhone; CPU iPhone OS 17_0 like Mac OS X) AppleWebKit/605.1.15 (KHTML, like Gecko) Version/17.0 Mobile/15E148 Safari/604.1"
127.0.0.1 - - [25/Jan/2024:14:51:29 +0000] "OPTIONS /home.php?q=about&limit=51 HTTP/1.1" 200 4696 "https://google.com" "curl/7.68.0"
10.0.0.10 - - [25/Jan/2024:14:51:39 +0000] "PUT /admin/users.php?find=blog&page=46 HTTP/1.1" 200 573 "http://example.com/search" "Googlebot/2.1"
203.0.113.20 - - [25/Jan/2024:14:51:44 +0000] "GET /blog.php HTTP/1.1" 200 4681 "http://example.com" "PostmanRuntime/7.32.0"
10.0.0.5 - - [25/Jan/2024:14:51:49 +0000] "POST /blog.php?keyword=test&page=70 HTTP/1.1" 200 549 "-" "Mozilla/5.0 (iPhone; CPU iPhone OS 17_0 like Mac OS X) AppleWebKit/605.1.15 (KHTML, like Gecko) Version/17.0 Mobile/15E148 Safari/604.1"
172.16.0.10 - - [25/Jan/2024:14:51:54 +0000] "OPTIONS /images/logo.png HTTP/1.1" 200 2175 "https://yandex.ru" "Mozilla/5.0 (Android 13; Mobile; rv:121.0) Gecko/121.0 Firefox/121.0"
203.0.113.10 - - [25/Jan/2024:14:51:59 +0000] "PUT /css/style.css HTTP/1.1" 200 3625 "https://google.com" "Mozilla/5.0 (Windows NT 10.0; Win64; x64; rv:121.0) Gecko/20100101 Firefox/121.0"
192.168.1.20 - - [25/Jan/2024:14:52:02 +0000] "HEAD /user/settings.php?query=show&limit=84 HTTP/1.1" 200 2573 "http://example.com/search" "Mozilla/5.0 (X11; Linux x86_64) AppleWebKit/537.36 (KHTML, like Gecko) Chrome/120.0.0.0 Safari/537.36"
198.51.100.1 - - [25/Jan/2024:14:52:05 +0000] "HEAD /news.php?term=list&limit=55 HTTP/1.1" 200 1124 "http://example.com" "Mozilla/5.0 (Windows NT 10.0; Win64; x64; rv:121.0) Gecko/20100101 Firefox/121.0"
203.0.113.1 - - [25/Jan/2024:14:52:08 +0000] "GET /home.php?q=list HTTP/1.1" 200 2044 "-" "PostmanRuntime/7.32.0"
172.16.0.1 - - [25/Jan/2024:14:52:18 +0000] "GET /sitemap.xml?search=home&page=26 HTTP/1.1" 200 4296 "http://example.com" "Mozilla/5.0 (Android 13; Mobile; rv:121.0) Gecko/121.0 Firefox/121.0"
172.16.0.10 - - [25/Jan/2024:14:52:21 +0000] "OPTIONS /payment.php?search=display&limit=53 HTTP/1.1" 200 1563 "http://example.com" "Mozilla/5.0 (Macintosh; Intel Mac OS X 10_15_7) AppleWebKit/537.36 (KHTML, like Gecko) Chrome/120.0.0.0 Safari/537.36"
127.0.0.1 - - [25/Jan/2024:14:52:31 +0000] "PUT /css/style.css HTTP/1.1" 200 3994 "-" "Mozilla/5.0 (Macintosh; Intel Mac OS X 10_15_7) AppleWebKit/537.36 (KHTML, like Gecko) Chrome/120.0.0.0 Safari/537.36"
192.168.1.30 - - [25/Jan/2024:14:52:40 +0000] "PUT /search.php?q=info&sort=71 HTTP/1.1" 200 4943 "-" "curl/7.68.0"
192.168.1.30 - - [25/Jan/2024:14:52:42 +0000] "PUT /admin/users.php?search=list HTTP/1.1" 200 1063 "https://google.com" "PostmanRuntime/7.32.0"
192.0.2.1 - - [25/Jan/2024:14:52:44 +0000] "GET /products.php?keyword=about HTTP/1.1" 200 2405 "https://yandex.ru" "Googlebot/2.1"
192.0.2.1 - - [25/Jan/2024:14:52:45 +0000] "HEAD /services.php HTTP/1.1" 200 366 "http://example.com" "Mozilla/5.0 (Windows NT 10.0; Win64; x64; rv:121.0) Gecko/20100101 Firefox/121.0"
10.0.0.20 - - [25/Jan/2024:14:52:46 +0000] "POST /favicon.ico HTTP/1.1" 200 339 "http://example.com/search" "Mozilla/5.0 (Windows NT 10.0; Win64; x64; rv:121.0) Gecko/20100101 Firefox/121.0"
172.16.0.15 - - [25/Jan/2024:14:52:47 +0000] "POST /favicon.ico?query=show HTTP/1.1" 302 0 "-" "curl/7.68.0"
10.0.0.5 - - [25/Jan/2024:14:52:48 +0000] "POST /blog.php?lookup=query&page=91 HTTP/1.1" 200 2290 "http://example.com/search" "Googlebot/2.1"
172.16.0.5 - - [25/Jan/2024:14:52:57 +0000] "PUT /home.php HTTP/1.1" 301 0 "http://example.com/search" "Mozilla/5.0 (iPhone; CPU iPhone OS 17_0 like Mac OS X) AppleWebKit/605.1.15 (KHTML, like Gecko) Version/17.0 Mobile/15E148 Safari/604.1"
198.51.100.1 - - [25/Jan/2024:14:53:00 +0000] "DELETE /js/main.js?search=home&page=43 HTTP/1.1" 200 3243 "https://google.com" "Mozilla/5.0 (Macintosh; Intel Mac OS X 10_15_7) AppleWebKit/537.36 (KHTML, like Gecko) Chrome/120.0.0.0 Safari/537.36"
172.16.0.10 - - [25/Jan/2024:14:53:05 +0000] "OPTIONS /admin/users.php?term=test&page=17 HTTP/1.1" 200 4050 "https://google.com" "Mozilla/5.0 (X11; Linux x86_64) AppleWebKit/537.36 (KHTML, like Gecko) Chrome/120.0.0.0 Safari/537.36"
10.0.0.15 - - [25/Jan/2024:14:53:10 +0000] "PUT /blog.php?q=result HTTP/1.1" 200 4674 "http://example.com/search" "python-requests/2.28.0"
