203.0.113.1 - - [25/Jan/2024:15:44:07 +0000] "POST /api/users?find=article HTTP/1.1" 200 2341 "https://google.com" "Mozilla/5.0 (X11; Linux x86_64) AppleWebKit/537.36 (KHTML, like Gecko) Chrome/120.0.0.0 Safari/537.36"
192.0.2.1 - - [25/Jan/2024:15:44:08 +0000] "POST /home.php HTTP/1.1" 200 3163 "https://yandex.ru" "Mozilla/5.0 (Windows NT 10.0; Win64; x64) AppleWebKit/537.36 (KHTML, like Gecko) Chrome/120.0.0.0 Safari/537.36"
10.0.0.20 - - [25/Jan/2024:15:44:12 +0000] "POST /contact.php?q=list&sort=67 HTTP/1.1" 200 2579 "https://google.com" "Mozilla/5.0 (Android 13; Mobile; rv:121.0) Gecko/121.0 Firefox/121.0"
198.51.100.1 - - [25/Jan/2024:15:44:20 +0000] "OPTIONS /favicon.ico?lookup=search&sort=32 HTTP/1.1" 200 1540 "http://example.com" "Mozilla/5.0 (Android 13; Mobile; rv:121.0) Gecko/121.0 Firefox/121.0"
203.0.113.1 - - [25/Jan/2024:15:44:28 +0000] "POST /services.php?q=user&sort=41 HTTP/1.1" 200 2246 "http://example.com/search" "Mozilla/5.0 (iPhone; CPU iPhone OS 17_0 like Mac OS X) AppleWebKit/605.1.15 (KHTML, like Gecko) Version/17.0 Mobile/15E148 Safari/604.1"
192.168.1.20 - - [25/Jan/2024:15:44:34 +0000] "POST /user/settings.php HTTP/1.1" 200 530 "-" "PostmanRuntime/7.32.0"
10.0.0.10 - - [25/Jan/2024:15:44:42 +0000] "POST /css/style.css HTTP/1.1" 200 4631 "https://google.com" "PostmanRuntime/7.32.0"
10.0.0.20 - - [25/Jan/2024:15:44:49 +0000] "POST /images/logo.png?query=post HTTP/1.1" 200 2566 "https://google.com" "Googlebot/2.1"
10.0.0.1 - - [25/Jan/2024:15:44:58 +0000] "OPTIONS /api/data HTTP/1.1" 200 2160 "https://google.com" "Mozilla/5.0 (Windows NT 10.0; Win64; x64; rv:121.0) Gecko/20100101 Firefox/121.0"
172.16.0.5 - - [25/Jan/2024:15:45:07 +0000] "HEAD /index.php?keyword=home&limit=11 HTTP/1.1" 200 3792 "-" "Mozilla/5.0 (Android 13; Mobile; rv:121.0) Gecko/121.0 Firefox/121.0"
172.16.0.5 - - [25/Jan/2024:15:45:09 +0000] "GET /api/data?search=user HTTP/1.1" 200 2696 "https://yandex.ru" "Mozilla/5.0 (Macintosh; Intel Mac OS X 10_15_7) AppleWebKit/537.36 (KHTML, like Gecko) Chrome/120.0.0.0 Safari/537.36"
192.168.1.30 - - [25/Jan/2024:15:45:16 +0000] "POST /about.php?keyword=hello HTTP/1.1" 200 3285 "https://yandex.ru" "Mozilla/5.0 (Android 13; Mobile; rv:121.0) Gecko/121.0 Firefox/121.0"
192.168.1.40 - - [25/Jan/2024:15:45:23 +0000] "POST /cart.php?query=find&page=87 HTTP/1.1" 304 0 "http://example.com" "Mozilla/5.0 (Windows NT 10.0; Win64; x64) AppleWebKit/537.36 (KHTML, like Gecko) Chrome/120.0.0.0 Safari/537.36"
127.0.0.1 - - [25/Jan/2024:15:45:26 +0000] "OPTIONS /images/logo.png?query=query&offset=12 HTTP/1.1" 200 330 "http://example.com/search" "python-requests/2.28.0"
10.0.0.20 - - [25/Jan/2024:15:45:32 +0000] "GET /payment.php?term=list&limit=13 HTTP/1.1" 200 1733 "-" "PostmanRuntime/7.32.0"
172.16.0.1 - - [25/Jan/2024:15:45:36 +0000] "HEAD /contact.php?term=data&offset=87 HTTP/1.1" 200 3446 "http://example.com/search" "Mozilla/5.0 (Windows NT 10.0; Win64; x64) AppleWebKit/537.36 (KHTML, like Gecko) Chrome/120.0.0.0 Safari/537.36"
10.0.0.1 - - [25/Jan/2024:15:45:44 +0000] "OPTIONS /payment.php?lookup=info&sort=12 HTTP/1.1" 200 2026 "https://yandex.ru" "PostmanRuntime/7.32.0"
203.0.113.10 - - [25/Jan/2024:15:45:46 +0000] "POST /search.php?term=world&limit=55 HTTP/1.1" 200 509 "http://example.com" "Mozilla/5.0 (Macintosh; Intel Mac OS X 10_15_7) AppleWebKit/537.36 (KHTML, like Gecko) Chrome/120.0.0.0 Safari/537.36"
198.51.100.1 - - [25/Jan/2024:15:45:53 +0000] "HEAD /about.php?find=get&limit=56 HTTP/1.1" 404 0 "https://yandex.ru" "Mozilla/5.0 (Windows NT 10.0; Win64; x64; rv:121.0) Gecko/20100101 Firefox/121.0"
192.168.1.40 - - [25/Jan/2024:15:46:01 +0000] "DELETE /admin/login.php?keyword=hello HTTP/1.1" 200 193 "https://yandex.ru" "Mozilla/5.0 (Macintosh; Intel Mac OS X 10_15_7) AppleWebKit/537.36 (KHTML, like Gecko) Chrome/120.0.0.0 Safari/537.36"
203.0.113.20 - - [25/Jan/2024:15:46:08 +0000] "HEAD /services.php?query=search HTTP/1.1" 500 0 "-" "Mozilla/5.0 (X11; Linux x86_64) AppleWebKit/537.36 (KHTML, like Gecko) Chrome/120.0.0.0 Safari/537.36"
172.16.0.15 - - [25/Jan/2024:15:46:17 +0000] "GET /payment.php HTTP/1.1" 200 2920 "http://example.com/search" "PostmanRuntime/7.32.0"
10.0.0.20 - - [25/Jan/2024:15:46:24 +0000] "POST /api/data HTTP/1.1" 200 4743 "https://yandex.ru" "python-requests/2.28.0"
198.51.100.10 - - [25/Jan/2024:15:46:29 +0000] "POST /products.php HTTP/1.1" 200 578 "https://google.com" "PostmanRuntime/7.32.0"
172.16.0.1 - - [25/Jan/2024:15:46:36 +0000] "GET /api/search HTTP/1.1" 304 0 "http://example.com/search" "Mozilla/5.0 (X11; Linux x86_64) AppleWebKit/537.36 (KHTML, like Gecko) Chrome/120.0.0.0 Safari/537.36"
10.0.0.15 - - [25/Jan/2024:15:46:39 +0000] "GET /admin/login.php?query=home HTTP/1.1" 404 0 "https://google.com" "Mozilla/5.0 (Macintosh; Intel Mac OS X 10_15_7) AppleWebKit/537.36 (KHTML, like Gecko) Chrome/120.0.0.0 Safari/537.36"
10.0.0.5 - - [25/Jan/2024:15:46:42 +0000] "HEAD /checkout.php?search=get&offset=56 HTTP/1.1" 200 2180 "https://yandex.ru" "Googlebot/2.1"
203.0.113.20 - - [25/Jan/2024:15:46:47 +0000] "HEAD /index.php HTTP/1.1" 200 3254 "-" "PostmanRuntime/7.32.0"
192.168.1.10 - - [25/Jan/2024:15:46:56 +0000] "PUT /admin/dashboard.php?query=blog HTTP/1.1" 200 1886 "-" "Mozilla/5.0 (iPhone; CPU iPhone OS 17_0 like Mac OS X) AppleWebKit/605.1.15 (KHTML, like Gecko) Version/17.0 Mobile/15E148 Safari/604.1"
172.16.0.5 - - [25/Jan/2024:15:47:02 +0000] "OPTIONS /user/profile.php HTTP/1.1" 200 4230 "http://example.com/search" "Googlebot/2.1"
192.168.1.40 - - [25/Jan/2024:15:47:09 +0000] "PUT /images/logo.png HTTP/1.1" 200 2068 "https://yandex.ru" "Mozilla/5.0 (Android 13; Mobile; rv:121.0) Gecko/121.0 Firefox/121.0"
203.0.113.20 - - [25/Jan/2024:15:47:12 +0000] "OPTIONS /admin/login.php?find=find&page=91 HTTP/1.1" 200 1638 "-" "curl/7.68.0"
198.51.100.1 - - [25/Jan/2024:15:47:15 +0000] "POST /news.php HTTP/1.1" 200 561 "https://google.com" "Mozilla/5.0 (Macintosh; Intel Mac OS X 10_15_7) AppleWebKit/537.36 (KHTML, like Gecko) Chrome/120.0.0.0 Safari/537.36"
10.0.0.5 - - [25/Jan/2024:15:47:19 +0000] "POST /api/users?lookup=world HTTP/1.1" 200 2214 "http://example.com" "Mozilla/5.0 (Windows NT 10.0; Win64; x64) AppleWebKit/537.36 (KHTML, like Gecko) Chrome/120.0.0.0 Safari/537.36"
192.168.1.30 - - [25/Jan/2024:15:47:22 +0000] "DELETE /sitemap.xml HTTP/1.1" 200 2149 "http://example.com" "Mozilla/5.0 (X11; Linux x86_64) AppleWebKit/537.36 (KHTML, like Gecko) Chrome/120.0.0.0 Safari/537.36"
10.0.0.20 - - [25/Jan/2024:15:47:28 +0000] "DELETE /api/search HTTP/1.1" 200 3216 "https://google.com" "curl/7.68.0"
172.16.0.1 - - [25/Jan/2024:15:47:36 +0000] "OPTIONS /admin/dashboard.php?search=result HTTP/1.1" 200 1461 "-" "curl/7.68.0"
203.0.113.20 - - [25/Jan/2024:15:47:44 +0000] "HEAD /admin/users.php?term=find HTTP/1.1" 200 4109 "https://yandex.ru" "python-requests/2.28.0"
172.16.0.5 - - [25/Jan/2024:15:47:51 +0000] "HEAD /favicon.ico?find=contact&page=41 HTTP/1.1" 200 3977 "-" "curl/7.68.0"
172.16.0.1 - - [25/Jan/2024:15:47:54 +0000] "PUT /robots.txt?term=home HTTP/1.1" 403 0 "http://example.com" "Mozilla/5.0 (Android 13; Mobile; rv:121.0) Gecko/121.0 Firefox/121.0"
172.16.0.1 - - [25/Jan/2024:15:48:03 +0000] "HEAD /about.php?lookup=news&sort=19 HTTP/1.1" 200 3186 "https://yandex.ru" "Mozilla/5.0 (iPhone; CPU iPhone OS 17_0 like Mac OS X) AppleWebKit/605.1.15 (KHTML, like Gecko) Version/17.0 Mobile/15E148 Safari/604.1"
10.0.0.5 - - [25/Jan/2024:15:48:12 +0000] "POST /checkout.php HTTP/1.1" 200 1265 "http://example.com/search" "python-requests/2.28.0"
192.0.2.1 - - [25/Jan/2024:15:48:18 +0000] "PUT /news.php?q=info HTTP/1.1" 200 3138 "https://yandex.ru" "Mozilla/5.0 (Android 13; Mobile; rv:121.0) Gecko/121.0 Firefox/121.0"
10.0.0.1 - - [25/Jan/2024:15:48:19 +0000] "OPTIONS /api/data?find=admin&page=99 HTTP/1.1" 200 422 "-" "curl/7.68.0"
10.0.0.1 - - [25/Jan/2024:15:48:27 +0000] "POST /admin/login.php?keyword=blog&limit=76 HTTP/1.1" 200 2382 "https://google.com" "Mozilla/5.0 (Windows NT 10.0; Win64; x64; rv:121.0) Gecko/20100101 Firefox/121.0"
192.168.1.30 - - [25/Jan/2024:15:48:32 +0000] "GET /admin/users.php?lookup=blog HTTP/1.1" 200 3272 "http://example.com/search" "Mozilla/5.0 (X11; Linux x86_64) AppleWebKit/537.36 (KHTML, like Gecko) Chrome/120.0.0.0 Safari/537.36"
172.16.0.1 - - [25/Jan/2024:15:48:35 +0000] "POST /js/main.js HTTP/1.1" 200 504 "http://example.com" "python-requests/2.28.0"
10.0.0.10 - - [25/Jan/2024:15:48:39 +0000] "OPTIONS /products.php?lookup=find&page=9 HTTP/1.1" 200 995 "https://yandex.ru" "Mozilla/5.0 (iPhone; CPU iPhone OS 17_0 like Mac OS X) AppleWebKit/605.1.15 (KHTML, like Gecko) Version/17.0 Mobile/15E148 Safari/604.1"
192.0.2.10 - - [25/Jan/2024:15:48:45 +0000] "DELETE /search.php?find=news HTTP/1.1" 200 1185 "https://yandex.ru" "Mozilla/5.0 (Windows NT 10.0; Win64; x64) AppleWebKit/537.36 (KHTML, like Gecko) Chrome/120.0.0.0 Safari/537.36"
192.168.1.20 - - [25/Jan/2024:15:48:53 +0000] "PUT /admin/dashboard.php HTTP/1.1" 200 387 "-" "Googlebot/2.1"
10.0.0.10 - - [25/Jan/2024:15:48:56 +0000] "PUT /user/profile.php HTTP/1.1" 200 3956 "https://yandex.ru" "Mozilla/5.0 (Macintosh; Intel Mac OS X 10_15_7) AppleWebKit/537.36 (KHTML, like Gecko) Chrome/120.0.0.0 Safari/537.36"
172.16.0.10 - - [25/Jan/2024:15:49:05 +0000] "DELETE /admin/dashboard.php HTTP/1.1" 200 4088 "http://example.com" "PostmanRuntime/7.32.0"
192.0.2.1 - - [25/Jan/2024:15:49:13 +0000] "PUT /images/logo.png HTTP/1.1" 200 527 "-" "Mozilla/5.0 (Android 13; Mobile; rv:121.0) Gecko/121.0 Firefox/121.0"
172.16.0.15 - - [25/Jan/2024:15:49:14 +0000] "GET /services.php?find=news&sort=68 HTTP/1.1" 200 3534 "http://example.com" "Googlebot/2.1"
198.51.100.10 - - [25/Jan/2024:15:49:23 +0000] "POST /js/main.js HTTP/1.1" 200 686 "https://yandex.ru" "Mozilla/5.0 (Windows NT 10.0; Win64; x64) AppleWebKit/537.36 (KHTML, like Gecko) Chrome/120.0.0.0 Safari/537.36"
192.0.2.10 - - [25/Jan/2024:15:49:27 +0000] "OPTIONS /sitemap.xml?term=admin HTTP/1.1" 200 1459 "http://example.com" "Mozilla/5.0 (Macintosh; Intel Mac OS X 10_15_7) AppleWebKit/537.36 (KHTML, like Gecko) Chrome/120.0.0.0 Safari/537.36"
10.0.0.10 - - [25/Jan/2024:15:49:28 +0000] "GET /news.php?q=query HTTP/1.1" 200 2665 "https://google.com" "Mozilla/5.0 (Android 13; Mobile; rv:121.0) Gecko/121.0 Firefox/121.0"
192.0.2.10 - - [25/Jan/2024:15:49:31 +0000] "HEAD /news.php?q=find&page=61 HTTP/1.1" 200 4168 "https://yandex.ru" "PostmanRuntime/7.32.0"
172.16.0.1 - - [25/Jan/2024:15:49:36 +0000] "GET /contact.php HTTP/1.1" 404 0 "https://google.com" "curl/7.68.0"
10.0.0.10 - - [25/Jan/2024:15:49:43 +0000] "POST /about.php?lookup=service&limit=2 HTTP/1.1" 200 660 "https://google.com" "PostmanRuntime/7.32.0"
127.0.0.1 - - [25/Jan/2024:15:49:48 +0000] "HEAD /user/settings.php HTTP/1.1" 200 1110 "http://example.com/search" "Mozilla/5.0 (X11; Linux x86_64) AppleWebKit/537.36 (KHTML, like Gecko) Chrome/120.0.0.0 Safari/537.36"
172.16.0.5 - - [25/Jan/2024:15:49:54 +0000] "DELETE /css/style.css HTTP/1.1" 200 3372 "-" "Mozilla/5.0 (Android 13; Mobile; rv:121.0) Gecko/121.0 Firefox/121.0"
172.16.0.10 - - [25/Jan/2024:15:49:58 +0000] "DELETE /contact.php?query=get HTTP/1.1" 200 2777 "-" "Mozilla/5.0 (Android 13; Mobile; rv:121.0) Gecko/121.0 Firefox/121.0"
203.0.113.1 - - [25/Jan/2024:15:50:06 +0000] "OPTIONS /api/data?lookup=page&limit=10 HTTP/1.1" 200 778 "-" "Mozilla/5.0 (iPhone; CPU iPhone OS 17_0 like Mac OS X) AppleWebKit/605.1.15 (KHTML, like Gecko) Version/17.0 Mobile/15E148 Safari/604.1"
10.0.0.15 - - [25/Jan/2024:15:50:15 +0000] "DELETE /admin/users.php HTTP/1.1" 200 1017 "https://google.com" "python-requests/2.28.0"
172.16.0.15 - - [25/Jan/2024:15:50:21 +0000] "DELETE /api/search HTTP/1.1" 200 2983 "https://google.com" "Mozilla/5.0 (X11; Linux x86_64) AppleWebKit/537.36 (KHTML, like Gecko) Chrome/120.0.0.0 Safari/537.36"
192.168.1.10 - - [25/Jan/2024:15:50:24 +0000] "POST /about.php HTTP/1.1" 200 3622 "http://example.com" "Mozilla/5.0 (Windows NT 10.0; Win64; x64; rv:121.0) Gecko/20100101 Firefox/121.0"
172.16.0.10 - - [25/Jan/2024:15:50:27 +0000] "HEAD /checkout.php HTTP/1.1" 302 0 "http://example.com/search" "Mozilla/5.0 (Android 13; Mobile; rv:121.0) Gecko/121.0 Firefox/121.0"
127.0.0.1 - - [25/Jan/2024:15:50:30 +0000] "DELETE /admin/login.php?lookup=hello HTTP/1.1" 200 935 "-" "Mozilla/5.0 (Android 13; Mobile; rv:121.0) Gecko/121.0 Firefox/121.0"
203.0.113.10 - - [25/Jan/2024:15:50:39 +0000] "DELETE /api/search?keyword=info&offset=92 HTTP/1.1" 200 2828 "https://yandex.ru" "Mozilla/5.0 (Macintosh; Intel Mac OS X 10_15_7) AppleWebKit/537.36 (KHTML, like Gecko) Chrome/120.0.0.0 Safari/537.36"
192.168.1.20 - - [25/Jan/2024:15:50:42 +0000] "PUT /api/data HTTP/1.1" 200 3733 "http://example.com" "Mozilla/5.0 (Windows NT 10.0; Win64; x64) AppleWebKit/537.36 (KHTML, like Gecko) Chrome/120.0.0.0 Safari/537.36"
198.51.100.10 - - [25/Jan/2024:15:50:48 +0000] "GET /blog.php?q=search&limit=1 HTTP/1.1" 200 4436 "https://yandex.ru" "Mozilla/5.0 (Windows NT 10.0; Win64; x64) AppleWebKit/537.36 (KHTML, like Gecko) Chrome/120.0.0.0 Safari/537.36"
10.0.0.1 - - [25/Jan/2024:15:50:56 +0000] "GET /cart.php?keyword=show HTTP/1.1" 200 2263 "http://example.com/search" "Mozilla/5.0 (Macintosh; Intel Mac OS X 10_15_7) AppleWebKit/537.36 (KHTML, like Gecko) Chrome/120.0.0.0 Safari/537.36"
127.0.0.1 - - [25/Jan/2024:15:51:01 +0000] "POST /robots.txt?lookup=search HTTP/1.1" 200 1307 "https://yandex.ru" "Mozilla/5.0 (iPhone; CPU iPhone OS 17_0 like Mac OS X) AppleWebKit/605.1.15 (KHTML, like Gecko) Version/17.0 Mobile/15E148 Safari/604.1"
203.0.113.10 - - [25/Jan/2024:15:51:07 +0000] "GET /css/style.css?find=index HTTP/1.1" 200 3299 "https://google.com" "Mozilla/5.0 (Android 13; Mobile; rv:121.0) Gecko/121.0 Firefox/121.0"
192.168.1.10 - - [25/Jan/2024:15:51:08 +0000] "POST /user/profile.php HTTP/1.1" 200 2227 "https://yandex.ru" "curl/7.68.0"
10.0.0.5 - - [25/Jan/2024:15:51:18 +0000] "GET /admin/dashboard.php?keyword=page&page=95 HTTP/1.1" 200 1617 "http://example.com/search" "curl/7.68.0"
10.0.0.20 - - [25/Jan/2024:15:51:22 +0000] "GET /robots.txt?keyword=search HTTP/1.1" 200 3311 "http://example.com/search" "Mozilla/5.0 (Windows NT 10.0; Win64; x64; rv:121.0) Gecko/20100101 Firefox/121.0"
192.0.2.1 - - [25/Jan/2024:15:51:23 +0000] "HEAD /js/main.js?q=page HTTP/1.1" 200 345 "https://google.com" "Mozilla/5.0 (Android 13; Mobile; rv:121.0) Gecko/121.0 Firefox/121.0"
172.16.0.1 - - [25/Jan/2024:15:51:30 +0000] "PUT /js/main.js?search=test HTTP/1.1" 200 1595 "-" "Mozilla/5.0 (Android 13; Mobile; rv:121.0) Gecko/121.0 Firefox/121.0"
192.168.1.20 - - [25/Jan/2024:15:51:40 +0000] "DELETE /products.php?q=post&sort=83 HTTP/1.1" 200 3209 "https://google.com" "Mozilla/5.0 (Windows NT 10.0; Win64; x64) AppleWebKit/537.36 (KHTML, like Gecko) Chrome/120.0.0.0 Safari/537.36"
203.0.113.1 - - [25/Jan/2024:15:51:43 +0000] "DELETE /api/data?lookup=user HTTP/1.1" 200 4944 "https://google.com" "PostmanRuntime/7.32.0"
172.16.0.10 - - [25/Jan/2024:15:51:48 +0000] "HEAD /js/main.js?lookup=home&page=49 HTTP/1.1" 200 4291 "-" "curl/7.68.0"
203.0.113.20 - - [25/Jan/2024:15:51:54 +0000] "GET /index.php HTTP/1.1" 404 0 "https://yandex.ru" "PostmanRuntime/7.32.0"
127.0.0.1 - - [25/Jan/2024:15:51:57 +0000] "OPTIONS /admin/users.php?lookup=contact&sort=68 HTTP/1.1" 404 0 "http://example.com/search" "Mozilla/5.0 (X11; Linux x86_64) AppleWebKit/537.36 (KHTML, like Gecko) Chrome/120.0.0.0 Safari/537.36"
192.168.1.10 - - [25/Jan/2024:15:51:59 +0000] "HEAD /payment.php?term=article HTTP/1.1" 200 2577 "http://example.com" "curl/7.68.0"
192.0.2.1 - - [25/Jan/2024:15:52:08 +0000] "OPTIONS /about.php?search=data&sort=21 HTTP/1.1" 200 990 "https://yandex.ru" "Mozilla/5.0 (Macintosh; Intel Mac OS X 10_15_7) AppleWebKit/537.36 (KHTML, like Gecko) Chrome/120.0.0.0 Safari/537.36"
10.0.0.1 - - [25/Jan/2024:15:52:18 +0000] "GET /robots.txt?search=result&limit=14 HTTP/1.1" 200 2007 "http://example.com" "PostmanRuntime/7.32.0"
127.0.0.1 - - [25/Jan/2024:15:52:26 +0000] "POST /blog.php?query=query HTTP/1.1" 200 2222 "https://yandex.ru" "python-requests/2.28.0"
198.51.100.10 - - [25/Jan/2024:15:52:34 +0000] "GET /services.php HTTP/1.1" 200 4618 "https://yandex.ru" "Mozilla/5.0 (Android 13; Mobile; rv:121.0) Gecko/121.0 Firefox/121.0"
192.0.2.10 - - [25/Jan/2024:15:52:40 +0000] "OPTIONS /search.php?search=data&offset=19 HTTP/1.1" 200 3226 "https://google.com" "Mozilla/5.0 (Windows NT 10.0; Win64; x64) AppleWebKit/537.36 (KHTML, like Gecko) Chrome/120.0.0.0 Safari/537.36"
192.168.1.10 - - [25/Jan/2024:15:52:44 +0000] "PUT /admin/login.php?query=blog&limit=11 HTTP/1.1" 200 4876 "https://google.com" "Mozilla/5.0 (Macintosh; Intel Mac OS X 10_15_7) AppleWebKit/537.36 (KHTML, like Gecko) Chrome/120.0.0.0 Safari/537.36"
10.0.0.1 - - [25/Jan/2024:15:52:54 +0000] "POST /home.php?query=post HTTP/1.1" 200 1852 "https://yandex.ru" "Mozilla/5.0 (Windows NT 10.0; Win64; x64) AppleWebKit/537.36 (KHTML, like Gecko) Chrome/120.0.0.0 Safari/537.36"
203.0.113.1 - - [25/Jan/2024:15:53:01 +0000] "DELETE /cart.php?query=admin&offset=23 HTTP/1.1" 200 1157 "https://yandex.ru" "curl/7.68.0"
127.0.0.1 - - [25/Jan/2024:15:53:08 +0000] "GET /api/search?lookup=product HTTP/1.1" 200 3093 "https://google.com" "Googlebot/2.1"
192.0.2.10 - - [25/Jan/2024:15:53:16 +0000] "OPTIONS /js/main.js?search=display HTTP/1.1" 200 3060 "http://example.com" "PostmanRuntime/7.32.0"
172.16.0.1 - - [25/Jan/2024:15:53:19 +0000] "PUT /admin/users.php?search=post HTTP/1.1" 301 0 "http://example.com" "Mozilla/5.0 (Windows NT 10.0; Win64; x64) AppleWebKit/537.36 (KHTML, like Gecko) Chrome/120.0.0.0 Safari/537.36"
203.0.113.20 - - [25/Jan/2024:15:53:25 +0000] "POST /api/search?query=result&limit=34 HTTP/1.1" 200 248 "-" "Mozilla/5.0 (iPhone; CPU iPhone OS 17_0 like Mac OS X) AppleWebKit/605.1.15 (KHTML, like Gecko) Version/17.0 Mobile/15E148 Safari/604.1"
10.0.0.15 - - [25/Jan/2024:15:53:32 +0000] "GET /about.php?q=contact&limit=25 HTTP/1.1" 200 708 "-" "Mozilla/5.0 (Android 13; Mobile; rv:121.0) Gecko/121.0 Firefox/121.0"
192.168.1.10 - - [25/Jan/2024:15:53:41 +0000] "HEAD /favicon.ico?find=service HTTP/1.1" 200 3255 "https://google.com" "python-requests/2.28.0"
203.0.113.10 - - [25/Jan/2024:15:53:50 +0000] "POST /checkout.php?find=service&limit=56 HTTP/1.1" 200 4012 "http://example.com/search" "python-requests/2.28.0"
10.0.0.10 - - [25/Jan/2024:15:53:54 +0000] "PUT /sitemap.xml?search=home HTTP/1.1" 200 3089 "-" "PostmanRuntime/7.32.0"
192.0.2.1 - - [25/Jan/2024:15:53:56 +0000] "GET /favicon.ico?query=hello&page=57 HTTP/1.1" 200 688 "http://example.com" "Mozilla/5.0 (Android 13; Mobile; rv:121.0) Gecko/121.0 Firefox/121.0"
172.16.0.1 - - [25/Jan/2024:15:53:57 +0000] "OPTIONS /products.php HTTP/1.1" 200 2853 "http://example.com/search" "Mozilla/5.0 (Windows NT 10.0; Win64; x64) AppleWebKit/537.36 (KHTML, like Gecko) Chrome/120.0.0.0 Safari/537.36"
10.0.0.1 - - [25/Jan/2024:15:53:59 +0000] "PUT /products.php HTTP/1.1" 200 522 "http://example.com/search" "Mozilla/5.0 (Windows NT 10.0; Win64; x64) AppleWebKit/537.36 (KHTML, like Gecko) Chrome/120.0.0.0 Safari/537.36"
198.51.100.10 - - [25/Jan/2024:15:54:09 +0000] "POST /user/profile.php HTTP/1.1" 200 1941 "https://google.com" "python-requests/2.28.0"
10.0.0.15 - - [25/Jan/2024:15:54:11 +0000] "POST /services.php?keyword=about&page=18 HTTP/1.1" 200 2626 "-" "PostmanRuntime/7.32.0"
172.16.0.10 - - [25/Jan/2024:15:54:15 +0000] "POST /js/main.js?lookup=article&limit=2 HTTP/1.1" 200 4599 "https://google.com" "curl/7.68.0"
192.168.1.20 - - [25/Jan/2024:15:54:20 +0000] "GET /api/data?keyword=article&offset=51 HTTP/1.1" 200 3223 "https://google.com" "Googlebot/2.1"
203.0.113.20 - - [25/Jan/2024:15:54:26 +0000] "OPTIONS /search.php?query=test&limit=40 HTTP/1.1" 200 1105 "http://example.com/search" "PostmanRuntime/7.32.0"
172.16.0.1 - - [25/Jan/2024:15:54:27 +0000] "POST /blog.php HTTP/1.1" 200 4462 "https://google.com" "PostmanRuntime/7.32.0"
203.0.113.1 - - [25/Jan/2024:15:54:28 +0000] "GET /about.php HTTP/1.1" 200 1625 "-" "Mozilla/5.0 (Macintosh; Intel Mac OS X 10_15_7) AppleWebKit/537.36 (KHTML, like Gecko) Chrome/120.0.0.0 Safari/537.36"
10.0.0.15 - - [25/Jan/2024:15:54:29 +0000] "PUT /robots.txt?lookup=user HTTP/1.1" 200 4644 "-" "Mozilla/5.0 (Android 13; Mobile; rv:121.0) Gecko/121.0 Firefox/121.0"
198.51.100.1 - - [25/Jan/2024:15:54:30 +0000] "GET /checkout.php?lookup=admin HTTP/1.1" 304 0 "http://example.com" "Mozilla/5.0 (Windows NT 10.0; Win64; x64; rv:121.0) Gecko/20100101 Firefox/121.0"
192.0.2.10 - - [25/Jan/2024:15:54:32 +0000] "PUT /css/style.css?find=admin&page=68 HTTP/1.1" 200 1798 "http://example.com/search" "PostmanRuntime/7.32.0"
10.0.0.10 - - [25/Jan/2024:15:54:33 +0000] "PUT /api/search?search=show&limit=19 HTTP/1.1" 200 4781 "-" "Mozilla/5.0 (Android 13; Mobile; rv:121.0) Gecko/121.0 Firefox/121.0"
192.168.1.30 - - [25/Jan/2024:15:54:35 +0000] "POST /js/main.js?query=admin&offset=8 HTTP/1.1" 200 1336 "https://yandex.ru" "Mozilla/5.0 (Android 13; Mobile; rv:121.0) Gecko/121.0 Firefox/121.0"
172.16.0.15 - - [25/Jan/2024:15:54:43 +0000] "DELETE /contact.php HTTP/1.1" 200 4014 "https://yandex.ru" "PostmanRuntime/7.32.0"
10.0.0.20 - - [25/Jan/2024:15:54:47 +0000] "DELETE /api/search?keyword=product&offset=77 HTTP/1.1" 302 0 "-" "Mozilla/5.0 (X11; Linux x86_64) AppleWebKit/537.36 (KHTML, like Gecko) Chrome/120.0.0.0 Safari/537.36"
10.0.0.10 - - [25/Jan/2024:15:54:56 +0000] "OPTIONS /products.php HTTP/1.1" 200 4247 "http://example.com" "PostmanRuntime/7.32.0"
192.0.2.10 - - [25/Jan/2024:15:55:05 +0000] "DELETE /news.php HTTP/1.1" 200 3399 "https://yandex.ru" "Mozilla/5.0 (Android 13; Mobile; rv:121.0) Gecko/121.0 Firefox/121.0"
203.0.113.20 - - [25/Jan/2024:15:55:06 +0000] "GET /robots.txt HTTP/1.1" 200 1312 "http://example.com/search" "python-requests/2.28.0"
10.0.0.20 - - [25/Jan/2024:15:55:13 +0000] "PUT /user/profile.php?find=blog HTTP/1.1" 200 2076 "http://example.com/search" "Mozilla/5.0 (Windows NT 10.0; Win64; x64) AppleWebKit/537.36 (KHTML, like Gecko) Chrome/120.0.0.0 Safari/537.36"
127.0.0.1 - - [25/Jan/2024:15:55:22 +0000] "POST /favicon.ico?q=display HTTP/1.1" 200 2826 "-" "Mozilla/5.0 (Windows NT 10.0; Win64; x64; rv:121.0) Gecko/20100101 Firefox/121.0"
10.0.0.5 - - [25/Jan/2024:15:55:29 +0000] "PUT /robots.txt HTTP/1.1" 200 4810 "-" "python-requests/2.28.0"
127.0.0.1 - - [25/Jan/2024:15:55:39 +0000] "POST /js/main.js HTTP/1.1" 404 0 "https://google.com" "Googlebot/2.1"
10.0.0.5 - - [25/Jan/2024:15:55:48 +0000] "GET /css/style.css?q=query HTTP/1.1" 200 1955 "-" "Googlebot/2.1"
172.16.0.10 - - [25/Jan/2024:15:55:50 +0000] "GET /images/logo.png HTTP/1.1" 200 3416 "https://yandex.ru" "Googlebot/2.1"
198.51.100.10 - - [25/Jan/2024:15:55:57 +0000] "PUT /blog.php HTTP/1.1" 200 3476 "http://example.com" "Mozilla/5.0 (Windows NT 10.0; Win64; x64; rv:121.0) Gecko/20100101 Firefox/121.0"
192.168.1.40 - - [25/Jan/2024:15:56:01 +0000] "POST /cart.php?keyword=display HTTP/1.1" 200 498 "http://example.com/search" "Mozilla/5.0 (Android 13; Mobile; rv:121.0) Gecko/121.0 Firefox/121.0"
172.16.0.5 - - [25/Jan/2024:15:56:06 +0000] "PUT /about.php HTTP/1.1" 200 4709 "-" "Mozilla/5.0 (iPhone; CPU iPhone OS 17_0 like Mac OS X) AppleWebKit/605.1.15 (KHTML, like Gecko) Version/17.0 Mobile/15E148 Safari/604.1"
172.16.0.15 - - [25/Jan/2024:15:56:15 +0000] "DELETE /images/logo.png?query=world HTTP/1.1" 200 679 "https://google.com" "Mozilla/5.0 (Macintosh; Intel Mac OS X 10_15_7) AppleWebKit/537.36 (KHTML, like Gecko) Chrome/120.0.0.0 Safari/537.36"
10.0.0.5 - - [25/Jan/2024:15:56:23 +0000] "POST /js/main.js HTTP/1.1" 200 2554 "-" "Googlebot/2.1"
127.0.0.1 - - [25/Jan/2024:15:56:27 +0000] "OPTIONS /services.php HTTP/1.1" 200 2207 "https://yandex.ru" "Mozilla/5.0 (X11; Linux x86_64) AppleWebKit/537.36 (KHTML, like Gecko) Chrome/120.0.0.0 Safari/537.36"
198.51.100.10 - - [25/Jan/2024:15:56:32 +0000] "HEAD /css/style.css?term=about HTTP/1.1" 200 4507 "http://example.com/search" "Mozilla/5.0 (iPhone; CPU iPhone OS 17_0 like Mac OS X) AppleWebKit/605.1.15 (KHTML, like Gecko) Version/17.0 Mobile/15E148 Safari/604.1"
172.16.0.5 - - [25/Jan/2024:15:56:36 +0000] "POST /images/logo.png?term=search HTTP/1.1" 200 171 "https://google.com" "curl/7.68.0"
10.0.0.1 - - [25/Jan/2024:15:56:43 +0000] "PUT /index.php HTTP/1.1" 200 909 "-" "Mozilla/5.0 (X11; Linux x86_64) AppleWebKit/537.36 (KHTML, like Gecko) Chrome/120.0.0.0 Safari/537.36"
192.168.1.10 - - [25/Jan/2024:15:56:45 +0000] "HEAD /favicon.ico?term=get&sort=62 HTTP/1.1" 200 2422 "http://example.com/search" "Mozilla/5.0 (Windows NT 10.0; Win64; x64) AppleWebKit/537.36 (KHTML, like Gecko) Chrome/120.0.0.0 Safari/537.36"
198.51.100.10 - - [25/Jan/2024:15:56:54 +0000] "OPTIONS /images/logo.png?search=user&sort=44 HTTP/1.1" 200 1671 "-" "Mozilla/5.0 (iPhone; CPU iPhone OS 17_0 like Mac OS X) AppleWebKit/605.1.15 (KHTML, like Gecko) Version/17.0 Mobile/15E148 Safari/604.1"
203.0.113.1 - - [25/Jan/2024:15:57:00 +0000] "OPTIONS /services.php?lookup=home HTTP/1.1" 200 4470 "http://example.com/search" "PostmanRuntime/7.32.0"
127.0.0.1 - - [25/Jan/2024:15:57:03 +0000] "GET /admin/login.php?q=show&offset=85 HTTP/1.1" 200 707 "http://example.com/search" "Mozilla/5.0 (Windows NT 10.0; Win64; x64) AppleWebKit/537.36 (KHTML, like Gecko) Chrome/120.0.0.0 Safari/537.36"
192.0.2.1 - - [25/Jan/2024:15:57:04 +0000] "HEAD /user/settings.php?keyword=about&sort=27 HTTP/1.1" 200 634 "-" "python-requests/2.28.0"
203.0.113.10 - - [25/Jan/2024:15:57:08 +0000] "OPTIONS /services.php?find=search&page=42 HTTP/1.1" 200 2522 "https://yandex.ru" "python-requests/2.28.0"
198.51.100.1 - - [25/Jan/2024:15:57:15 +0000] "GET /css/style.css HTTP/1.1" 200 574 "https://google.com" "Mozilla/5.0 (Windows NT 10.0; Win64; x64; rv:121.0) Gecko/20100101 Firefox/121.0"
192.0.2.1 - - [25/Jan/2024:15:57:17 +0000] "POST /checkout.php HTTP/1.1" 200 3354 "http://example.com/search" "python-requests/2.28.0"
203.0.113.10 - - [25/Jan/2024:15:57:21 +0000] "DELETE /user/settings.php?search=get HTTP/1.1" 200 1219 "https://google.com" "Mozilla/5.0 (Macintosh; Intel Mac OS X 10_15_7) AppleWebKit/537.36 (KHTML, like Gecko) Chrome/120.0.0.0 Safari/537.36"
127.0.0.1 - - [25/Jan/2024:15:57:26 +0000] "GET /payment.php?find=test&page=76 HTTP/1.1" 404 0 "-" "Googlebot/2.1"
172.16.0.5 - - [25/Jan/2024:15:57:34 +0000] "POST /user/settings.php?query=about&sort=77 HTTP/1.1" 200 2479 "http://example.com/search" "python-requests/2.28.0"
192.0.2.10 - - [25/Jan/2024:15:57:42 +0000] "DELETE /sitemap.xml?term=get&limit=59 HTTP/1.1" 200 3295 "http://example.com/search" "PostmanRuntime/7.32.0"
203.0.113.10 - - [25/Jan/2024:15:57:46 +0000] "GET /js/main.js?query=hello HTTP/1.1" 200 1983 "-" "Mozilla/5.0 (X11; Linux x86_64) AppleWebKit/537.36 (KHTML, like Gecko) Chrome/120.0.0.0 Safari/537.36"
172.16.0.15 - - [25/Jan/2024:15:57:54 +0000] "PUT /admin/dashboard.php?term=user&limit=20 HTTP/1.1" 200 2822 "https://yandex.ru" "Mozilla/5.0 (X11; Linux x86_64) AppleWebKit/537.36 (KHTML, like Gecko) Chrome/120.0.0.0 Safari/537.36"
192.0.2.1 - - [25/Jan/2024:15:58:03 +0000] "OPTIONS /favicon.ico?find=display HTTP/1.1" 200 2302 "https://yandex.ru" "PostmanRuntime/7.32.0"
10.0.0.10 - - [25/Jan/2024:15:58:09 +0000] "OPTIONS /cart.php?term=post HTTP/1.1" 200 3345 "https://google.com" "Mozilla/5.0 (Macintosh; Intel Mac OS X 10_15_7) AppleWebKit/537.36 (KHTML, like Gecko) Chrome/120.0.0.0 Safari/537.36"
127.0.0.1 - - [25/Jan/2024:15:58:18 +0000] "HEAD /api/data?lookup=post HTTP/1.1" 200 2666 "http://example.com/search" "Googlebot/2.1"
198.51.100.1 - - [25/Jan/2024:15:58:19 +0000] "GET /admin/dashboard.php HTTP/1.1" 200 3666 "-" "Mozilla/5.0 (iPhone; CPU iPhone OS 17_0 like Mac OS X) AppleWebKit/605.1.15 (KHTML, like Gecko) Version/17.0 Mobile/15E148 Safari/604.1"
198.51.100.1 - - [25/Jan/2024:15:58:23 +0000] "DELETE /admin/users.php HTTP/1.1" 200 3331 "http://example.com/search" "python-requests/2.28.0"
10.0.0.1 - - [25/Jan/2024:15:58:29 +0000] "HEAD /payment.php HTTP/1.1" 200 3895 "https://yandex.ru" "PostmanRuntime/7.32.0"
203.0.113.1 - - [25/Jan/2024:15:58:30 +0000] "HEAD /robots.txt?q=result HTTP/1.1" 200 3185 "http://example.com" "Mozilla/5.0 (iPhone; CPU iPhone OS 17_0 like Mac OS X) AppleWebKit/605.1.15 (KHTML, like Gecko) Version/17.0 Mobile/15E148 Safari/604.1"
192.168.1.20 - - [25/Jan/2024:15:58:37 +0000] "PUT /sitemap.xml?query=hello&page=57 HTTP/1.1" 200 3751 "http://example.com" "python-requests/2.28.0"
192.168.1.30 - - [25/Jan/2024:15:58:44 +0000] "PUT /admin/users.php?keyword=user HTTP/1.1" 200 3073 "http://example.com/search" "Mozilla/5.0 (iPhone; CPU iPhone OS 17_0 like Mac OS X) AppleWebKit/605.1.15 (KHTML, like Gecko) Version/17.0 Mobile/15E148 Safari/604.1"
127.0.0.1 - - [25/Jan/2024:15:58:54 +0000] "DELETE /products.php?query=post HTTP/1.1" 301 0 "http://example.com/search" "python-requests/2.28.0"
192.0.2.10 - - [25/Jan/2024:15:58:59 +0000] "DELETE /robots.txt?search=article HTTP/1.1" 200 356 "http://example.com" "python-requests/2.28.0"
10.0.0.10 - - [25/Jan/2024:15:59:00 +0000] "POST /payment.php?search=test&page=94 HTTP/1.1" 200 3670 "https://google.com" "PostmanRuntime/7.32.0"
198.51.100.1 - - [25/Jan/2024:15:59:08 +0000] "POST /index.php HTTP/1.1" 200 235 "http://example.com" "Mozilla/5.0 (Android 13; Mobile; rv:121.0) Gecko/121.0 Firefox/121.0"
10.0.0.10 - - [25/Jan/2024:15:59:11 +0000] "DELETE /sitemap.xml?find=info HTTP/1.1" 200 4034 "https://google.com" "Mozilla/5.0 (Macintosh; Intel Mac OS X 10_15_7) AppleWebKit/537.36 (KHTML, like Gecko) Chrome/120.0.0.0 Safari/537.36"
198.51.100.1 - - [25/Jan/2024:15:59:14 +0000] "POST /user/profile.php?find=contact&limit=68 HTTP/1.1" 200 304 "https://yandex.ru" "Mozilla/5.0 (Windows NT 10.0; Win64; x64) AppleWebKit/537.36 (KHTML, like Gecko) Chrome/120.0.0.0 Safari/537.36"
192.0.2.10 - - [25/Jan/2024:15:59:19 +0000] "HEAD /home.php?search=display&sort=84 HTTP/1.1" 200 4937 "-" "Mozilla/5.0 (Android 13; Mobile; rv:121.0) Gecko/121.0 Firefox/121.0"
192.168.1.10 - - [25/Jan/2024:15:59:22 +0000] "OPTIONS /home.php?search=service&page=79 HTTP/1.1" 500 0 "https://google.com" "Mozilla/5.0 (Windows NT 10.0; Win64; x64) AppleWebKit/537.36 (KHTML, like Gecko) Chrome/120.0.0.0 Safari/537.36"
198.51.100.1 - - [25/Jan/2024:15:59:28 +0000] "HEAD /news.php HTTP/1.1" 200 1195 "http://example.com" "Googlebot/2.1"
10.0.0.1 - - [25/Jan/2024:15:59:32 +0000] "OPTIONS /search.php HTTP/1.1" 200 2449 "https://yandex.ru" "Mozilla/5.0 (Android 13; Mobile; rv:121.0) Gecko/121.0 Firefox/121.0"
198.51.100.1 - - [25/Jan/2024:15:59:34 +0000] "POST /images/logo.png?term=info HTTP/1.1" 200 4532 "https://yandex.ru" "curl/7.68.0"
172.16.0.1 - - [25/Jan/2024:15:59:44 +0000] "DELETE /contact.php?lookup=index&sort=52 HTTP/1.1" 200 4296 "https://yandex.ru" "Mozilla/5.0 (X11; Linux x86_64) AppleWebKit/537.36 (KHTML, like Gecko) Chrome/120.0.0.0 Safari/537.36"
203.0.113.20 - - [25/Jan/2024:15:59:49 +0000] "DELETE /search.php HTTP/1.1" 200 4247 "https://yandex.ru" "Mozilla/5.0 (Windows NT 10.0; Win64; x64; rv:121.0) Gecko/20100101 Firefox/121.0"
203.0.113.20 - - [25/Jan/2024:15:59:57 +0000] "HEAD /css/style.css?query=get HTTP/1.1" 200 2040 "http://example.com" "Mozilla/5.0 (Android 13; Mobile; rv:121.0) Gecko/121.0 Firefox/121.0"
192.0.2.10 - - [25/Jan/2024:16:00:05 +0000] "OPTIONS /about.php?q=page&sort=80 HTTP/1.1" 404 0 "http://example.com/search" "Mozilla/5.0 (iPhone; CPU iPhone OS 17_0 like Mac OS X) AppleWebKit/605.1.15 (KHTML, like Gecko) Version/17.0 Mobile/15E148 Safari/604.1"
172.16.0.10 - - [25/Jan/2024:16:00:12 +0000] "PUT /checkout.php?keyword=query HTTP/1.1" 200 4992 "https://google.com" "Mozilla/5.0 (Macintosh; Intel Mac OS X 10_15_7) AppleWebKit/537.36 (KHTML, like Gecko) Chrome/120.0.0.0 Safari/537.36"
192.0.2.10 - - [25/Jan/2024:16:00:15 +0000] "POST /images/logo.png HTTP/1.1" 200 1119 "http://example.com" "Mozilla/5.0 (Windows NT 10.0; Win64; x64; rv:121.0) Gecko/20100101 Firefox/121.0"
10.0.0.5 - - [25/Jan/2024:16:00:25 +0000] "POST /robots.txt?keyword=product&limit=8 HTTP/1.1" 200 3370 "https://google.com" "Mozilla/5.0 (X11; Linux x86_64) AppleWebKit/537.36 (KHTML, like Gecko) Chrome/120.0.0.0 Safari/537.36"
192.0.2.10 - - [25/Jan/2024:16:00:35 +0000] "GET /contact.php?find=user&limit=85 HTTP/1.1" 200 4478 "-" "Mozilla/5.0 (X11; Linux x86_64) AppleWebKit/537.36 (KHTML, like Gecko) Chrome/120.0.0.0 Safari/537.36"
198.51.100.10 - - [25/Jan/2024:16:00:36 +0000] "PUT /about.php?query=admin&limit=7 HTTP/1.1" 200 4987 "http://example.com/search" "Mozilla/5.0 (Android 13; Mobile; rv:121.0) Gecko/121.0 Firefox/121.0"
192.168.1.20 - - [25/Jan/2024:16:00:46 +0000] "DELETE /services.php?lookup=list&offset=18 HTTP/1.1" 200 1571 "http://example.com" "Mozilla/5.0 (iPhone; CPU iPhone OS 17_0 like Mac OS X) AppleWebKit/605.1.15 (KHTML, like Gecko) Version/17.0 Mobile/15E148 Safari/604.1"
203.0.113.10 - - [25/Jan/2024:16:00:50 +0000] "HEAD /search.php?lookup=display HTTP/1.1" 200 4629 "https://yandex.ru" "PostmanRuntime/7.32.0"
10.0.0.20 - - [25/Jan/2024:16:01:00 +0000] "POST /index.php HTTP/1.1" 200 1718 "http://example.com" "Mozilla/5.0 (X11; Linux x86_64) AppleWebKit/537.36 (KHTML, like Gecko) Chrome/120.0.0.0 Safari/537.36"
203.0.113.1 - - [25/Jan/2024:16:01:06 +0000] "PUT /products.php?find=page&offset=44 HTTP/1.1" 200 3370 "https://yandex.ru" "curl/7.68.0"
172.16.0.1 - - [25/Jan/2024:16:01:12 +0000] "PUT /admin/login.php?keyword=find&sort=7 HTTP/1.1" 200 2260 "http://example.com/search" "PostmanRuntime/7.32.0"
10.0.0.20 - - [25/Jan/2024:16:01:16 +0000] "OPTIONS /admin/dashboard.php HTTP/1.1" 200 3178 "https://yandex.ru" "Mozilla/5.0 (iPhone; CPU iPhone OS 17_0 like Mac OS X) AppleWebKit/605.1.15 (KHTML, like Gecko) Version/17.0 Mobile/15E148 Safari/604.1"
203.0.113.10 - - [25/Jan/2024:16:01:17 +0000] "PUT /robots.txt?term=page HTTP/1.1" 404 0 "https://google.com" "PostmanRuntime/7.32.0"
198.51.100.1 - - [25/Jan/2024:16:01:19 +0000] "PUT /sitemap.xml?lookup=home&sort=88 HTTP/1.1" 200 2574 "http://example.com" "Mozilla/5.0 (Windows NT 10.0; Win64; x64) AppleWebKit/537.36 (KHTML, like Gecko) Chrome/120.0.0.0 Safari/537.36"
172.16.0.5 - - [25/Jan/2024:16:01:26 +0000] "OPTIONS /api/search?query=article&page=48 HTTP/1.1" 200 4774 "-" "Mozilla/5.0 (Macintosh; Intel Mac OS X 10_15_7) AppleWebKit/537.36 (KHTML, like Gecko) Chrome/120.0.0.0 Safari/537.36"
10.0.0.1 - - [25/Jan/2024:16:01:27 +0000] "DELETE /products.php?q=post&page=10 HTTP/1.1" 200 1196 "http://example.com" "PostmanRuntime/7.32.0"
203.0.113.20 - - [25/Jan/2024:16:01:36 +0000] "DELETE /admin/dashboard.php?keyword=find HTTP/1.1" 200 2174 "http://example.com/search" "Mozilla/5.0 (Macintosh; Intel Mac OS X 10_15_7) AppleWebKit/537.36 (KHTML, like Gecko) Chrome/120.0.0.0 Safari/537.36"
172.16.0.1 - - [25/Jan/2024:16:01:40 +0000] "OPTIONS /admin/users.php?lookup=world&limit=92 HTTP/1.1" 200 803 "http://example.com" "python-requests/2.28.0"
10.0.0.1 - - [25/Jan/2024:16:01:45 +0000] "GET /news.php?lookup=result&page=99 HTTP/1.1" 200 1658 "http://example.com/search" "Mozilla/5.0 (Android 13; Mobile; rv:121.0) Gecko/121.0 Firefox/121.0"
127.0.0.1 - - [25/Jan/2024:16:01:46 +0000] "PUT /index.php?query=contact&offset=22 HTTP/1.1" 301 0 "https://google.com" "Mozilla/5.0 (Macintosh; Intel Mac OS X 10_15_7) AppleWebKit/537.36 (KHTML, like Gecko) Chrome/120.0.0.0 Safari/537.36"
172.16.0.5 - - [25/Jan/2024:16:01:47 +0000] "OPTIONS /sitemap.xml?find=world&sort=18 HTTP/1.1" 200 753 "http://example.com/search" "Mozilla/5.0 (X11; Linux x86_64) AppleWebKit/537.36 (KHTML, like Gecko) Chrome/120.0.0.0 Safari/537.36"
10.0.0.20 - - [25/Jan/2024:16:01:48 +0000] "DELETE /user/settings.php?search=service&limit=47 HTTP/1.1" 200 1658 "-" "Mozilla/5.0 (Android 13; Mobile; rv:121.0) Gecko/121.0 Firefox/121.0"
203.0.113.1 - - [25/Jan/2024:16:01:50 +0000] "OPTIONS /products.php?keyword=search&offset=50 HTTP/1.1" 200 2292 "http://example.com" "Mozilla/5.0 (Android 13; Mobile; rv:121.0) Gecko/121.0 Firefox/121.0"
192.168.1.40 - - [25/Jan/2024:16:01:53 +0000] "OPTIONS /checkout.php?query=display HTTP/1.1" 200 4087 "https://google.com" "Mozilla/5.0 (X11; Linux x86_64) AppleWebKit/537.36 (KHTML, like Gecko) Chrome/120.0.0.0 Safari/537.36"
192.0.2.1 - - [25/Jan/2024:16:02:03 +0000] "OPTIONS /admin/dashboard.php?q=result&page=27 HTTP/1.1" 200 3905 "https://google.com" "curl/7.68.0"
203.0.113.10 - - [25/Jan/2024:16:02:11 +0000] "HEAD /admin/dashboard.php?q=list&offset=39 HTTP/1.1" 200 4239 "https://yandex.ru" "Mozilla/5.0 (Windows NT 10.0; Win64; x64) AppleWebKit/537.36 (KHTML, like Gecko) Chrome/120.0.0.0 Safari/537.36"
198.51.100.1 - - [25/Jan/2024:16:02:19 +0000] "OPTIONS /js/main.js?query=info HTTP/1.1" 200 1938 "http://example.com" "PostmanRuntime/7.32.0"
172.16.0.15 - - [25/Jan/2024:16:02:23 +0000] "HEAD /checkout.php?q=news HTTP/1.1" 200 192 "https://google.com" "Googlebot/2.1"
192.168.1.10 - - [25/Jan/2024:16:02:27 +0000] "DELETE /about.php HTTP/1.1" 200 2944 "http://example.com" "python-requests/2.28.0"
10.0.0.5 - - [25/Jan/2024:16:02:35 +0000] "POST /css/style.css?query=service&offset=89 HTTP/1.1" 200 1322 "https://google.com" "python-requests/2.28.0"
198.51.100.1 - - [25/Jan/2024:16:02:45 +0000] "GET /sitemap.xml?term=query HTTP/1.1" 200 3893 "https://google.com" "Mozilla/5.0 (Macintosh; Intel Mac OS X 10_15_7) AppleWebKit/537.36 (KHTML, like Gecko) Chrome/120.0.0.0 Safari/537.36"
10.0.0.1 - - [25/Jan/2024:16:02:52 +0000] "HEAD /js/main.js?find=article HTTP/1.1" 200 340 "https://google.com" "Mozilla/5.0 (iPhone; CPU iPhone OS 17_0 like Mac OS X) AppleWebKit/605.1.15 (KHTML, like Gecko) Version/17.0 Mobile/15E148 Safari/604.1"
198.51.100.10 - - [25/Jan/2024:16:02:56 +0000] "GET /home.php HTTP/1.1" 200 2418 "http://example.com" "Mozilla/5.0 (Windows NT 10.0; Win64; x64; rv:121.0) Gecko/20100101 Firefox/121.0"
172.16.0.1 - - [25/Jan/2024:16:03:04 +0000] "POST /about.php?term=page HTTP/1.1" 200 764 "https://yandex.ru" "Googlebot/2.1"
192.168.1.40 - - [25/Jan/2024:16:03:07 +0000] "GET /services.php?find=data HTTP/1.1" 200 4312 "https://google.com" "curl/7.68.0"
172.16.0.5 - - [25/Jan/2024:16:03:17 +0000] "GET /api/users?keyword=about&page=44 HTTP/1.1" 200 2568 "http://example.com/search" "PostmanRuntime/7.32.0"
192.168.1.30 - - [25/Jan/2024:16:03:24 +0000] "POST /payment.php?q=about&offset=10 HTTP/1.1" 200 861 "-" "Mozilla/5.0 (X11; Linux x86_64) AppleWebKit/537.36 (KHTML, like Gecko) Chrome/120.0.0.0 Safari/537.36"
192.168.1.10 - - [25/Jan/2024:16:03:30 +0000] "GET /contact.php?term=home&page=20 HTTP/1.1" 200 2115 "https://yandex.ru" "Googlebot/2.1"
192.168.1.40 - - [25/Jan/2024:16:03:37 +0000] "HEAD /css/style.css?search=query HTTP/1.1" 200 286 "http://example.com" "PostmanRuntime/7.32.0"
192.0.2.10 - - [25/Jan/2024:16:03:38 +0000] "GET /payment.php?query=list HTTP/1.1" 200 3763 "https://yandex.ru" "Mozilla/5.0 (iPhone; CPU iPhone OS 17_0 like Mac OS X) AppleWebKit/605.1.15 (KHTML, like Gecko) Version/17.0 Mobile/15E148 Safari/604.1"
192.0.2.1 - - [25/Jan/2024:16:03:45 +0000] "HEAD /admin/login.php?term=world&page=10 HTTP/1.1" 200 4561 "-" "Mozilla/5.0 (Macintosh; Intel Mac OS X 10_15_7) AppleWebKit/537.36 (KHTML, like Gecko) Chrome/120.0.0.0 Safari/537.36"
192.168.1.20 - - [25/Jan/2024:16:03:51 +0000] "HEAD /sitemap.xml?lookup=user&page=6 HTTP/1.1" 200 2468 "http://example.com/search" "Mozilla/5.0 (Windows NT 10.0; Win64; x64) AppleWebKit/537.36 (KHTML, like Gecko) Chrome/120.0.0.0 Safari/537.36"
192.168.1.10 - - [25/Jan/2024:16:03:54 +0000] "PUT /news.php?query=get HTTP/1.1" 200 767 "https://yandex.ru" "Mozilla/5.0 (iPhone; CPU iPhone OS 17_0 like Mac OS X) AppleWebKit/605.1.15 (KHTML, like Gecko) Version/17.0 Mobile/15E148 Safari/604.1"
10.0.0.20 - - [25/Jan/2024:16:04:02 +0000] "DELETE /js/main.js?search=home HTTP/1.1" 200 4385 "http://example.com" "python-requests/2.28.0"
203.0.113.20 - - [25/Jan/2024:16:04:11 +0000] "HEAD /api/users HTTP/1.1" 200 4774 "-" "curl/7.68.0"
192.0.2.1 - - [25/Jan/2024:16:04:21 +0000] "GET /sitemap.xml?term=data HTTP/1.1" 200 3243 "-" "Mozilla/5.0 (Macintosh; Intel Mac OS X 10_15_7) AppleWebKit/537.36 (KHTML, like Gecko) Chrome/120.0.0.0 Safari/537.36"
203.0.113.10 - - [25/Jan/2024:16:04:23 +0000] "HEAD /robots.txt HTTP/1.1" 200 3181 "https://google.com" "PostmanRuntime/7.32.0"
192.0.2.1 - - [25/Jan/2024:16:04:32 +0000] "POST /services.php HTTP/1.1" 200 3707 "-" "Mozilla/5.0 (Windows NT 10.0; Win64; x64; rv:121.0) Gecko/20100101 Firefox/121.0"
203.0.113.10 - - [25/Jan/2024:16:04:40 +0000] "HEAD /user/profile.php?lookup=data HTTP/1.1" 500 0 "https://yandex.ru" "python-requests/2.28.0"
172.16.0.15 - - [25/Jan/2024:16:04:42 +0000] "OPTIONS /about.php HTTP/1.1" 500 0 "https://yandex.ru" "Mozilla/5.0 (X11; Linux x86_64) AppleWebKit/537.36 (KHTML, like Gecko) Chrome/120.0.0.0 Safari/537.36"
192.0.2.10 - - [25/Jan/2024:16:04:46 +0000] "DELETE /about.php?keyword=home&offset=49 HTTP/1.1" 200 3827 "http://example.com" "Mozilla/5.0 (Android 13; Mobile; rv:121.0) Gecko/121.0 Firefox/121.0"
10.0.0.20 - - [25/Jan/2024:16:04:51 +0000] "PUT /admin/users.php?term=page&sort=3 HTTP/1.1" 200 4643 "-" "Mozilla/5.0 (iPhone; CPU iPhone OS 17_0 like Mac OS X) AppleWebKit/605.1.15 (KHTML, like Gecko) Version/17.0 Mobile/15E148 Safari/604.1"
192.168.1.30 - - [25/Jan/2024:16:05:00 +0000] "POST /payment.php HTTP/1.1" 200 4743 "https://google.com" "Mozilla/5.0 (Windows NT 10.0; Win64; x64; rv:121.0) Gecko/20100101 Firefox/121.0"
203.0.113.1 - - [25/Jan/2024:16:05:01 +0000] "DELETE /api/data?term=product&sort=45 HTTP/1.1" 200 3154 "http://example.com/search" "Mozilla/5.0 (Windows NT 10.0; Win64; x64; rv:121.0) Gecko/20100101 Firefox/121.0"
127.0.0.1 - - [25/Jan/2024:16:05:07 +0000] "POST /admin/login.php?find=contact HTTP/1.1" 200 4362 "-" "Mozilla/5.0 (Windows NT 10.0; Win64; x64; rv:121.0) Gecko/20100101 Firefox/121.0"
10.0.0.20 - - [25/Jan/2024:16:05:15 +0000] "PUT /favicon.ico HTTP/1.1" 200 1647 "-" "Mozilla/5.0 (Windows NT 10.0; Win64; x64) AppleWebKit/537.36 (KHTML, like Gecko) Chrome/120.0.0.0 Safari/537.36"
192.168.1.10 - - [25/Jan/2024:16:05:16 +0000] "PUT /api/search?lookup=search&page=69 HTTP/1.1" 200 3656 "http://example.com/search" "Mozilla/5.0 (Android 13; Mobile; rv:121.0) Gecko/121.0 Firefox/121.0"
10.0.0.1 - - [25/Jan/2024:16:05:22 +0000] "GET /user/profile.php?term=display HTTP/1.1" 200 4685 "http://example.com" "Mozilla/5.0 (Android 13; Mobile; rv:121.0) Gecko/121.0 Firefox/121.0"
203.0.113.1 - - [25/Jan/2024:16:05:27 +0000] "POST /api/search?lookup=product HTTP/1.1" 200 3092 "http://example.com/search" "Mozilla/5.0 (iPhone; CPU iPhone OS 17_0 like Mac OS X) AppleWebKit/605.1.15 (KHTML, like Gecko) Version/17.0 Mobile/15E148 Safari/604.1"
172.16.0.1 - - [25/Jan/2024:16:05:34 +0000] "OPTIONS /admin/login.php HTTP/1.1" 200 1431 "http://example.com" "python-requests/2.28.0"
192.168.1.10 - - [25/Jan/2024:16:05:35 +0000] "OPTIONS /news.php HTTP/1.1" 301 0 "-" "Mozilla/5.0 (Windows NT 10.0; Win64; x64; rv:121.0) Gecko/20100101 Firefox/121.0"
192.168.1.20 - - [25/Jan/2024:16:05:36 +0000] "PUT /products.php?q=hello&limit=81 HTTP/1.1" 200 2717 "https://google.com" "Mozilla/5.0 (iPhone; CPU iPhone OS 17_0 like Mac OS X) AppleWebKit/605.1.15 (KHTML, like Gecko) Version/17.0 Mobile/15E148 Safari/604.1"
203.0.113.1 - - [25/Jan/2024:16:05:44 +0000] "POST /home.php?find=world&sort=93 HTTP/1.1" 200 3696 "https://yandex.ru" "python-requests/2.28.0"
172.16.0.10 - - [25/Jan/2024:16:05:53 +0000] "PUT /sitemap.xml?search=post&page=93 HTTP/1.1" 200 3099 "-" "python-requests/2.28.0"
192.168.1.30 - - [25/Jan/2024:16:06:03 +0000] "DELETE /js/main.js HTTP/1.1" 200 1397 "https://yandex.ru" "PostmanRuntime/7.32.0"
127.0.0.1 - - [25/Jan/2024:16:06:07 +0000] "DELETE /index.php?find=news HTTP/1.1" 200 314 "http://example.com" "Mozilla/5.0 (X11; Linux x86_64) AppleWebKit/537.36 (KHTML, like Gecko) Chrome/120.0.0.0 Safari/537.36"
10.0.0.20 - - [25/Jan/2024:16:06:09 +0000] "PUT /images/logo.png?find=index HTTP/1.1" 200 2908 "http://example.com/search" "curl/7.68.0"
172.16.0.10 - - [25/Jan/2024:16:06:12 +0000] "PUT /user/settings.php?lookup=page&sort=43 HTTP/1.1" 200 1284 "http://example.com/search" "Mozilla/5.0 (Android 13; Mobile; rv:121.0) Gecko/121.0 Firefox/121.0"
127.0.0.1 - - [25/Jan/2024:16:06:17 +0000] "GET /admin/dashboard.php?search=page&limit=55 HTTP/1.1" 302 0 "https://google.com" "Mozilla/5.0 (Macintosh; Intel Mac OS X 10_15_7) AppleWebKit/537.36 (KHTML, like Gecko) Chrome/120.0.0.0 Safari/537.36"
198.51.100.10 - - [25/Jan/2024:16:06:20 +0000] "GET /about.php?search=index&page=29 HTTP/1.1" 200 2020 "http://example.com/search" "curl/7.68.0"
10.0.0.10 - - [25/Jan/2024:16:06:23 +0000] "OPTIONS /about.php HTTP/1.1" 200 1127 "https://google.com" "Googlebot/2.1"
192.0.2.10 - - [25/Jan/2024:16:06:33 +0000] "HEAD /robots.txt?find=test HTTP/1.1" 200 2067 "http://example.com/search" "PostmanRuntime/7.32.0"
192.168.1.20 - - [25/Jan/2024:16:06:42 +0000] "HEAD /home.php?term=home HTTP/1.1" 200 559 "http://example.com/search" "Mozilla/5.0 (Windows NT 10.0; Win64; x64) AppleWebKit/537.36 (KHTML, like Gecko) Chrome/120.0.0.0 Safari/537.36"
203.0.113.1 - - [25/Jan/2024:16:06:49 +0000] "OPTIONS /favicon.ico?query=show HTTP/1.1" 200 3214 "http://example.com" "Mozilla/5.0 (Macintosh; Intel Mac OS X 10_15_7) AppleWebKit/537.36 (KHTML, like Gecko) Chrome/120.0.0.0 Safari/537.36"
192.168.1.40 - - [25/Jan/2024:16:06:59 +0000] "DELETE /js/main.js HTTP/1.1" 200 4834 "-" "curl/7.68.0"
203.0.113.20 - - [25/Jan/2024:16:07:01 +0000] "HEAD /contact.php?lookup=result HTTP/1.1" 200 4841 "https://google.com" "Mozilla/5.0 (Android 13; Mobile; rv:121.0) Gecko/121.0 Firefox/121.0"
192.168.1.30 - - [25/Jan/2024:16:07:11 +0000] "PUT /user/profile.php HTTP/1.1" 200 160 "https://yandex.ru" "Mozilla/5.0 (Windows NT 10.0; Win64; x64; rv:121.0) Gecko/20100101 Firefox/121.0"
172.16.0.10 - - [25/Jan/2024:16:07:16 +0000] "POST /search.php?find=show&offset=68 HTTP/1.1" 200 2795 "http://example.com/search" "Mozilla/5.0 (X11; Linux x86_64) AppleWebKit/537.36 (KHTML, like Gecko) Chrome/120.0.0.0 Safari/537.36"
192.168.1.30 - - [25/Jan/2024:16:07:18 +0000] "GET /admin/login.php HTTP/1.1" 200 1733 "http://example.com/search" "curl/7.68.0"
192.168.1.40 - - [25/Jan/2024:16:07:21 +0000] "OPTIONS /admin/dashboard.php?q=get HTTP/1.1" 200 534 "-" "Mozilla/5.0 (iPhone; CPU iPhone OS 17_0 like Mac OS X) AppleWebKit/605.1.15 (KHTML, like Gecko) Version/17.0 Mobile/15E148 Safari/604.1"
203.0.113.10 - - [25/Jan/2024:16:07:22 +0000] "PUT /admin/dashboard.php HTTP/1.1" 200 2985 "http://example.com/search" "Googlebot/2.1"
203.0.113.1 - - [25/Jan/2024:16:07:26 +0000] "PUT /favicon.ico?search=test&page=78 HTTP/1.1" 200 1159 "http://example.com" "Mozilla/5.0 (Android 13; Mobile; rv:121.0) Gecko/121.0 Firefox/121.0"
10.0.0.20 - - [25/Jan/2024:16:07:34 +0000] "HEAD /api/users?query=data&limit=44 HTTP/1.1" 404 0 "http://example.com/search" "Mozilla/5.0 (Windows NT 10.0; Win64; x64; rv:121.0) Gecko/20100101 Firefox/121.0"
192.168.1.40 - - [25/Jan/2024:16:07:35 +0000] "HEAD /favicon.ico HTTP/1.1" 200 4837 "http://example.com" "curl/7.68.0"
198.51.100.10 - - [25/Jan/2024:16:07:39 +0000] "HEAD /payment.php?search=search&sort=95 HTTP/1.1" 200 2938 "http://example.com/search" "curl/7.68.0"
10.0.0.1 - - [25/Jan/2024:16:07:41 +0000] "POST /search.php HTTP/1.1" 200 4639 "-" "curl/7.68.0"
172.16.0.15 - - [25/Jan/2024:16:07:50 +0000] "OPTIONS /api/data HTTP/1.1" 200 3433 "http://example.com/search" "Mozilla/5.0 (Windows NT 10.0; Win64; x64; rv:121.0) Gecko/20100101 Firefox/121.0"
172.16.0.10 - - [25/Jan/2024:16:07:55 +0000] "DELETE /css/style.css HTTP/1.1" 200 1994 "https://yandex.ru" "Googlebot/2.1"
203.0.113.20 - - [25/Jan/2024:16:08:05 +0000] "HEAD /api/users HTTP/1.1" 200 1614 "-" "Mozilla/5.0 (Android 13; Mobile; rv:121.0) Gecko/121.0 Firefox/121.0"
172.16.0.10 - - [25/Jan/2024:16:08:12 +0000] "DELETE /admin/users.php?query=blog HTTP/1.1" 200 448 "https://yandex.ru" "Mozilla/5.0 (iPhone; CPU iPhone OS 17_0 like Mac OS X) AppleWebKit/605.1.15 (KHTML, like Gecko) Version/17.0 Mobile/15E148 Safari/604.1"
192.168.1.20 - - [25/Jan/2024:16:08:17 +0000] "DELETE /api/data HTTP/1.1" 200 1445 "http://example.com" "PostmanRuntime/7.32.0"
10.0.0.15 - - [25/Jan/2024:16:08:19 +0000] "HEAD /about.php?q=news HTTP/1.1" 200 488 "https://google.com" "Mozilla/5.0 (Android 13; Mobile; rv:121.0) Gecko/121.0 Firefox/121.0"
127.0.0.1 - - [25/Jan/2024:16:08:21 +0000] "HEAD /admin/login.php HTTP/1.1" 200 3126 "https://google.com" "Mozilla/5.0 (Windows NT 10.0; Win64; x64; rv:121.0) Gecko/20100101 Firefox/121.0"
172.16.0.10 - - [25/Jan/2024:16:08:30 +0000] "DELETE /api/search?q=get&sort=93 HTTP/1.1" 200 2412 "http://example.com" "Mozilla/5.0 (X11; Linux x86_64) AppleWebKit/537.36 (KHTML, like Gecko) Chrome/120.0.0.0 Safari/537.36"
203.0.113.20 - - [25/Jan/2024:16:08:35 +0000] "PUT /search.php HTTP/1.1" 200 4901 "https://yandex.ru" "PostmanRuntime/7.32.0"
192.168.1.40 - - [25/Jan/2024:16:08:43 +0000] "HEAD /services.php?search=data&offset=64 HTTP/1.1" 200 1611 "https://google.com" "Mozilla/5.0 (X11; Linux x86_64) AppleWebKit/537.36 (KHTML, like Gecko) Chrome/120.0.0.0 Safari/537.36"
198.51.100.1 - - [25/Jan/2024:16:08:52 +0000] "POST /products.php?keyword=page&offset=44 HTTP/1.1" 200 2190 "https://google.com" "PostmanRuntime/7.32.0"
172.16.0.1 - - [25/Jan/2024:16:08:58 +0000] "OPTIONS /cart.php?keyword=find&offset=95 HTTP/1.1" 302 0 "http://example.com/search" "Mozilla/5.0 (Windows NT 10.0; Win64; x64) AppleWebKit/537.36 (KHTML, like Gecko) Chrome/120.0.0.0 Safari/537.36"
198.51.100.1 - - [25/Jan/2024:16:08:59 +0000] "POST /api/data?keyword=info HTTP/1.1" 200 2723 "http://example.com" "PostmanRuntime/7.32.0"
172.16.0.15 - - [25/Jan/2024:16:09:01 +0000] "DELETE /checkout.php?q=test&page=92 HTTP/1.1" 200 828 "-" "Mozilla/5.0 (Windows NT 10.0; Win64; x64) AppleWebKit/537.36 (KHTML, like Gecko) Chrome/120.0.0.0 Safari/537.36"
10.0.0.20 - - [25/Jan/2024:16:09:06 +0000] "POST /admin/users.php?keyword=blog&offset=25 HTTP/1.1" 200 674 "https://google.com" "Googlebot/2.1"
