172.16.0.10 - - [25/Jan/2024:16:35:18 +0000] "HEAD /user/settings.php?term=user&offset=71 HTTP/1.1" 200 4943 "https://yandex.ru" "Mozilla/5.0 (Macintosh; Intel Mac OS X 10_15_7) AppleWebKit/537.36 (KHTML, like Gecko) Chrome/120.0.0.0 Safari/537.36"
192.168.1.10 - - [25/Jan/2024:16:35:28 +0000] "GET /sitemap.xml?find=list&limit=1 HTTP/1.1" 200 785 "https://google.com" "Mozilla/5.0 (X11; Linux x86_64) AppleWebKit/537.36 (KHTML, like Gecko) Chrome/120.0.0.0 Safari/537.36"
192.168.1.10 - - [25/Jan/2024:16:35:30 +0000] "HEAD /user/profile.php HTTP/1.1" 404 0 "-" "curl/7.68.0"
172.16.0.5 - - [25/Jan/2024:16:35:37 +0000] "PUT /news.php?find=service HTTP/1.1" 200 2196 "http://example.com/search" "Mozilla/5.0 (Windows NT 10.0; Win64; x64) AppleWebKit/537.36 (KHTML, like Gecko) Chrome/120.0.0.0 Safari/537.36"
10.0.0.1 - - [25/Jan/2024:16:35:40 +0000] "HEAD /js/main.js HTTP/1.1" 200 1156 "https://yandex.ru" "Mozilla/5.0 (Windows NT 10.0; Win64; x64) AppleWebKit/537.36 (KHTML, like Gecko) Chrome/120.0.0.0 Safari/537.36"
10.0.0.10 - - [25/Jan/2024:16:35:44 +0000] "POST /robots.txt?query=display HTTP/1.1" 200 2870 "-" "curl/7.68.0"
172.16.0.5 - - [25/Jan/2024:16:35:47 +0000] "HEAD /user/profile.php?keyword=news&sort=52 HTTP/1.1" 200 2287 "http://example.com" "Mozilla/5.0 (Macintosh; Intel Mac OS X 10_15_7) AppleWebKit/537.36 (KHTML, like Gecko) Chrome/120.0.0.0 Safari/537.36"
172.16.0.5 - - [25/Jan/2024:16:35:56 +0000] "DELETE /admin/dashboard.php HTTP/1.1" 200 1401 "http://example.com" "Googlebot/2.1"
10.0.0.5 - - [25/Jan/2024:16:36:01 +0000] "PUT /robots.txt?lookup=data HTTP/1.1" 200 1980 "https://google.com" "Mozilla/5.0 (Android 13; Mobile; rv:121.0) Gecko/121.0 Firefox/121.0"
10.0.0.10 - - [25/Jan/2024:16:36:07 +0000] "GET /api/search?q=query&page=23 HTTP/1.1" 200 1638 "https://yandex.ru" "Googlebot/2.1"
172.16.0.10 - - [25/Jan/2024:16:36:12 +0000] "HEAD /about.php?lookup=blog HTTP/1.1" 200 354 "-" "PostmanRuntime/7.32.0"
127.0.0.1 - - [25/Jan/2024:16:36:13 +0000] "GET /checkout.php HTTP/1.1" 200 1595 "http://example.com" "Mozilla/5.0 (Windows NT 10.0; Win64; x64; rv:121.0) Gecko/20100101 Firefox/121.0"
203.0.113.20 - - [25/Jan/2024:16:36:22 +0000] "HEAD /cart.php?lookup=find HTTP/1.1" 200 692 "https://google.com" "Mozilla/5.0 (Windows NT 10.0; Win64; x64; rv:121.0) Gecko/20100101 Firefox/121.0"
198.51.100.1 - - [25/Jan/2024:16:36:29 +0000] "POST /api/data?keyword=query&limit=36 HTTP/1.1" 200 3509 "https://yandex.ru" "Mozilla/5.0 (Macintosh; Intel Mac OS X 10_15_7) AppleWebKit/537.36 (KHTML, like Gecko) Chrome/120.0.0.0 Safari/537.36"
10.0.0.1 - - [25/Jan/2024:16:36:39 +0000] "DELETE /css/style.css HTTP/1.1" 200 567 "https://yandex.ru" "Mozilla/5.0 (X11; Linux x86_64) AppleWebKit/537.36 (KHTML, like Gecko) Chrome/120.0.0.0 Safari/537.36"
10.0.0.1 - - [25/Jan/2024:16:36:48 +0000] "PUT /robots.txt?query=show&page=100 HTTP/1.1" 200 4426 "http://example.com/search" "Mozilla/5.0 (Windows NT 10.0; Win64; x64) AppleWebKit/537.36 (KHTML, like Gecko) Chrome/120.0.0.0 Safari/537.36"
192.0.2.1 - - [25/Jan/2024:16:36:52 +0000] "PUT /sitemap.xml HTTP/1.1" 200 3592 "http://example.com/search" "Mozilla/5.0 (Android 13; Mobile; rv:121.0) Gecko/121.0 Firefox/121.0"
172.16.0.5 - - [25/Jan/2024:16:36:53 +0000] "POST /checkout.php?lookup=home HTTP/1.1" 200 3221 "https://yandex.ru" "PostmanRuntime/7.32.0"
192.168.1.40 - - [25/Jan/2024:16:36:54 +0000] "PUT /css/style.css?search=page&offset=31 HTTP/1.1" 200 3029 "http://example.com/search" "Mozilla/5.0 (Windows NT 10.0; Win64; x64; rv:121.0) Gecko/20100101 Firefox/121.0"
203.0.113.1 - - [25/Jan/2024:16:37:00 +0000] "DELETE /admin/dashboard.php?find=list&offset=54 HTTP/1.1" 200 621 "http://example.com/search" "Mozilla/5.0 (Windows NT 10.0; Win64; x64) AppleWebKit/537.36 (KHTML, like Gecko) Chrome/120.0.0.0 Safari/537.36"
172.16.0.10 - - [25/Jan/2024:16:37:01 +0000] "POST /admin/login.php HTTP/1.1" 200 3497 "-" "curl/7.68.0"
10.0.0.5 - - [25/Jan/2024:16:37:02 +0000] "PUT /blog.php?term=contact&offset=83 HTTP/1.1" 200 2102 "https://yandex.ru" "Mozilla/5.0 (X11; Linux x86_64) AppleWebKit/537.36 (KHTML, like Gecko) Chrome/120.0.0.0 Safari/537.36"
203.0.113.1 - - [25/Jan/2024:16:37:06 +0000] "POST /contact.php?query=admin HTTP/1.1" 200 2826 "http://example.com/search" "PostmanRuntime/7.32.0"
172.16.0.5 - - [25/Jan/2024:16:37:13 +0000] "HEAD /api/users?q=article HTTP/1.1" 200 2686 "-" "Mozilla/5.0 (iPhone; CPU iPhone OS 17_0 like Mac OS X) AppleWebKit/605.1.15 (KHTML, like Gecko) Version/17.0 Mobile/15E148 Safari/604.1"
192.168.1.20 - - [25/Jan/2024:16:37:18 +0000] "HEAD /css/style.css HTTP/1.1" 404 0 "https://google.com" "Mozilla/5.0 (Android 13; Mobile; rv:121.0) Gecko/121.0 Firefox/121.0"
10.0.0.1 - - [25/Jan/2024:16:37:28 +0000] "GET /admin/dashboard.php?q=get&sort=34 HTTP/1.1" 200 3727 "-" "Mozilla/5.0 (Windows NT 10.0; Win64; x64) AppleWebKit/537.36 (KHTML, like Gecko) Chrome/120.0.0.0 Safari/537.36"
198.51.100.10 - - [25/Jan/2024:16:37:35 +0000] "HEAD /cart.php?term=about&offset=36 HTTP/1.1" 200 854 "https://yandex.ru" "PostmanRuntime/7.32.0"
192.168.1.30 - - [25/Jan/2024:16:37:36 +0000] "PUT /admin/dashboard.php?q=index HTTP/1.1" 200 859 "http://example.com" "Mozilla/5.0 (Macintosh; Intel Mac OS X 10_15_7) AppleWebKit/537.36 (KHTML, like Gecko) Chrome/120.0.0.0 Safari/537.36"
192.0.2.1 - - [25/Jan/2024:16:37:41 +0000] "OPTIONS /api/users?keyword=news HTTP/1.1" 200 1182 "https://yandex.ru" "Mozilla/5.0 (Windows NT 10.0; Win64; x64) AppleWebKit/537.36 (KHTML, like Gecko) Chrome/120.0.0.0 Safari/537.36"
10.0.0.1 - - [25/Jan/2024:16:37:49 +0000] "OPTIONS /robots.txt?query=data HTTP/1.1" 200 4077 "https://google.com" "Mozilla/5.0 (X11; Linux x86_64) AppleWebKit/537.36 (KHTML, like Gecko) Chrome/120.0.0.0 Safari/537.36"
203.0.113.20 - - [25/Jan/2024:16:37:53 +0000] "DELETE /search.php?find=get HTTP/1.1" 200 3791 "https://yandex.ru" "Mozilla/5.0 (Android 13; Mobile; rv:121.0) Gecko/121.0 Firefox/121.0"
10.0.0.15 - - [25/Jan/2024:16:37:57 +0000] "OPTIONS /user/settings.php?keyword=world&limit=70 HTTP/1.1" 200 3742 "http://example.com/search" "python-requests/2.28.0"
10.0.0.1 - - [25/Jan/2024:16:37:59 +0000] "POST /robots.txt?find=index&offset=97 HTTP/1.1" 200 4141 "https://google.com" "Mozilla/5.0 (Windows NT 10.0; Win64; x64; rv:121.0) Gecko/20100101 Firefox/121.0"
192.0.2.1 - - [25/Jan/2024:16:38:05 +0000] "OPTIONS /user/profile.php HTTP/1.1" 200 1926 "https://yandex.ru" "curl/7.68.0"
192.168.1.30 - - [25/Jan/2024:16:38:10 +0000] "PUT /admin/login.php?query=contact&offset=93 HTTP/1.1" 200 1231 "http://example.com/search" "Mozilla/5.0 (Macintosh; Intel Mac OS X 10_15_7) AppleWebKit/537.36 (KHTML, like Gecko) Chrome/120.0.0.0 Safari/537.36"
203.0.113.20 - - [25/Jan/2024:16:38:15 +0000] "POST /css/style.css HTTP/1.1" 200 2730 "https://google.com" "Mozilla/5.0 (Macintosh; Intel Mac OS X 10_15_7) AppleWebKit/537.36 (KHTML, like Gecko) Chrome/120.0.0.0 Safari/537.36"
203.0.113.20 - - [25/Jan/2024:16:38:23 +0000] "DELETE /admin/users.php?keyword=blog HTTP/1.1" 200 588 "-" "Mozilla/5.0 (Android 13; Mobile; rv:121.0) Gecko/121.0 Firefox/121.0"
192.168.1.30 - - [25/Jan/2024:16:38:33 +0000] "GET /api/data?query=get&sort=62 HTTP/1.1" 200 2673 "http://example.com" "PostmanRuntime/7.32.0"
203.0.113.1 - - [25/Jan/2024:16:38:39 +0000] "HEAD /products.php?query=news HTTP/1.1" 403 0 "-" "Mozilla/5.0 (iPhone; CPU iPhone OS 17_0 like Mac OS X) AppleWebKit/605.1.15 (KHTML, like Gecko) Version/17.0 Mobile/15E148 Safari/604.1"
192.168.1.20 - - [25/Jan/2024:16:38:42 +0000] "HEAD /news.php?find=service HTTP/1.1" 200 2315 "http://example.com" "Googlebot/2.1"
127.0.0.1 - - [25/Jan/2024:16:38:49 +0000] "POST /css/style.css HTTP/1.1" 200 3116 "-" "PostmanRuntime/7.32.0"
203.0.113.1 - - [25/Jan/2024:16:38:53 +0000] "OPTIONS /user/settings.php?term=find&limit=45 HTTP/1.1" 200 1704 "-" "Mozilla/5.0 (X11; Linux x86_64) AppleWebKit/537.36 (KHTML, like Gecko) Chrome/120.0.0.0 Safari/537.36"
192.0.2.10 - - [25/Jan/2024:16:39:03 +0000] "PUT /sitemap.xml?find=test HTTP/1.1" 200 4497 "https://yandex.ru" "Mozilla/5.0 (Macintosh; Intel Mac OS X 10_15_7) AppleWebKit/537.36 (KHTML, like Gecko) Chrome/120.0.0.0 Safari/537.36"
192.168.1.40 - - [25/Jan/2024:16:39:10 +0000] "POST /admin/users.php HTTP/1.1" 200 2965 "-" "Mozilla/5.0 (Android 13; Mobile; rv:121.0) Gecko/121.0 Firefox/121.0"
172.16.0.1 - - [25/Jan/2024:16:39:19 +0000] "POST /admin/dashboard.php?find=show&limit=82 HTTP/1.1" 304 0 "https://google.com" "python-requests/2.28.0"
10.0.0.15 - - [25/Jan/2024:16:39:28 +0000] "DELETE /sitemap.xml?lookup=display&limit=51 HTTP/1.1" 304 0 "https://yandex.ru" "Mozilla/5.0 (Windows NT 10.0; Win64; x64; rv:121.0) Gecko/20100101 Firefox/121.0"
172.16.0.1 - - [25/Jan/2024:16:39:35 +0000] "GET /favicon.ico?lookup=hello HTTP/1.1" 200 2943 "-" "Mozilla/5.0 (X11; Linux x86_64) AppleWebKit/537.36 (KHTML, like Gecko) Chrome/120.0.0.0 Safari/537.36"
192.168.1.10 - - [25/Jan/2024:16:39:41 +0000] "POST /favicon.ico?lookup=search HTTP/1.1" 200 1577 "http://example.com" "PostmanRuntime/7.32.0"
198.51.100.1 - - [25/Jan/2024:16:39:48 +0000] "OPTIONS /js/main.js?find=admin&offset=84 HTTP/1.1" 200 1396 "http://example.com" "Mozilla/5.0 (iPhone; CPU iPhone OS 17_0 like Mac OS X) AppleWebKit/605.1.15 (KHTML, like Gecko) Version/17.0 Mobile/15E148 Safari/604.1"
10.0.0.20 - - [25/Jan/2024:16:39:54 +0000] "OPTIONS /products.php?term=search HTTP/1.1" 200 4041 "https://google.com" "PostmanRuntime/7.32.0"
203.0.113.10 - - [25/Jan/2024:16:40:00 +0000] "HEAD /cart.php?term=info HTTP/1.1" 200 3591 "http://example.com" "Mozilla/5.0 (Windows NT 10.0; Win64; x64) AppleWebKit/537.36 (KHTML, like Gecko) Chrome/120.0.0.0 Safari/537.36"
127.0.0.1 - - [25/Jan/2024:16:40:01 +0000] "POST /js/main.js HTTP/1.1" 200 1868 "https://yandex.ru" "python-requests/2.28.0"
172.16.0.5 - - [25/Jan/2024:16:40:09 +0000] "POST /user/profile.php HTTP/1.1" 200 1541 "https://yandex.ru" "Mozilla/5.0 (iPhone; CPU iPhone OS 17_0 like Mac OS X) AppleWebKit/605.1.15 (KHTML, like Gecko) Version/17.0 Mobile/15E148 Safari/604.1"
172.16.0.10 - - [25/Jan/2024:16:40:11 +0000] "PUT /api/users?search=product&limit=31 HTTP/1.1" 200 3813 "-" "python-requests/2.28.0"
172.16.0.15 - - [25/Jan/2024:16:40:12 +0000] "DELETE /sitemap.xml HTTP/1.1" 200 3677 "http://example.com" "Mozilla/5.0 (X11; Linux x86_64) AppleWebKit/537.36 (KHTML, like Gecko) Chrome/120.0.0.0 Safari/537.36"
10.0.0.5 - - [25/Jan/2024:16:40:14 +0000] "OPTIONS /checkout.php?q=world&page=20 HTTP/1.1" 304 0 "https://google.com" "python-requests/2.28.0"
198.51.100.1 - - [25/Jan/2024:16:40:15 +0000] "PUT /admin/dashboard.php?q=display&page=54 HTTP/1.1" 200 4319 "-" "curl/7.68.0"
172.16.0.1 - - [25/Jan/2024:16:40:20 +0000] "OPTIONS /about.php?keyword=show HTTP/1.1" 200 518 "http://example.com/search" "curl/7.68.0"
192.168.1.40 - - [25/Jan/2024:16:40:21 +0000] "OPTIONS /news.php?find=show HTTP/1.1" 200 4761 "http://example.com/search" "Mozilla/5.0 (Android 13; Mobile; rv:121.0) Gecko/121.0 Firefox/121.0"
172.16.0.5 - - [25/Jan/2024:16:40:23 +0000] "OPTIONS /api/search?query=article HTTP/1.1" 200 545 "https://google.com" "curl/7.68.0"
192.168.1.10 - - [25/Jan/2024:16:40:26 +0000] "GET /api/data HTTP/1.1" 200 2155 "https://google.com" "Mozilla/5.0 (Android 13; Mobile; rv:121.0) Gecko/121.0 Firefox/121.0"
192.168.1.40 - - [25/Jan/2024:16:40:36 +0000] "PUT /api/search?term=data HTTP/1.1" 200 4572 "http://example.com" "PostmanRuntime/7.32.0"
10.0.0.5 - - [25/Jan/2024:16:40:38 +0000] "POST /user/profile.php?keyword=contact HTTP/1.1" 200 2019 "https://yandex.ru" "python-requests/2.28.0"
198.51.100.10 - - [25/Jan/2024:16:40:44 +0000] "HEAD /news.php?keyword=news&offset=62 HTTP/1.1" 200 3999 "https://yandex.ru" "python-requests/2.28.0"
198.51.100.1 - - [25/Jan/2024:16:40:45 +0000] "OPTIONS /admin/dashboard.php?query=get&sort=67 HTTP/1.1" 200 4829 "http://example.com" "Mozilla/5.0 (Android 13; Mobile; rv:121.0) Gecko/121.0 Firefox/121.0"
192.168.1.10 - - [25/Jan/2024:16:40:49 +0000] "DELETE /favicon.ico?lookup=admin&limit=1 HTTP/1.1" 200 3189 "https://google.com" "PostmanRuntime/7.32.0"
172.16.0.1 - - [25/Jan/2024:16:40:58 +0000] "POST /news.php HTTP/1.1" 200 1697 "https://yandex.ru" "Mozilla/5.0 (Macintosh; Intel Mac OS X 10_15_7) AppleWebKit/537.36 (KHTML, like Gecko) Chrome/120.0.0.0 Safari/537.36"
172.16.0.1 - - [25/Jan/2024:16:41:02 +0000] "POST /products.php?keyword=user&offset=15 HTTP/1.1" 200 4621 "https://yandex.ru" "Googlebot/2.1"
192.0.2.1 - - [25/Jan/2024:16:41:05 +0000] "OPTIONS /admin/users.php?q=info&limit=67 HTTP/1.1" 200 2087 "http://example.com/search" "Mozilla/5.0 (X11; Linux x86_64) AppleWebKit/537.36 (KHTML, like Gecko) Chrome/120.0.0.0 Safari/537.36"
203.0.113.10 - - [25/Jan/2024:16:41:08 +0000] "DELETE /images/logo.png?lookup=article&page=86 HTTP/1.1" 200 3240 "-" "Mozilla/5.0 (Windows NT 10.0; Win64; x64; rv:121.0) Gecko/20100101 Firefox/121.0"
172.16.0.5 - - [25/Jan/2024:16:41:16 +0000] "POST /blog.php?q=home&offset=25 HTTP/1.1" 404 0 "-" "curl/7.68.0"
192.0.2.1 - - [25/Jan/2024:16:41:19 +0000] "DELETE /products.php HTTP/1.1" 200 3880 "https://google.com" "Mozilla/5.0 (X11; Linux x86_64) AppleWebKit/537.36 (KHTML, like Gecko) Chrome/120.0.0.0 Safari/537.36"
203.0.113.20 - - [25/Jan/2024:16:41:28 +0000] "OPTIONS /images/logo.png?q=find HTTP/1.1" 200 4973 "https://google.com" "Mozilla/5.0 (iPhone; CPU iPhone OS 17_0 like Mac OS X) AppleWebKit/605.1.15 (KHTML, like Gecko) Version/17.0 Mobile/15E148 Safari/604.1"
192.168.1.40 - - [25/Jan/2024:16:41:29 +0000] "GET /user/profile.php HTTP/1.1" 200 3204 "-" "Mozilla/5.0 (Android 13; Mobile; rv:121.0) Gecko/121.0 Firefox/121.0"
10.0.0.20 - - [25/Jan/2024:16:41:35 +0000] "GET /products.php HTTP/1.1" 200 1190 "http://example.com/search" "curl/7.68.0"
172.16.0.5 - - [25/Jan/2024:16:41:36 +0000] "HEAD /api/data HTTP/1.1" 200 3113 "http://example.com" "Mozilla/5.0 (X11; Linux x86_64) AppleWebKit/537.36 (KHTML, like Gecko) Chrome/120.0.0.0 Safari/537.36"
192.0.2.1 - - [25/Jan/2024:16:41:42 +0000] "GET /index.php?q=query HTTP/1.1" 301 0 "http://example.com/search" "Mozilla/5.0 (Windows NT 10.0; Win64; x64; rv:121.0) Gecko/20100101 Firefox/121.0"
198.51.100.1 - - [25/Jan/2024:16:41:45 +0000] "POST /robots.txt HTTP/1.1" 200 1921 "https://google.com" "Mozilla/5.0 (Windows NT 10.0; Win64; x64) AppleWebKit/537.36 (KHTML, like Gecko) Chrome/120.0.0.0 Safari/537.36"
203.0.113.20 - - [25/Jan/2024:16:41:53 +0000] "POST /admin/users.php?term=world HTTP/1.1" 404 0 "http://example.com/search" "Googlebot/2.1"
192.168.1.10 - - [25/Jan/2024:16:41:59 +0000] "GET /images/logo.png?find=contact&limit=38 HTTP/1.1" 200 4375 "http://example.com/search" "python-requests/2.28.0"
198.51.100.1 - - [25/Jan/2024:16:42:07 +0000] "OPTIONS /cart.php HTTP/1.1" 200 2879 "-" "python-requests/2.28.0"
172.16.0.1 - - [25/Jan/2024:16:42:10 +0000] "PUT /about.php?find=about&offset=83 HTTP/1.1" 200 1798 "https://google.com" "python-requests/2.28.0"
192.168.1.30 - - [25/Jan/2024:16:42:13 +0000] "OPTIONS /about.php HTTP/1.1" 200 2532 "https://yandex.ru" "Googlebot/2.1"
172.16.0.10 - - [25/Jan/2024:16:42:19 +0000] "PUT /contact.php?lookup=hello&page=96 HTTP/1.1" 302 0 "https://yandex.ru" "Googlebot/2.1"
192.168.1.10 - - [25/Jan/2024:16:42:23 +0000] "GET /home.php?find=hello&limit=11 HTTP/1.1" 200 3944 "https://yandex.ru" "PostmanRuntime/7.32.0"
10.0.0.15 - - [25/Jan/2024:16:42:26 +0000] "GET /api/data HTTP/1.1" 200 2943 "http://example.com" "Mozilla/5.0 (Windows NT 10.0; Win64; x64) AppleWebKit/537.36 (KHTML, like Gecko) Chrome/120.0.0.0 Safari/537.36"
10.0.0.10 - - [25/Jan/2024:16:42:28 +0000] "OPTIONS /api/data?query=post HTTP/1.1" 200 1762 "https://google.com" "curl/7.68.0"
172.16.0.5 - - [25/Jan/2024:16:42:30 +0000] "OPTIONS /api/users HTTP/1.1" 200 4058 "https://google.com" "PostmanRuntime/7.32.0"
192.0.2.1 - - [25/Jan/2024:16:42:37 +0000] "PUT /favicon.ico?term=search&page=42 HTTP/1.1" 302 0 "-" "Mozilla/5.0 (Android 13; Mobile; rv:121.0) Gecko/121.0 Firefox/121.0"
198.51.100.10 - - [25/Jan/2024:16:42:45 +0000] "DELETE /contact.php?lookup=article HTTP/1.1" 500 0 "https://yandex.ru" "Mozilla/5.0 (Windows NT 10.0; Win64; x64; rv:121.0) Gecko/20100101 Firefox/121.0"
192.168.1.30 - - [25/Jan/2024:16:42:48 +0000] "DELETE /js/main.js HTTP/1.1" 200 4586 "http://example.com" "Mozilla/5.0 (Macintosh; Intel Mac OS X 10_15_7) AppleWebKit/537.36 (KHTML, like Gecko) Chrome/120.0.0.0 Safari/537.36"
192.0.2.1 - - [25/Jan/2024:16:42:53 +0000] "POST /cart.php HTTP/1.1" 200 1340 "http://example.com" "Mozilla/5.0 (Android 13; Mobile; rv:121.0) Gecko/121.0 Firefox/121.0"
192.168.1.10 - - [25/Jan/2024:16:42:58 +0000] "HEAD /contact.php HTTP/1.1" 200 417 "https://google.com" "Mozilla/5.0 (Windows NT 10.0; Win64; x64) AppleWebKit/537.36 (KHTML, like Gecko) Chrome/120.0.0.0 Safari/537.36"
10.0.0.15 - - [25/Jan/2024:16:42:59 +0000] "OPTIONS /favicon.ico?keyword=contact HTTP/1.1" 200 3876 "https://google.com" "Mozilla/5.0 (Macintosh; Intel Mac OS X 10_15_7) AppleWebKit/537.36 (KHTML, like Gecko) Chrome/120.0.0.0 Safari/537.36"
203.0.113.20 - - [25/Jan/2024:16:43:02 +0000] "HEAD /admin/users.php?lookup=news HTTP/1.1" 200 4828 "https://google.com" "Mozilla/5.0 (Android 13; Mobile; rv:121.0) Gecko/121.0 Firefox/121.0"
10.0.0.1 - - [25/Jan/2024:16:43:08 +0000] "OPTIONS /admin/login.php?search=index&limit=35 HTTP/1.1" 200 1277 "http://example.com" "Mozilla/5.0 (Macintosh; Intel Mac OS X 10_15_7) AppleWebKit/537.36 (KHTML, like Gecko) Chrome/120.0.0.0 Safari/537.36"
172.16.0.1 - - [25/Jan/2024:16:43:17 +0000] "OPTIONS /products.php HTTP/1.1" 200 2458 "http://example.com" "Mozilla/5.0 (iPhone; CPU iPhone OS 17_0 like Mac OS X) AppleWebKit/605.1.15 (KHTML, like Gecko) Version/17.0 Mobile/15E148 Safari/604.1"
127.0.0.1 - - [25/Jan/2024:16:43:21 +0000] "GET /api/data?keyword=hello HTTP/1.1" 200 4709 "https://yandex.ru" "python-requests/2.28.0"
10.0.0.5 - - [25/Jan/2024:16:43:30 +0000] "HEAD /about.php HTTP/1.1" 200 3128 "http://example.com/search" "Googlebot/2.1"
172.16.0.15 - - [25/Jan/2024:16:43:34 +0000] "HEAD /checkout.php HTTP/1.1" 301 0 "http://example.com" "PostmanRuntime/7.32.0"
127.0.0.1 - - [25/Jan/2024:16:43:37 +0000] "GET /contact.php?search=blog&offset=26 HTTP/1.1" 200 4077 "-" "Mozilla/5.0 (iPhone; CPU iPhone OS 17_0 like Mac OS X) AppleWebKit/605.1.15 (KHTML, like Gecko) Version/17.0 Mobile/15E148 Safari/604.1"
127.0.0.1 - - [25/Jan/2024:16:43:47 +0000] "OPTIONS /api/data HTTP/1.1" 200 3917 "https://yandex.ru" "Mozilla/5.0 (Windows NT 10.0; Win64; x64) AppleWebKit/537.36 (KHTML, like Gecko) Chrome/120.0.0.0 Safari/537.36"
172.16.0.1 - - [25/Jan/2024:16:43:56 +0000] "HEAD /products.php?query=test HTTP/1.1" 304 0 "http://example.com" "Mozilla/5.0 (X11; Linux x86_64) AppleWebKit/537.36 (KHTML, like Gecko) Chrome/120.0.0.0 Safari/537.36"
198.51.100.1 - - [25/Jan/2024:16:43:57 +0000] "GET /user/settings.php?lookup=news HTTP/1.1" 301 0 "-" "Mozilla/5.0 (X11; Linux x86_64) AppleWebKit/537.36 (KHTML, like Gecko) Chrome/120.0.0.0 Safari/537.36"
10.0.0.10 - - [25/Jan/2024:16:44:04 +0000] "HEAD /images/logo.png?keyword=get HTTP/1.1" 200 3685 "http://example.com" "curl/7.68.0"
10.0.0.20 - - [25/Jan/2024:16:44:12 +0000] "PUT /services.php?find=home HTTP/1.1" 200 3676 "https://yandex.ru" "python-requests/2.28.0"
192.168.1.30 - - [25/Jan/2024:16:44:18 +0000] "POST /news.php?term=post HTTP/1.1" 200 1968 "https://google.com" "Mozilla/5.0 (iPhone; CPU iPhone OS 17_0 like Mac OS X) AppleWebKit/605.1.15 (KHTML, like Gecko) Version/17.0 Mobile/15E148 Safari/604.1"
10.0.0.10 - - [25/Jan/2024:16:44:27 +0000] "HEAD /index.php?find=contact&page=23 HTTP/1.1" 200 385 "-" "Googlebot/2.1"
192.0.2.1 - - [25/Jan/2024:16:44:32 +0000] "GET /cart.php?keyword=post&page=34 HTTP/1.1" 200 3243 "http://example.com" "curl/7.68.0"
192.168.1.10 - - [25/Jan/2024:16:44:33 +0000] "GET /favicon.ico HTTP/1.1" 200 460 "https://google.com" "Mozilla/5.0 (X11; Linux x86_64) AppleWebKit/537.36 (KHTML, like Gecko) Chrome/120.0.0.0 Safari/537.36"
192.0.2.1 - - [25/Jan/2024:16:44:34 +0000] "GET /home.php?search=user&sort=65 HTTP/1.1" 200 1483 "http://example.com/search" "PostmanRuntime/7.32.0"
10.0.0.15 - - [25/Jan/2024:16:44:43 +0000] "GET /search.php?query=user&limit=77 HTTP/1.1" 500 0 "http://example.com" "Mozilla/5.0 (Windows NT 10.0; Win64; x64) AppleWebKit/537.36 (KHTML, like Gecko) Chrome/120.0.0.0 Safari/537.36"
203.0.113.20 - - [25/Jan/2024:16:44:47 +0000] "OPTIONS /user/settings.php HTTP/1.1" 200 2699 "https://yandex.ru" "Mozilla/5.0 (X11; Linux x86_64) AppleWebKit/537.36 (KHTML, like Gecko) Chrome/120.0.0.0 Safari/537.36"
172.16.0.15 - - [25/Jan/2024:16:44:50 +0000] "POST /home.php HTTP/1.1" 200 2452 "http://example.com/search" "python-requests/2.28.0"
10.0.0.10 - - [25/Jan/2024:16:44:58 +0000] "POST /products.php HTTP/1.1" 200 1956 "http://example.com/search" "Googlebot/2.1"
172.16.0.1 - - [25/Jan/2024:16:44:59 +0000] "POST /robots.txt?q=post HTTP/1.1" 200 4646 "-" "python-requests/2.28.0"
192.0.2.1 - - [25/Jan/2024:16:45:01 +0000] "PUT /user/settings.php?term=admin&offset=36 HTTP/1.1" 200 4199 "-" "Mozilla/5.0 (Macintosh; Intel Mac OS X 10_15_7) AppleWebKit/537.36 (KHTML, like Gecko) Chrome/120.0.0.0 Safari/537.36"
203.0.113.10 - - [25/Jan/2024:16:45:06 +0000] "POST /admin/dashboard.php HTTP/1.1" 200 1705 "https://google.com" "Mozilla/5.0 (Windows NT 10.0; Win64; x64) AppleWebKit/537.36 (KHTML, like Gecko) Chrome/120.0.0.0 Safari/537.36"
192.168.1.30 - - [25/Jan/2024:16:45:10 +0000] "DELETE /index.php HTTP/1.1" 404 0 "https://yandex.ru" "Mozilla/5.0 (X11; Linux x86_64) AppleWebKit/537.36 (KHTML, like Gecko) Chrome/120.0.0.0 Safari/537.36"
172.16.0.1 - - [25/Jan/2024:16:45:18 +0000] "GET /admin/users.php?term=result HTTP/1.1" 500 0 "https://yandex.ru" "curl/7.68.0"
198.51.100.10 - - [25/Jan/2024:16:45:23 +0000] "PUT /sitemap.xml HTTP/1.1" 200 2661 "-" "python-requests/2.28.0"
10.0.0.15 - - [25/Jan/2024:16:45:25 +0000] "GET /css/style.css?keyword=page&page=5 HTTP/1.1" 200 4022 "http://example.com/search" "Mozilla/5.0 (Windows NT 10.0; Win64; x64; rv:121.0) Gecko/20100101 Firefox/121.0"
10.0.0.10 - - [25/Jan/2024:16:45:32 +0000] "HEAD /user/settings.php?query=index&offset=34 HTTP/1.1" 200 1911 "https://google.com" "Mozilla/5.0 (Windows NT 10.0; Win64; x64; rv:121.0) Gecko/20100101 Firefox/121.0"
10.0.0.1 - - [25/Jan/2024:16:45:35 +0000] "PUT /user/profile.php HTTP/1.1" 200 4859 "http://example.com/search" "Mozilla/5.0 (Windows NT 10.0; Win64; x64) AppleWebKit/537.36 (KHTML, like Gecko) Chrome/120.0.0.0 Safari/537.36"
172.16.0.1 - - [25/Jan/2024:16:45:39 +0000] "GET /user/profile.php HTTP/1.1" 200 3159 "http://example.com/search" "Mozilla/5.0 (Android 13; Mobile; rv:121.0) Gecko/121.0 Firefox/121.0"
192.168.1.20 - - [25/Jan/2024:16:45:49 +0000] "GET /user/profile.php?keyword=blog&sort=40 HTTP/1.1" 200 3358 "http://example.com/search" "Mozilla/5.0 (iPhone; CPU iPhone OS 17_0 like Mac OS X) AppleWebKit/605.1.15 (KHTML, like Gecko) Version/17.0 Mobile/15E148 Safari/604.1"
10.0.0.5 - - [25/Jan/2024:16:45:52 +0000] "DELETE /robots.txt?keyword=show&page=77 HTTP/1.1" 200 4409 "-" "Googlebot/2.1"
192.168.1.10 - - [25/Jan/2024:16:46:01 +0000] "POST /contact.php?query=service HTTP/1.1" 200 3825 "http://example.com/search" "Mozilla/5.0 (Windows NT 10.0; Win64; x64) AppleWebKit/537.36 (KHTML, like Gecko) Chrome/120.0.0.0 Safari/537.36"
192.0.2.1 - - [25/Jan/2024:16:46:03 +0000] "PUT /search.php?keyword=blog HTTP/1.1" 200 3090 "https://yandex.ru" "Mozilla/5.0 (Windows NT 10.0; Win64; x64; rv:121.0) Gecko/20100101 Firefox/121.0"
192.0.2.1 - - [25/Jan/2024:16:46:13 +0000] "HEAD /payment.php HTTP/1.1" 200 880 "-" "PostmanRuntime/7.32.0"
10.0.0.10 - - [25/Jan/2024:16:46:19 +0000] "GET /admin/login.php HTTP/1.1" 200 3578 "http://example.com" "Mozilla/5.0 (iPhone; CPU iPhone OS 17_0 like Mac OS X) AppleWebKit/605.1.15 (KHTML, like Gecko) Version/17.0 Mobile/15E148 Safari/604.1"
10.0.0.20 - - [25/Jan/2024:16:46:20 +0000] "PUT /user/profile.php?search=user HTTP/1.1" 200 2964 "http://example.com" "Mozilla/5.0 (iPhone; CPU iPhone OS 17_0 like Mac OS X) AppleWebKit/605.1.15 (KHTML, like Gecko) Version/17.0 Mobile/15E148 Safari/604.1"
172.16.0.15 - - [25/Jan/2024:16:46:22 +0000] "HEAD /about.php?find=contact HTTP/1.1" 200 2385 "http://example.com" "python-requests/2.28.0"
10.0.0.1 - - [25/Jan/2024:16:46:23 +0000] "GET /products.php?lookup=about HTTP/1.1" 200 2897 "http://example.com" "Mozilla/5.0 (Windows NT 10.0; Win64; x64; rv:121.0) Gecko/20100101 Firefox/121.0"
172.16.0.15 - - [25/Jan/2024:16:46:31 +0000] "HEAD /sitemap.xml?query=display HTTP/1.1" 200 358 "https://yandex.ru" "curl/7.68.0"
192.0.2.1 - - [25/Jan/2024:16:46:39 +0000] "GET /contact.php?q=product HTTP/1.1" 200 516 "http://example.com" "python-requests/2.28.0"
172.16.0.15 - - [25/Jan/2024:16:46:42 +0000] "GET /sitemap.xml HTTP/1.1" 200 230 "https://yandex.ru" "Mozilla/5.0 (Macintosh; Intel Mac OS X 10_15_7) AppleWebKit/537.36 (KHTML, like Gecko) Chrome/120.0.0.0 Safari/537.36"
192.168.1.10 - - [25/Jan/2024:16:46:47 +0000] "PUT /js/main.js?q=test HTTP/1.1" 200 753 "http://example.com/search" "Mozilla/5.0 (iPhone; CPU iPhone OS 17_0 like Mac OS X) AppleWebKit/605.1.15 (KHTML, like Gecko) Version/17.0 Mobile/15E148 Safari/604.1"
192.168.1.40 - - [25/Jan/2024:16:46:48 +0000] "GET /admin/login.php?q=list HTTP/1.1" 200 3348 "http://example.com/search" "Mozilla/5.0 (Windows NT 10.0; Win64; x64; rv:121.0) Gecko/20100101 Firefox/121.0"
10.0.0.5 - - [25/Jan/2024:16:46:57 +0000] "OPTIONS /search.php?term=contact&limit=13 HTTP/1.1" 200 1160 "http://example.com" "PostmanRuntime/7.32.0"
192.168.1.10 - - [25/Jan/2024:16:47:03 +0000] "PUT /user/settings.php HTTP/1.1" 302 0 "http://example.com" "Googlebot/2.1"
198.51.100.10 - - [25/Jan/2024:16:47:04 +0000] "DELETE /api/data?q=find&sort=55 HTTP/1.1" 200 2620 "https://google.com" "Mozilla/5.0 (X11; Linux x86_64) AppleWebKit/537.36 (KHTML, like Gecko) Chrome/120.0.0.0 Safari/537.36"
198.51.100.10 - - [25/Jan/2024:16:47:11 +0000] "DELETE /user/profile.php?keyword=test&limit=87 HTTP/1.1" 200 3075 "-" "Mozilla/5.0 (X11; Linux x86_64) AppleWebKit/537.36 (KHTML, like Gecko) Chrome/120.0.0.0 Safari/537.36"
10.0.0.10 - - [25/Jan/2024:16:47:19 +0000] "DELETE /cart.php?search=test HTTP/1.1" 200 4175 "https://google.com" "Mozilla/5.0 (Windows NT 10.0; Win64; x64; rv:121.0) Gecko/20100101 Firefox/121.0"
10.0.0.10 - - [25/Jan/2024:16:47:22 +0000] "POST /sitemap.xml?find=get&offset=41 HTTP/1.1" 200 1799 "http://example.com/search" "Mozilla/5.0 (Macintosh; Intel Mac OS X 10_15_7) AppleWebKit/537.36 (KHTML, like Gecko) Chrome/120.0.0.0 Safari/537.36"
10.0.0.20 - - [25/Jan/2024:16:47:25 +0000] "GET /images/logo.png?query=index HTTP/1.1" 200 1205 "https://yandex.ru" "Mozilla/5.0 (X11; Linux x86_64) AppleWebKit/537.36 (KHTML, like Gecko) Chrome/120.0.0.0 Safari/537.36"
172.16.0.15 - - [25/Jan/2024:16:47:32 +0000] "HEAD /payment.php?lookup=user HTTP/1.1" 200 2705 "http://example.com/search" "Mozilla/5.0 (X11; Linux x86_64) AppleWebKit/537.36 (KHTML, like Gecko) Chrome/120.0.0.0 Safari/537.36"
127.0.0.1 - - [25/Jan/2024:16:47:35 +0000] "PUT /user/profile.php?query=display HTTP/1.1" 200 3574 "http://example.com/search" "Mozilla/5.0 (Windows NT 10.0; Win64; x64; rv:121.0) Gecko/20100101 Firefox/121.0"
192.168.1.40 - - [25/Jan/2024:16:47:40 +0000] "HEAD /admin/login.php?lookup=list HTTP/1.1" 200 3563 "https://yandex.ru" "Mozilla/5.0 (Windows NT 10.0; Win64; x64; rv:121.0) Gecko/20100101 Firefox/121.0"
172.16.0.5 - - [25/Jan/2024:16:47:45 +0000] "PUT /sitemap.xml?search=data HTTP/1.1" 302 0 "-" "PostmanRuntime/7.32.0"
192.0.2.1 - - [25/Jan/2024:16:47:47 +0000] "DELETE /sitemap.xml HTTP/1.1" 200 485 "https://yandex.ru" "python-requests/2.28.0"
192.168.1.10 - - [25/Jan/2024:16:47:50 +0000] "GET /payment.php?lookup=contact&offset=82 HTTP/1.1" 200 4118 "https://google.com" "Mozilla/5.0 (Android 13; Mobile; rv:121.0) Gecko/121.0 Firefox/121.0"
10.0.0.5 - - [25/Jan/2024:16:47:57 +0000] "DELETE /robots.txt?lookup=user&page=13 HTTP/1.1" 200 2769 "-" "Mozilla/5.0 (Android 13; Mobile; rv:121.0) Gecko/121.0 Firefox/121.0"
172.16.0.1 - - [25/Jan/2024:16:48:03 +0000] "GET /cart.php HTTP/1.1" 200 415 "http://example.com/search" "PostmanRuntime/7.32.0"
172.16.0.5 - - [25/Jan/2024:16:48:11 +0000] "OPTIONS /user/settings.php?query=info HTTP/1.1" 200 508 "https://google.com" "Mozilla/5.0 (Macintosh; Intel Mac OS X 10_15_7) AppleWebKit/537.36 (KHTML, like Gecko) Chrome/120.0.0.0 Safari/537.36"
10.0.0.20 - - [25/Jan/2024:16:48:16 +0000] "OPTIONS /sitemap.xml?keyword=about HTTP/1.1" 200 4676 "http://example.com/search" "Googlebot/2.1"
198.51.100.10 - - [25/Jan/2024:16:48:23 +0000] "HEAD /products.php?keyword=show&offset=90 HTTP/1.1" 200 1873 "http://example.com/search" "PostmanRuntime/7.32.0"
172.16.0.15 - - [25/Jan/2024:16:48:31 +0000] "PUT /search.php?find=page&limit=58 HTTP/1.1" 200 1734 "-" "python-requests/2.28.0"
192.168.1.40 - - [25/Jan/2024:16:48:36 +0000] "PUT /blog.php HTTP/1.1" 200 4664 "https://google.com" "Mozilla/5.0 (Windows NT 10.0; Win64; x64) AppleWebKit/537.36 (KHTML, like Gecko) Chrome/120.0.0.0 Safari/537.36"
192.0.2.1 - - [25/Jan/2024:16:48:41 +0000] "POST /index.php HTTP/1.1" 200 2497 "http://example.com" "Mozilla/5.0 (X11; Linux x86_64) AppleWebKit/537.36 (KHTML, like Gecko) Chrome/120.0.0.0 Safari/537.36"
10.0.0.15 - - [25/Jan/2024:16:48:48 +0000] "OPTIONS /home.php?keyword=home&sort=5 HTTP/1.1" 200 2128 "http://example.com" "python-requests/2.28.0"
172.16.0.10 - - [25/Jan/2024:16:48:57 +0000] "GET /js/main.js?keyword=query HTTP/1.1" 200 519 "https://yandex.ru" "curl/7.68.0"
203.0.113.1 - - [25/Jan/2024:16:49:02 +0000] "OPTIONS /js/main.js?keyword=test&offset=16 HTTP/1.1" 200 639 "https://google.com" "Mozilla/5.0 (Windows NT 10.0; Win64; x64) AppleWebKit/537.36 (KHTML, like Gecko) Chrome/120.0.0.0 Safari/537.36"
172.16.0.1 - - [25/Jan/2024:16:49:08 +0000] "OPTIONS /api/users?q=find HTTP/1.1" 200 1162 "-" "Mozilla/5.0 (X11; Linux x86_64) AppleWebKit/537.36 (KHTML, like Gecko) Chrome/120.0.0.0 Safari/537.36"
192.168.1.30 - - [25/Jan/2024:16:49:11 +0000] "OPTIONS /images/logo.png?keyword=home HTTP/1.1" 200 3488 "https://google.com" "curl/7.68.0"
172.16.0.15 - - [25/Jan/2024:16:49:16 +0000] "POST /js/main.js?q=news&limit=73 HTTP/1.1" 200 605 "http://example.com" "curl/7.68.0"
10.0.0.5 - - [25/Jan/2024:16:49:18 +0000] "GET /images/logo.png?term=blog&limit=67 HTTP/1.1" 200 1108 "https://yandex.ru" "Mozilla/5.0 (Macintosh; Intel Mac OS X 10_15_7) AppleWebKit/537.36 (KHTML, like Gecko) Chrome/120.0.0.0 Safari/537.36"
198.51.100.1 - - [25/Jan/2024:16:49:28 +0000] "DELETE /search.php?term=post&sort=46 HTTP/1.1" 200 4330 "-" "Mozilla/5.0 (X11; Linux x86_64) AppleWebKit/537.36 (KHTML, like Gecko) Chrome/120.0.0.0 Safari/537.36"
172.16.0.10 - - [25/Jan/2024:16:49:31 +0000] "POST /index.php HTTP/1.1" 200 603 "http://example.com/search" "PostmanRuntime/7.32.0"
192.168.1.30 - - [25/Jan/2024:16:49:39 +0000] "HEAD /robots.txt?keyword=find HTTP/1.1" 200 4922 "http://example.com/search" "Mozilla/5.0 (Windows NT 10.0; Win64; x64) AppleWebKit/537.36 (KHTML, like Gecko) Chrome/120.0.0.0 Safari/537.36"
192.0.2.1 - - [25/Jan/2024:16:49:46 +0000] "POST /api/users HTTP/1.1" 200 2670 "http://example.com" "Mozilla/5.0 (iPhone; CPU iPhone OS 17_0 like Mac OS X) AppleWebKit/605.1.15 (KHTML, like Gecko) Version/17.0 Mobile/15E148 Safari/604.1"
10.0.0.15 - - [25/Jan/2024:16:49:53 +0000] "GET /api/search?q=admin HTTP/1.1" 200 938 "-" "python-requests/2.28.0"
192.168.1.40 - - [25/Jan/2024:16:49:55 +0000] "POST /services.php HTTP/1.1" 200 3827 "http://example.com/search" "Mozilla/5.0 (Android 13; Mobile; rv:121.0) Gecko/121.0 Firefox/121.0"
10.0.0.5 - - [25/Jan/2024:16:50:00 +0000] "OPTIONS /api/search?term=test HTTP/1.1" 302 0 "http://example.com" "Mozilla/5.0 (X11; Linux x86_64) AppleWebKit/537.36 (KHTML, like Gecko) Chrome/120.0.0.0 Safari/537.36"
192.168.1.20 - - [25/Jan/2024:16:50:09 +0000] "PUT /user/profile.php?find=about HTTP/1.1" 200 2042 "https://google.com" "Mozilla/5.0 (Windows NT 10.0; Win64; x64) AppleWebKit/537.36 (KHTML, like Gecko) Chrome/120.0.0.0 Safari/537.36"
192.168.1.20 - - [25/Jan/2024:16:50:14 +0000] "GET /user/settings.php?search=hello&limit=35 HTTP/1.1" 200 4608 "https://yandex.ru" "Mozilla/5.0 (X11; Linux x86_64) AppleWebKit/537.36 (KHTML, like Gecko) Chrome/120.0.0.0 Safari/537.36"
203.0.113.10 - - [25/Jan/2024:16:50:16 +0000] "HEAD /news.php HTTP/1.1" 200 799 "-" "PostmanRuntime/7.32.0"
10.0.0.10 - - [25/Jan/2024:16:50:21 +0000] "GET /index.php HTTP/1.1" 200 2794 "http://example.com" "curl/7.68.0"
10.0.0.20 - - [25/Jan/2024:16:50:31 +0000] "DELETE /api/data HTTP/1.1" 200 704 "-" "Mozilla/5.0 (Windows NT 10.0; Win64; x64; rv:121.0) Gecko/20100101 Firefox/121.0"
172.16.0.15 - - [25/Jan/2024:16:50:34 +0000] "POST /admin/dashboard.php HTTP/1.1" 200 515 "http://example.com" "Googlebot/2.1"
172.16.0.10 - - [25/Jan/2024:16:50:38 +0000] "GET /blog.php?keyword=admin&sort=95 HTTP/1.1" 200 4450 "-" "python-requests/2.28.0"
203.0.113.1 - - [25/Jan/2024:16:50:47 +0000] "GET /user/profile.php?term=query HTTP/1.1" 200 614 "-" "PostmanRuntime/7.32.0"
203.0.113.1 - - [25/Jan/2024:16:50:55 +0000] "GET /api/search HTTP/1.1" 200 2825 "-" "PostmanRuntime/7.32.0"
192.0.2.1 - - [25/Jan/2024:16:51:05 +0000] "HEAD /admin/login.php?keyword=hello HTTP/1.1" 200 552 "http://example.com/search" "PostmanRuntime/7.32.0"
192.168.1.10 - - [25/Jan/2024:16:51:12 +0000] "DELETE /user/settings.php HTTP/1.1" 200 2885 "https://google.com" "Mozilla/5.0 (Android 13; Mobile; rv:121.0) Gecko/121.0 Firefox/121.0"
10.0.0.1 - - [25/Jan/2024:16:51:21 +0000] "DELETE /user/settings.php?lookup=article&limit=64 HTTP/1.1" 200 2572 "https://yandex.ru" "Mozilla/5.0 (Android 13; Mobile; rv:121.0) Gecko/121.0 Firefox/121.0"
192.168.1.20 - - [25/Jan/2024:16:51:30 +0000] "OPTIONS /api/data?keyword=get&offset=66 HTTP/1.1" 200 663 "http://example.com/search" "Googlebot/2.1"
10.0.0.15 - - [25/Jan/2024:16:51:36 +0000] "PUT /css/style.css?term=page&sort=34 HTTP/1.1" 200 1456 "https://yandex.ru" "Mozilla/5.0 (X11; Linux x86_64) AppleWebKit/537.36 (KHTML, like Gecko) Chrome/120.0.0.0 Safari/537.36"
10.0.0.10 - - [25/Jan/2024:16:51:43 +0000] "OPTIONS /user/settings.php HTTP/1.1" 200 2472 "http://example.com/search" "Googlebot/2.1"
192.168.1.20 - - [25/Jan/2024:16:51:44 +0000] "GET /admin/users.php?keyword=show&offset=11 HTTP/1.1" 200 4828 "https://yandex.ru" "Mozilla/5.0 (Android 13; Mobile; rv:121.0) Gecko/121.0 Firefox/121.0"
203.0.113.1 - - [25/Jan/2024:16:51:50 +0000] "GET /sitemap.xml?lookup=display HTTP/1.1" 200 1016 "-" "PostmanRuntime/7.32.0"
172.16.0.1 - - [25/Jan/2024:16:51:59 +0000] "OPTIONS /robots.txt HTTP/1.1" 200 2381 "https://yandex.ru" "Mozilla/5.0 (Android 13; Mobile; rv:121.0) Gecko/121.0 Firefox/121.0"
10.0.0.15 - - [25/Jan/2024:16:52:04 +0000] "DELETE /user/profile.php?query=hello HTTP/1.1" 200 1661 "-" "PostmanRuntime/7.32.0"
10.0.0.1 - - [25/Jan/2024:16:52:12 +0000] "HEAD /services.php HTTP/1.1" 200 2479 "http://example.com" "Mozilla/5.0 (X11; Linux x86_64) AppleWebKit/537.36 (KHTML, like Gecko) Chrome/120.0.0.0 Safari/537.36"
198.51.100.10 - - [25/Jan/2024:16:52:22 +0000] "PUT /blog.php HTTP/1.1" 200 1376 "https://google.com" "python-requests/2.28.0"
192.168.1.20 - - [25/Jan/2024:16:52:24 +0000] "DELETE /api/users?find=display HTTP/1.1" 200 2822 "-" "PostmanRuntime/7.32.0"
172.16.0.15 - - [25/Jan/2024:16:52:30 +0000] "PUT /payment.php?find=service&limit=93 HTTP/1.1" 200 611 "http://example.com" "Mozilla/5.0 (Windows NT 10.0; Win64; x64; rv:121.0) Gecko/20100101 Firefox/121.0"
192.168.1.40 - - [25/Jan/2024:16:52:34 +0000] "GET /checkout.php?query=get&sort=10 HTTP/1.1" 200 279 "http://example.com" "Mozilla/5.0 (iPhone; CPU iPhone OS 17_0 like Mac OS X) AppleWebKit/605.1.15 (KHTML, like Gecko) Version/17.0 Mobile/15E148 Safari/604.1"
10.0.0.10 - - [25/Jan/2024:16:52:42 +0000] "HEAD /favicon.ico HTTP/1.1" 200 2214 "http://example.com/search" "Mozilla/5.0 (Android 13; Mobile; rv:121.0) Gecko/121.0 Firefox/121.0"
192.168.1.20 - - [25/Jan/2024:16:52:48 +0000] "PUT /index.php?query=about HTTP/1.1" 200 4431 "-" "Mozilla/5.0 (Windows NT 10.0; Win64; x64) AppleWebKit/537.36 (KHTML, like Gecko) Chrome/120.0.0.0 Safari/537.36"
10.0.0.15 - - [25/Jan/2024:16:52:51 +0000] "PUT /index.php HTTP/1.1" 200 1552 "http://example.com" "Mozilla/5.0 (Windows NT 10.0; Win64; x64; rv:121.0) Gecko/20100101 Firefox/121.0"
192.168.1.40 - - [25/Jan/2024:16:52:52 +0000] "HEAD /admin/login.php?search=page&limit=41 HTTP/1.1" 200 3847 "http://example.com" "Mozilla/5.0 (X11; Linux x86_64) AppleWebKit/537.36 (KHTML, like Gecko) Chrome/120.0.0.0 Safari/537.36"
198.51.100.1 - - [25/Jan/2024:16:52:57 +0000] "DELETE /payment.php HTTP/1.1" 200 822 "http://example.com" "Mozilla/5.0 (Android 13; Mobile; rv:121.0) Gecko/121.0 Firefox/121.0"
127.0.0.1 - - [25/Jan/2024:16:53:02 +0000] "HEAD /admin/login.php?term=user&offset=56 HTTP/1.1" 200 2540 "http://example.com/search" "Mozilla/5.0 (Windows NT 10.0; Win64; x64; rv:121.0) Gecko/20100101 Firefox/121.0"
192.0.2.10 - - [25/Jan/2024:16:53:10 +0000] "OPTIONS /products.php?lookup=article HTTP/1.1" 200 679 "http://example.com/search" "Mozilla/5.0 (Android 13; Mobile; rv:121.0) Gecko/121.0 Firefox/121.0"
10.0.0.15 - - [25/Jan/2024:16:53:19 +0000] "OPTIONS /home.php?q=page HTTP/1.1" 200 1480 "https://yandex.ru" "Googlebot/2.1"
192.168.1.30 - - [25/Jan/2024:16:53:29 +0000] "OPTIONS /sitemap.xml?keyword=search&limit=78 HTTP/1.1" 200 2940 "https://google.com" "curl/7.68.0"
192.168.1.20 - - [25/Jan/2024:16:53:32 +0000] "HEAD /cart.php HTTP/1.1" 200 767 "https://yandex.ru" "Mozilla/5.0 (Macintosh; Intel Mac OS X 10_15_7) AppleWebKit/537.36 (KHTML, like Gecko) Chrome/120.0.0.0 Safari/537.36"
10.0.0.10 - - [25/Jan/2024:16:53:40 +0000] "PUT /home.php?query=test HTTP/1.1" 304 0 "http://example.com/search" "python-requests/2.28.0"
10.0.0.15 - - [25/Jan/2024:16:53:41 +0000] "OPTIONS /admin/login.php?search=service HTTP/1.1" 200 3886 "-" "Googlebot/2.1"
192.0.2.1 - - [25/Jan/2024:16:53:45 +0000] "HEAD /about.php?keyword=query&page=82 HTTP/1.1" 200 2311 "http://example.com" "Mozilla/5.0 (Windows NT 10.0; Win64; x64) AppleWebKit/537.36 (KHTML, like Gecko) Chrome/120.0.0.0 Safari/537.36"
10.0.0.1 - - [25/Jan/2024:16:53:50 +0000] "OPTIONS /cart.php HTTP/1.1" 404 0 "https://google.com" "Mozilla/5.0 (Android 13; Mobile; rv:121.0) Gecko/121.0 Firefox/121.0"
198.51.100.1 - - [25/Jan/2024:16:53:52 +0000] "DELETE /services.php?lookup=page HTTP/1.1" 200 2790 "https://yandex.ru" "python-requests/2.28.0"
172.16.0.1 - - [25/Jan/2024:16:53:54 +0000] "POST /news.php?find=info&page=15 HTTP/1.1" 200 794 "http://example.com/search" "Mozilla/5.0 (Android 13; Mobile; rv:121.0) Gecko/121.0 Firefox/121.0"
10.0.0.1 - - [25/Jan/2024:16:53:59 +0000] "HEAD /admin/users.php?term=page HTTP/1.1" 200 1281 "-" "Mozilla/5.0 (Macintosh; Intel Mac OS X 10_15_7) AppleWebKit/537.36 (KHTML, like Gecko) Chrome/120.0.0.0 Safari/537.36"
172.16.0.10 - - [25/Jan/2024:16:54:05 +0000] "HEAD /js/main.js?lookup=test&sort=63 HTTP/1.1" 404 0 "http://example.com" "PostmanRuntime/7.32.0"
192.168.1.10 - - [25/Jan/2024:16:54:08 +0000] "OPTIONS /user/settings.php?q=page HTTP/1.1" 200 4098 "-" "curl/7.68.0"
192.168.1.10 - - [25/Jan/2024:16:54:14 +0000] "PUT /css/style.css?lookup=data HTTP/1.1" 200 676 "http://example.com/search" "curl/7.68.0"
203.0.113.10 - - [25/Jan/2024:16:54:21 +0000] "DELETE /api/search?lookup=data HTTP/1.1" 200 2504 "https://yandex.ru" "curl/7.68.0"
172.16.0.10 - - [25/Jan/2024:16:54:31 +0000] "PUT /js/main.js?search=contact&limit=28 HTTP/1.1" 200 2300 "http://example.com/search" "Mozilla/5.0 (iPhone; CPU iPhone OS 17_0 like Mac OS X) AppleWebKit/605.1.15 (KHTML, like Gecko) Version/17.0 Mobile/15E148 Safari/604.1"
10.0.0.1 - - [25/Jan/2024:16:54:41 +0000] "POST /admin/users.php HTTP/1.1" 200 3002 "http://example.com" "Mozilla/5.0 (Windows NT 10.0; Win64; x64; rv:121.0) Gecko/20100101 Firefox/121.0"
10.0.0.5 - - [25/Jan/2024:16:54:49 +0000] "GET /sitemap.xml HTTP/1.1" 200 2784 "https://yandex.ru" "Mozilla/5.0 (Android 13; Mobile; rv:121.0) Gecko/121.0 Firefox/121.0"
172.16.0.5 - - [25/Jan/2024:16:54:53 +0000] "OPTIONS /index.php?q=hello&offset=1 HTTP/1.1" 200 4180 "https://yandex.ru" "Mozilla/5.0 (Windows NT 10.0; Win64; x64; rv:121.0) Gecko/20100101 Firefox/121.0"
10.0.0.15 - - [25/Jan/2024:16:54:57 +0000] "GET /about.php HTTP/1.1" 200 3766 "https://yandex.ru" "Mozilla/5.0 (Windows NT 10.0; Win64; x64) AppleWebKit/537.36 (KHTML, like Gecko) Chrome/120.0.0.0 Safari/537.36"
198.51.100.10 - - [25/Jan/2024:16:55:03 +0000] "DELETE /home.php?q=search HTTP/1.1" 200 1987 "http://example.com" "python-requests/2.28.0"
10.0.0.1 - - [25/Jan/2024:16:55:06 +0000] "HEAD /api/data HTTP/1.1" 200 4032 "http://example.com/search" "Mozilla/5.0 (Android 13; Mobile; rv:121.0) Gecko/121.0 Firefox/121.0"
192.0.2.10 - - [25/Jan/2024:16:55:13 +0000] "PUT /news.php?query=show&page=36 HTTP/1.1" 200 2218 "http://example.com" "Mozilla/5.0 (X11; Linux x86_64) AppleWebKit/537.36 (KHTML, like Gecko) Chrome/120.0.0.0 Safari/537.36"
192.168.1.20 - - [25/Jan/2024:16:55:23 +0000] "GET /about.php?search=display HTTP/1.1" 200 2267 "-" "Mozilla/5.0 (Windows NT 10.0; Win64; x64; rv:121.0) Gecko/20100101 Firefox/121.0"
172.16.0.10 - - [25/Jan/2024:16:55:32 +0000] "PUT /services.php?find=news HTTP/1.1" 200 1010 "-" "python-requests/2.28.0"
198.51.100.1 - - [25/Jan/2024:16:55:37 +0000] "GET /favicon.ico HTTP/1.1" 200 1437 "https://google.com" "Mozilla/5.0 (Android 13; Mobile; rv:121.0) Gecko/121.0 Firefox/121.0"
10.0.0.15 - - [25/Jan/2024:16:55:40 +0000] "POST /api/search?keyword=product HTTP/1.1" 200 1252 "http://example.com/search" "curl/7.68.0"
10.0.0.5 - - [25/Jan/2024:16:55:48 +0000] "POST /services.php?lookup=article&limit=26 HTTP/1.1" 200 3322 "https://yandex.ru" "Mozilla/5.0 (iPhone; CPU iPhone OS 17_0 like Mac OS X) AppleWebKit/605.1.15 (KHTML, like Gecko) Version/17.0 Mobile/15E148 Safari/604.1"
198.51.100.10 - - [25/Jan/2024:16:55:53 +0000] "GET /js/main.js HTTP/1.1" 200 3381 "http://example.com" "Mozilla/5.0 (Windows NT 10.0; Win64; x64; rv:121.0) Gecko/20100101 Firefox/121.0"
192.168.1.10 - - [25/Jan/2024:16:56:00 +0000] "OPTIONS /user/settings.php?term=data&page=81 HTTP/1.1" 301 0 "http://example.com/search" "PostmanRuntime/7.32.0"
172.16.0.10 - - [25/Jan/2024:16:56:03 +0000] "POST /admin/login.php?find=about&page=80 HTTP/1.1" 200 4443 "https://yandex.ru" "Mozilla/5.0 (X11; Linux x86_64) AppleWebKit/537.36 (KHTML, like Gecko) Chrome/120.0.0.0 Safari/537.36"
192.168.1.30 - - [25/Jan/2024:16:56:07 +0000] "POST /user/settings.php?term=post&limit=88 HTTP/1.1" 200 756 "http://example.com" "Mozilla/5.0 (Windows NT 10.0; Win64; x64; rv:121.0) Gecko/20100101 Firefox/121.0"
10.0.0.10 - - [25/Jan/2024:16:56:09 +0000] "PUT /images/logo.png?search=blog HTTP/1.1" 302 0 "http://example.com" "Mozilla/5.0 (Macintosh; Intel Mac OS X 10_15_7) AppleWebKit/537.36 (KHTML, like Gecko) Chrome/120.0.0.0 Safari/537.36"
172.16.0.1 - - [25/Jan/2024:16:56:11 +0000] "GET /index.php?q=find HTTP/1.1" 200 903 "https://google.com" "Mozilla/5.0 (iPhone; CPU iPhone OS 17_0 like Mac OS X) AppleWebKit/605.1.15 (KHTML, like Gecko) Version/17.0 Mobile/15E148 Safari/604.1"
10.0.0.1 - - [25/Jan/2024:16:56:14 +0000] "DELETE /home.php?query=home HTTP/1.1" 200 1990 "https://google.com" "curl/7.68.0"
198.51.100.1 - - [25/Jan/2024:16:56:16 +0000] "POST /home.php HTTP/1.1" 200 4156 "http://example.com" "curl/7.68.0"
10.0.0.5 - - [25/Jan/2024:16:56:20 +0000] "HEAD /contact.php?find=user HTTP/1.1" 200 1714 "http://example.com" "Mozilla/5.0 (Macintosh; Intel Mac OS X 10_15_7) AppleWebKit/537.36 (KHTML, like Gecko) Chrome/120.0.0.0 Safari/537.36"
192.168.1.20 - - [25/Jan/2024:16:56:30 +0000] "DELETE /images/logo.png HTTP/1.1" 200 1950 "https://yandex.ru" "curl/7.68.0"
172.16.0.15 - - [25/Jan/2024:16:56:34 +0000] "POST /api/search?search=contact HTTP/1.1" 200 2818 "https://yandex.ru" "Mozilla/5.0 (iPhone; CPU iPhone OS 17_0 like Mac OS X) AppleWebKit/605.1.15 (KHTML, like Gecko) Version/17.0 Mobile/15E148 Safari/604.1"
10.0.0.20 - - [25/Jan/2024:16:56:44 +0000] "GET /contact.php?lookup=page&offset=10 HTTP/1.1" 404 0 "http://example.com/search" "Mozilla/5.0 (Macintosh; Intel Mac OS X 10_15_7) AppleWebKit/537.36 (KHTML, like Gecko) Chrome/120.0.0.0 Safari/537.36"
203.0.113.1 - - [25/Jan/2024:16:56:53 +0000] "GET /api/users?term=result HTTP/1.1" 200 1494 "-" "Mozilla/5.0 (iPhone; CPU iPhone OS 17_0 like Mac OS X) AppleWebKit/605.1.15 (KHTML, like Gecko) Version/17.0 Mobile/15E148 Safari/604.1"
172.16.0.10 - - [25/Jan/2024:16:57:03 +0000] "PUT /payment.php HTTP/1.1" 200 3345 "http://example.com" "Mozilla/5.0 (iPhone; CPU iPhone OS 17_0 like Mac OS X) AppleWebKit/605.1.15 (KHTML, like Gecko) Version/17.0 Mobile/15E148 Safari/604.1"
192.168.1.10 - - [25/Jan/2024:16:57:13 +0000] "OPTIONS /admin/dashboard.php?query=home&page=1 HTTP/1.1" 200 1562 "http://example.com" "Mozilla/5.0 (Android 13; Mobile; rv:121.0) Gecko/121.0 Firefox/121.0"
10.0.0.10 - - [25/Jan/2024:16:57:19 +0000] "DELETE /robots.txt?find=world&page=43 HTTP/1.1" 200 3438 "-" "Mozilla/5.0 (X11; Linux x86_64) AppleWebKit/537.36 (KHTML, like Gecko) Chrome/120.0.0.0 Safari/537.36"
192.168.1.30 - - [25/Jan/2024:16:57:29 +0000] "POST /payment.php?keyword=search&limit=48 HTTP/1.1" 301 0 "https://yandex.ru" "PostmanRuntime/7.32.0"
203.0.113.20 - - [25/Jan/2024:16:57:38 +0000] "PUT /home.php HTTP/1.1" 200 1084 "https://yandex.ru" "Mozilla/5.0 (Windows NT 10.0; Win64; x64) AppleWebKit/537.36 (KHTML, like Gecko) Chrome/120.0.0.0 Safari/537.36"
203.0.113.20 - - [25/Jan/2024:16:57:48 +0000] "GET /api/users HTTP/1.1" 200 3612 "http://example.com/search" "Mozilla/5.0 (Android 13; Mobile; rv:121.0) Gecko/121.0 Firefox/121.0"
192.168.1.10 - - [25/Jan/2024:16:57:52 +0000] "DELETE /admin/dashboard.php?lookup=search HTTP/1.1" 404 0 "https://google.com" "Mozilla/5.0 (Android 13; Mobile; rv:121.0) Gecko/121.0 Firefox/121.0"
203.0.113.1 - - [25/Jan/2024:16:58:02 +0000] "OPTIONS /news.php?query=test&sort=67 HTTP/1.1" 200 1427 "http://example.com/search" "python-requests/2.28.0"
10.0.0.1 - - [25/Jan/2024:16:58:04 +0000] "HEAD /checkout.php?find=contact HTTP/1.1" 200 1879 "https://google.com" "Googlebot/2.1"
203.0.113.20 - - [25/Jan/2024:16:58:10 +0000] "OPTIONS /products.php HTTP/1.1" 200 2278 "http://example.com" "python-requests/2.28.0"
203.0.113.20 - - [25/Jan/2024:16:58:11 +0000] "GET /checkout.php HTTP/1.1" 200 3658 "-" "Mozilla/5.0 (Macintosh; Intel Mac OS X 10_15_7) AppleWebKit/537.36 (KHTML, like Gecko) Chrome/120.0.0.0 Safari/537.36"
10.0.0.1 - - [25/Jan/2024:16:58:18 +0000] "GET /user/profile.php?q=list HTTP/1.1" 200 4324 "http://example.com" "python-requests/2.28.0"
192.168.1.10 - - [25/Jan/2024:16:58:25 +0000] "DELETE /user/profile.php?term=search&offset=26 HTTP/1.1" 302 0 "-" "Mozilla/5.0 (X11; Linux x86_64) AppleWebKit/537.36 (KHTML, like Gecko) Chrome/120.0.0.0 Safari/537.36"
127.0.0.1 - - [25/Jan/2024:16:58:29 +0000] "POST /home.php?keyword=admin&sort=30 HTTP/1.1" 200 3467 "http://example.com" "Mozilla/5.0 (Android 13; Mobile; rv:121.0) Gecko/121.0 Firefox/121.0"
172.16.0.5 - - [25/Jan/2024:16:58:39 +0000] "DELETE /contact.php?find=contact HTTP/1.1" 200 957 "http://example.com" "Mozilla/5.0 (iPhone; CPU iPhone OS 17_0 like Mac OS X) AppleWebKit/605.1.15 (KHTML, like Gecko) Version/17.0 Mobile/15E148 Safari/604.1"
127.0.0.1 - - [25/Jan/2024:16:58:48 +0000] "POST /api/users HTTP/1.1" 200 3588 "https://google.com" "Mozilla/5.0 (Macintosh; Intel Mac OS X 10_15_7) AppleWebKit/537.36 (KHTML, like Gecko) Chrome/120.0.0.0 Safari/537.36"
10.0.0.20 - - [25/Jan/2024:16:58:54 +0000] "POST /robots.txt?search=blog&limit=17 HTTP/1.1" 200 2357 "http://example.com" "Mozilla/5.0 (Android 13; Mobile; rv:121.0) Gecko/121.0 Firefox/121.0"
10.0.0.20 - - [25/Jan/2024:16:59:01 +0000] "DELETE /checkout.php HTTP/1.1" 200 2059 "https://yandex.ru" "Mozilla/5.0 (Windows NT 10.0; Win64; x64) AppleWebKit/537.36 (KHTML, like Gecko) Chrome/120.0.0.0 Safari/537.36"
172.16.0.15 - - [25/Jan/2024:16:59:05 +0000] "OPTIONS /checkout.php HTTP/1.1" 200 3379 "https://yandex.ru" "Mozilla/5.0 (Android 13; Mobile; rv:121.0) Gecko/121.0 Firefox/121.0"
192.0.2.10 - - [25/Jan/2024:16:59:10 +0000] "GET /admin/users.php?find=hello HTTP/1.1" 200 659 "http://example.com" "Mozilla/5.0 (X11; Linux x86_64) AppleWebKit/537.36 (KHTML, like Gecko) Chrome/120.0.0.0 Safari/537.36"
172.16.0.15 - - [25/Jan/2024:16:59:17 +0000] "OPTIONS /user/settings.php?query=article&limit=88 HTTP/1.1" 200 217 "https://google.com" "Mozilla/5.0 (Windows NT 10.0; Win64; x64; rv:121.0) Gecko/20100101 Firefox/121.0"
172.16.0.10 - - [25/Jan/2024:16:59:24 +0000] "OPTIONS /contact.php?find=info&sort=32 HTTP/1.1" 200 4319 "http://example.com/search" "curl/7.68.0"
192.168.1.30 - - [25/Jan/2024:16:59:33 +0000] "DELETE /sitemap.xml?keyword=admin&limit=21 HTTP/1.1" 200 1081 "https://yandex.ru" "Mozilla/5.0 (iPhone; CPU iPhone OS 17_0 like Mac OS X) AppleWebKit/605.1.15 (KHTML, like Gecko) Version/17.0 Mobile/15E148 Safari/604.1"
172.16.0.15 - - [25/Jan/2024:16:59:37 +0000] "HEAD /products.php?find=display HTTP/1.1" 200 352 "http://example.com/search" "Mozilla/5.0 (Windows NT 10.0; Win64; x64; rv:121.0) Gecko/20100101 Firefox/121.0"
192.168.1.10 - - [25/Jan/2024:16:59:38 +0000] "POST /robots.txt HTTP/1.1" 200 3192 "http://example.com/search" "Googlebot/2.1"
198.51.100.1 - - [25/Jan/2024:16:59:41 +0000] "OPTIONS /admin/dashboard.php?lookup=list HTTP/1.1" 200 1253 "http://example.com" "Mozilla/5.0 (Android 13; Mobile; rv:121.0) Gecko/121.0 Firefox/121.0"
203.0.113.10 - - [25/Jan/2024:16:59:50 +0000] "OPTIONS /api/search HTTP/1.1" 200 205 "https://google.com" "python-requests/2.28.0"
203.0.113.10 - - [25/Jan/2024:16:59:54 +0000] "DELETE /admin/dashboard.php?search=about&page=91 HTTP/1.1" 302 0 "http://example.com/search" "Mozilla/5.0 (iPhone; CPU iPhone OS 17_0 like Mac OS X) AppleWebKit/605.1.15 (KHTML, like Gecko) Version/17.0 Mobile/15E148 Safari/604.1"
